Archive member included to satisfy reference by file (symbol)

c:/st/stm32cubeide_1.10.1/stm32cubeide/plugins/com.st.stm32cube.ide.mcu.externaltools.gnu-tools-for-stm32.10.3-2021.10.win32_1.0.0.202111181127/tools/bin/../lib/gcc/arm-none-eabi/10.3.1/../../../../arm-none-eabi/lib/thumb/v7e-m/nofp\libc_nano.a(lib_a-errno.o)
                              ./Src/syscalls.o (__errno)
c:/st/stm32cubeide_1.10.1/stm32cubeide/plugins/com.st.stm32cube.ide.mcu.externaltools.gnu-tools-for-stm32.10.3-2021.10.win32_1.0.0.202111181127/tools/bin/../lib/gcc/arm-none-eabi/10.3.1/../../../../arm-none-eabi/lib/thumb/v7e-m/nofp\libc_nano.a(lib_a-exit.o)
                              c:/st/stm32cubeide_1.10.1/stm32cubeide/plugins/com.st.stm32cube.ide.mcu.externaltools.gnu-tools-for-stm32.10.3-2021.10.win32_1.0.0.202111181127/tools/bin/../lib/gcc/arm-none-eabi/10.3.1/../../../../arm-none-eabi/lib/thumb/v7e-m/nofp/crt0.o (exit)
c:/st/stm32cubeide_1.10.1/stm32cubeide/plugins/com.st.stm32cube.ide.mcu.externaltools.gnu-tools-for-stm32.10.3-2021.10.win32_1.0.0.202111181127/tools/bin/../lib/gcc/arm-none-eabi/10.3.1/../../../../arm-none-eabi/lib/thumb/v7e-m/nofp\libc_nano.a(lib_a-impure.o)
                              c:/st/stm32cubeide_1.10.1/stm32cubeide/plugins/com.st.stm32cube.ide.mcu.externaltools.gnu-tools-for-stm32.10.3-2021.10.win32_1.0.0.202111181127/tools/bin/../lib/gcc/arm-none-eabi/10.3.1/../../../../arm-none-eabi/lib/thumb/v7e-m/nofp\libc_nano.a(lib_a-exit.o) (_global_impure_ptr)
c:/st/stm32cubeide_1.10.1/stm32cubeide/plugins/com.st.stm32cube.ide.mcu.externaltools.gnu-tools-for-stm32.10.3-2021.10.win32_1.0.0.202111181127/tools/bin/../lib/gcc/arm-none-eabi/10.3.1/../../../../arm-none-eabi/lib/thumb/v7e-m/nofp\libc_nano.a(lib_a-init.o)
                              c:/st/stm32cubeide_1.10.1/stm32cubeide/plugins/com.st.stm32cube.ide.mcu.externaltools.gnu-tools-for-stm32.10.3-2021.10.win32_1.0.0.202111181127/tools/bin/../lib/gcc/arm-none-eabi/10.3.1/../../../../arm-none-eabi/lib/thumb/v7e-m/nofp/crt0.o (__libc_init_array)
c:/st/stm32cubeide_1.10.1/stm32cubeide/plugins/com.st.stm32cube.ide.mcu.externaltools.gnu-tools-for-stm32.10.3-2021.10.win32_1.0.0.202111181127/tools/bin/../lib/gcc/arm-none-eabi/10.3.1/../../../../arm-none-eabi/lib/thumb/v7e-m/nofp\libc_nano.a(lib_a-memset.o)
                              c:/st/stm32cubeide_1.10.1/stm32cubeide/plugins/com.st.stm32cube.ide.mcu.externaltools.gnu-tools-for-stm32.10.3-2021.10.win32_1.0.0.202111181127/tools/bin/../lib/gcc/arm-none-eabi/10.3.1/../../../../arm-none-eabi/lib/thumb/v7e-m/nofp/crt0.o (memset)
c:/st/stm32cubeide_1.10.1/stm32cubeide/plugins/com.st.stm32cube.ide.mcu.externaltools.gnu-tools-for-stm32.10.3-2021.10.win32_1.0.0.202111181127/tools/bin/../lib/gcc/arm-none-eabi/10.3.1/../../../../arm-none-eabi/lib/thumb/v7e-m/nofp\libc_nano.a(lib_a-strlen.o)
                              ./Src/USART_Test.o (strlen)

Discarded input sections

 .text          0x0000000000000000        0x0 c:/st/stm32cubeide_1.10.1/stm32cubeide/plugins/com.st.stm32cube.ide.mcu.externaltools.gnu-tools-for-stm32.10.3-2021.10.win32_1.0.0.202111181127/tools/bin/../lib/gcc/arm-none-eabi/10.3.1/thumb/v7e-m/nofp/crti.o
 .data          0x0000000000000000        0x0 c:/st/stm32cubeide_1.10.1/stm32cubeide/plugins/com.st.stm32cube.ide.mcu.externaltools.gnu-tools-for-stm32.10.3-2021.10.win32_1.0.0.202111181127/tools/bin/../lib/gcc/arm-none-eabi/10.3.1/thumb/v7e-m/nofp/crti.o
 .bss           0x0000000000000000        0x0 c:/st/stm32cubeide_1.10.1/stm32cubeide/plugins/com.st.stm32cube.ide.mcu.externaltools.gnu-tools-for-stm32.10.3-2021.10.win32_1.0.0.202111181127/tools/bin/../lib/gcc/arm-none-eabi/10.3.1/thumb/v7e-m/nofp/crti.o
 .data          0x0000000000000000        0x4 c:/st/stm32cubeide_1.10.1/stm32cubeide/plugins/com.st.stm32cube.ide.mcu.externaltools.gnu-tools-for-stm32.10.3-2021.10.win32_1.0.0.202111181127/tools/bin/../lib/gcc/arm-none-eabi/10.3.1/thumb/v7e-m/nofp/crtbegin.o
 .rodata        0x0000000000000000       0x24 c:/st/stm32cubeide_1.10.1/stm32cubeide/plugins/com.st.stm32cube.ide.mcu.externaltools.gnu-tools-for-stm32.10.3-2021.10.win32_1.0.0.202111181127/tools/bin/../lib/gcc/arm-none-eabi/10.3.1/thumb/v7e-m/nofp/crtbegin.o
 .text          0x0000000000000000       0x7c c:/st/stm32cubeide_1.10.1/stm32cubeide/plugins/com.st.stm32cube.ide.mcu.externaltools.gnu-tools-for-stm32.10.3-2021.10.win32_1.0.0.202111181127/tools/bin/../lib/gcc/arm-none-eabi/10.3.1/../../../../arm-none-eabi/lib/thumb/v7e-m/nofp/crt0.o
 .data          0x0000000000000000        0x0 c:/st/stm32cubeide_1.10.1/stm32cubeide/plugins/com.st.stm32cube.ide.mcu.externaltools.gnu-tools-for-stm32.10.3-2021.10.win32_1.0.0.202111181127/tools/bin/../lib/gcc/arm-none-eabi/10.3.1/../../../../arm-none-eabi/lib/thumb/v7e-m/nofp/crt0.o
 .bss           0x0000000000000000        0x0 c:/st/stm32cubeide_1.10.1/stm32cubeide/plugins/com.st.stm32cube.ide.mcu.externaltools.gnu-tools-for-stm32.10.3-2021.10.win32_1.0.0.202111181127/tools/bin/../lib/gcc/arm-none-eabi/10.3.1/../../../../arm-none-eabi/lib/thumb/v7e-m/nofp/crt0.o
 .ARM.extab     0x0000000000000000        0x0 c:/st/stm32cubeide_1.10.1/stm32cubeide/plugins/com.st.stm32cube.ide.mcu.externaltools.gnu-tools-for-stm32.10.3-2021.10.win32_1.0.0.202111181127/tools/bin/../lib/gcc/arm-none-eabi/10.3.1/../../../../arm-none-eabi/lib/thumb/v7e-m/nofp/crt0.o
 .ARM.exidx     0x0000000000000000       0x10 c:/st/stm32cubeide_1.10.1/stm32cubeide/plugins/com.st.stm32cube.ide.mcu.externaltools.gnu-tools-for-stm32.10.3-2021.10.win32_1.0.0.202111181127/tools/bin/../lib/gcc/arm-none-eabi/10.3.1/../../../../arm-none-eabi/lib/thumb/v7e-m/nofp/crt0.o
 .ARM.attributes
                0x0000000000000000       0x1c c:/st/stm32cubeide_1.10.1/stm32cubeide/plugins/com.st.stm32cube.ide.mcu.externaltools.gnu-tools-for-stm32.10.3-2021.10.win32_1.0.0.202111181127/tools/bin/../lib/gcc/arm-none-eabi/10.3.1/../../../../arm-none-eabi/lib/thumb/v7e-m/nofp/crt0.o
 .group         0x0000000000000000        0xc ./Src/USART_Test.o
 .group         0x0000000000000000        0xc ./Src/USART_Test.o
 .group         0x0000000000000000        0xc ./Src/USART_Test.o
 .group         0x0000000000000000        0xc ./Src/USART_Test.o
 .group         0x0000000000000000        0xc ./Src/USART_Test.o
 .group         0x0000000000000000        0xc ./Src/USART_Test.o
 .group         0x0000000000000000        0xc ./Src/USART_Test.o
 .group         0x0000000000000000        0xc ./Src/USART_Test.o
 .group         0x0000000000000000        0xc ./Src/USART_Test.o
 .group         0x0000000000000000        0xc ./Src/USART_Test.o
 .group         0x0000000000000000        0xc ./Src/USART_Test.o
 .group         0x0000000000000000        0xc ./Src/USART_Test.o
 .group         0x0000000000000000        0xc ./Src/USART_Test.o
 .group         0x0000000000000000        0xc ./Src/USART_Test.o
 .group         0x0000000000000000        0xc ./Src/USART_Test.o
 .group         0x0000000000000000        0xc ./Src/USART_Test.o
 .group         0x0000000000000000        0xc ./Src/USART_Test.o
 .group         0x0000000000000000        0xc ./Src/USART_Test.o
 .group         0x0000000000000000        0xc ./Src/USART_Test.o
 .group         0x0000000000000000        0xc ./Src/USART_Test.o
 .group         0x0000000000000000        0xc ./Src/USART_Test.o
 .group         0x0000000000000000        0xc ./Src/USART_Test.o
 .group         0x0000000000000000        0xc ./Src/USART_Test.o
 .group         0x0000000000000000        0xc ./Src/USART_Test.o
 .group         0x0000000000000000        0xc ./Src/USART_Test.o
 .group         0x0000000000000000        0xc ./Src/USART_Test.o
 .group         0x0000000000000000        0xc ./Src/USART_Test.o
 .group         0x0000000000000000        0xc ./Src/USART_Test.o
 .group         0x0000000000000000        0xc ./Src/USART_Test.o
 .group         0x0000000000000000        0xc ./Src/USART_Test.o
 .text          0x0000000000000000        0x0 ./Src/USART_Test.o
 .data          0x0000000000000000        0x0 ./Src/USART_Test.o
 .bss           0x0000000000000000        0x0 ./Src/USART_Test.o
 .group         0x0000000000000000        0xc ./Src/syscalls.o
 .group         0x0000000000000000        0xc ./Src/syscalls.o
 .group         0x0000000000000000        0xc ./Src/syscalls.o
 .group         0x0000000000000000        0xc ./Src/syscalls.o
 .group         0x0000000000000000        0xc ./Src/syscalls.o
 .group         0x0000000000000000        0xc ./Src/syscalls.o
 .group         0x0000000000000000        0xc ./Src/syscalls.o
 .group         0x0000000000000000        0xc ./Src/syscalls.o
 .group         0x0000000000000000        0xc ./Src/syscalls.o
 .group         0x0000000000000000        0xc ./Src/syscalls.o
 .group         0x0000000000000000        0xc ./Src/syscalls.o
 .group         0x0000000000000000        0xc ./Src/syscalls.o
 .group         0x0000000000000000        0xc ./Src/syscalls.o
 .group         0x0000000000000000        0xc ./Src/syscalls.o
 .group         0x0000000000000000        0xc ./Src/syscalls.o
 .group         0x0000000000000000        0xc ./Src/syscalls.o
 .group         0x0000000000000000        0xc ./Src/syscalls.o
 .group         0x0000000000000000        0xc ./Src/syscalls.o
 .group         0x0000000000000000        0xc ./Src/syscalls.o
 .group         0x0000000000000000        0xc ./Src/syscalls.o
 .group         0x0000000000000000        0xc ./Src/syscalls.o
 .group         0x0000000000000000        0xc ./Src/syscalls.o
 .group         0x0000000000000000        0xc ./Src/syscalls.o
 .group         0x0000000000000000        0xc ./Src/syscalls.o
 .group         0x0000000000000000        0xc ./Src/syscalls.o
 .group         0x0000000000000000        0xc ./Src/syscalls.o
 .group         0x0000000000000000        0xc ./Src/syscalls.o
 .group         0x0000000000000000        0xc ./Src/syscalls.o
 .group         0x0000000000000000        0xc ./Src/syscalls.o
 .group         0x0000000000000000        0xc ./Src/syscalls.o
 .group         0x0000000000000000        0xc ./Src/syscalls.o
 .group         0x0000000000000000        0xc ./Src/syscalls.o
 .group         0x0000000000000000        0xc ./Src/syscalls.o
 .group         0x0000000000000000        0xc ./Src/syscalls.o
 .group         0x0000000000000000        0xc ./Src/syscalls.o
 .group         0x0000000000000000        0xc ./Src/syscalls.o
 .group         0x0000000000000000        0xc ./Src/syscalls.o
 .group         0x0000000000000000        0xc ./Src/syscalls.o
 .group         0x0000000000000000        0xc ./Src/syscalls.o
 .group         0x0000000000000000        0xc ./Src/syscalls.o
 .group         0x0000000000000000        0xc ./Src/syscalls.o
 .group         0x0000000000000000        0xc ./Src/syscalls.o
 .group         0x0000000000000000        0xc ./Src/syscalls.o
 .group         0x0000000000000000        0xc ./Src/syscalls.o
 .group         0x0000000000000000        0xc ./Src/syscalls.o
 .group         0x0000000000000000        0xc ./Src/syscalls.o
 .group         0x0000000000000000        0xc ./Src/syscalls.o
 .text          0x0000000000000000        0x0 ./Src/syscalls.o
 .data          0x0000000000000000        0x0 ./Src/syscalls.o
 .bss           0x0000000000000000        0x0 ./Src/syscalls.o
 .bss.__env     0x0000000000000000        0x4 ./Src/syscalls.o
 .data.environ  0x0000000000000000        0x4 ./Src/syscalls.o
 .text.initialise_monitor_handles
                0x0000000000000000        0xc ./Src/syscalls.o
 .text._getpid  0x0000000000000000        0xe ./Src/syscalls.o
 .text._kill    0x0000000000000000       0x20 ./Src/syscalls.o
 .text._exit    0x0000000000000000       0x14 ./Src/syscalls.o
 .text._read    0x0000000000000000       0x3a ./Src/syscalls.o
 .text._write   0x0000000000000000       0x38 ./Src/syscalls.o
 .text._close   0x0000000000000000       0x16 ./Src/syscalls.o
 .text._fstat   0x0000000000000000       0x1e ./Src/syscalls.o
 .text._isatty  0x0000000000000000       0x14 ./Src/syscalls.o
 .text._lseek   0x0000000000000000       0x18 ./Src/syscalls.o
 .text._open    0x0000000000000000       0x1a ./Src/syscalls.o
 .text._wait    0x0000000000000000       0x1e ./Src/syscalls.o
 .text._unlink  0x0000000000000000       0x1e ./Src/syscalls.o
 .text._times   0x0000000000000000       0x16 ./Src/syscalls.o
 .text._stat    0x0000000000000000       0x1e ./Src/syscalls.o
 .text._link    0x0000000000000000       0x20 ./Src/syscalls.o
 .text._fork    0x0000000000000000       0x16 ./Src/syscalls.o
 .text._execve  0x0000000000000000       0x22 ./Src/syscalls.o
 .debug_info    0x0000000000000000      0x6e0 ./Src/syscalls.o
 .debug_abbrev  0x0000000000000000      0x1b3 ./Src/syscalls.o
 .debug_aranges
                0x0000000000000000       0xa8 ./Src/syscalls.o
 .debug_ranges  0x0000000000000000       0x98 ./Src/syscalls.o
 .debug_macro   0x0000000000000000      0x24c ./Src/syscalls.o
 .debug_macro   0x0000000000000000      0xa78 ./Src/syscalls.o
 .debug_macro   0x0000000000000000       0x22 ./Src/syscalls.o
 .debug_macro   0x0000000000000000       0x4c ./Src/syscalls.o
 .debug_macro   0x0000000000000000       0x18 ./Src/syscalls.o
 .debug_macro   0x0000000000000000       0x94 ./Src/syscalls.o
 .debug_macro   0x0000000000000000       0x3c ./Src/syscalls.o
 .debug_macro   0x0000000000000000       0x34 ./Src/syscalls.o
 .debug_macro   0x0000000000000000       0x57 ./Src/syscalls.o
 .debug_macro   0x0000000000000000      0x174 ./Src/syscalls.o
 .debug_macro   0x0000000000000000      0x341 ./Src/syscalls.o
 .debug_macro   0x0000000000000000       0x16 ./Src/syscalls.o
 .debug_macro   0x0000000000000000       0x43 ./Src/syscalls.o
 .debug_macro   0x0000000000000000       0x34 ./Src/syscalls.o
 .debug_macro   0x0000000000000000       0x10 ./Src/syscalls.o
 .debug_macro   0x0000000000000000       0x58 ./Src/syscalls.o
 .debug_macro   0x0000000000000000       0x71 ./Src/syscalls.o
 .debug_macro   0x0000000000000000       0x1c ./Src/syscalls.o
 .debug_macro   0x0000000000000000      0x12a ./Src/syscalls.o
 .debug_macro   0x0000000000000000       0x10 ./Src/syscalls.o
 .debug_macro   0x0000000000000000       0x35 ./Src/syscalls.o
 .debug_macro   0x0000000000000000       0x10 ./Src/syscalls.o
 .debug_macro   0x0000000000000000       0x10 ./Src/syscalls.o
 .debug_macro   0x0000000000000000       0x10 ./Src/syscalls.o
 .debug_macro   0x0000000000000000       0x6a ./Src/syscalls.o
 .debug_macro   0x0000000000000000       0x1c ./Src/syscalls.o
 .debug_macro   0x0000000000000000       0x52 ./Src/syscalls.o
 .debug_macro   0x0000000000000000       0x22 ./Src/syscalls.o
 .debug_macro   0x0000000000000000       0x10 ./Src/syscalls.o
 .debug_macro   0x0000000000000000       0x52 ./Src/syscalls.o
 .debug_macro   0x0000000000000000       0xd5 ./Src/syscalls.o
 .debug_macro   0x0000000000000000       0x1c ./Src/syscalls.o
 .debug_macro   0x0000000000000000       0x3d ./Src/syscalls.o
 .debug_macro   0x0000000000000000       0x35 ./Src/syscalls.o
 .debug_macro   0x0000000000000000      0x12c ./Src/syscalls.o
 .debug_macro   0x0000000000000000       0x16 ./Src/syscalls.o
 .debug_macro   0x0000000000000000       0x16 ./Src/syscalls.o
 .debug_macro   0x0000000000000000       0x29 ./Src/syscalls.o
 .debug_macro   0x0000000000000000       0x10 ./Src/syscalls.o
 .debug_macro   0x0000000000000000      0x241 ./Src/syscalls.o
 .debug_macro   0x0000000000000000       0x1c ./Src/syscalls.o
 .debug_macro   0x0000000000000000       0x10 ./Src/syscalls.o
 .debug_macro   0x0000000000000000       0x10 ./Src/syscalls.o
 .debug_macro   0x0000000000000000       0x16 ./Src/syscalls.o
 .debug_macro   0x0000000000000000      0x145 ./Src/syscalls.o
 .debug_macro   0x0000000000000000      0x189 ./Src/syscalls.o
 .debug_macro   0x0000000000000000       0x16 ./Src/syscalls.o
 .debug_macro   0x0000000000000000       0xce ./Src/syscalls.o
 .debug_line    0x0000000000000000      0x7ef ./Src/syscalls.o
 .debug_str     0x0000000000000000     0x8a4b ./Src/syscalls.o
 .comment       0x0000000000000000       0x51 ./Src/syscalls.o
 .debug_frame   0x0000000000000000      0x2ac ./Src/syscalls.o
 .ARM.attributes
                0x0000000000000000       0x2e ./Src/syscalls.o
 .group         0x0000000000000000        0xc ./Src/sysmem.o
 .group         0x0000000000000000        0xc ./Src/sysmem.o
 .group         0x0000000000000000        0xc ./Src/sysmem.o
 .group         0x0000000000000000        0xc ./Src/sysmem.o
 .group         0x0000000000000000        0xc ./Src/sysmem.o
 .group         0x0000000000000000        0xc ./Src/sysmem.o
 .group         0x0000000000000000        0xc ./Src/sysmem.o
 .group         0x0000000000000000        0xc ./Src/sysmem.o
 .group         0x0000000000000000        0xc ./Src/sysmem.o
 .group         0x0000000000000000        0xc ./Src/sysmem.o
 .group         0x0000000000000000        0xc ./Src/sysmem.o
 .group         0x0000000000000000        0xc ./Src/sysmem.o
 .group         0x0000000000000000        0xc ./Src/sysmem.o
 .group         0x0000000000000000        0xc ./Src/sysmem.o
 .group         0x0000000000000000        0xc ./Src/sysmem.o
 .group         0x0000000000000000        0xc ./Src/sysmem.o
 .group         0x0000000000000000        0xc ./Src/sysmem.o
 .group         0x0000000000000000        0xc ./Src/sysmem.o
 .group         0x0000000000000000        0xc ./Src/sysmem.o
 .group         0x0000000000000000        0xc ./Src/sysmem.o
 .group         0x0000000000000000        0xc ./Src/sysmem.o
 .group         0x0000000000000000        0xc ./Src/sysmem.o
 .text          0x0000000000000000        0x0 ./Src/sysmem.o
 .data          0x0000000000000000        0x0 ./Src/sysmem.o
 .bss           0x0000000000000000        0x0 ./Src/sysmem.o
 .bss.__sbrk_heap_end
                0x0000000000000000        0x4 ./Src/sysmem.o
 .text._sbrk    0x0000000000000000       0x6c ./Src/sysmem.o
 .debug_info    0x0000000000000000      0x171 ./Src/sysmem.o
 .debug_abbrev  0x0000000000000000       0xbb ./Src/sysmem.o
 .debug_aranges
                0x0000000000000000       0x20 ./Src/sysmem.o
 .debug_ranges  0x0000000000000000       0x10 ./Src/sysmem.o
 .debug_macro   0x0000000000000000       0xff ./Src/sysmem.o
 .debug_macro   0x0000000000000000      0xa78 ./Src/sysmem.o
 .debug_macro   0x0000000000000000       0x10 ./Src/sysmem.o
 .debug_macro   0x0000000000000000       0x22 ./Src/sysmem.o
 .debug_macro   0x0000000000000000       0x4c ./Src/sysmem.o
 .debug_macro   0x0000000000000000       0x18 ./Src/sysmem.o
 .debug_macro   0x0000000000000000       0x94 ./Src/sysmem.o
 .debug_macro   0x0000000000000000       0x3c ./Src/sysmem.o
 .debug_macro   0x0000000000000000       0x34 ./Src/sysmem.o
 .debug_macro   0x0000000000000000      0x174 ./Src/sysmem.o
 .debug_macro   0x0000000000000000       0x16 ./Src/sysmem.o
 .debug_macro   0x0000000000000000       0x43 ./Src/sysmem.o
 .debug_macro   0x0000000000000000       0x57 ./Src/sysmem.o
 .debug_macro   0x0000000000000000       0x34 ./Src/sysmem.o
 .debug_macro   0x0000000000000000       0x10 ./Src/sysmem.o
 .debug_macro   0x0000000000000000       0x58 ./Src/sysmem.o
 .debug_macro   0x0000000000000000       0x71 ./Src/sysmem.o
 .debug_macro   0x0000000000000000       0x1c ./Src/sysmem.o
 .debug_macro   0x0000000000000000      0x12a ./Src/sysmem.o
 .debug_macro   0x0000000000000000      0x23b ./Src/sysmem.o
 .debug_macro   0x0000000000000000      0x103 ./Src/sysmem.o
 .debug_macro   0x0000000000000000       0x6a ./Src/sysmem.o
 .debug_macro   0x0000000000000000      0x1df ./Src/sysmem.o
 .debug_line    0x0000000000000000      0x4e5 ./Src/sysmem.o
 .debug_str     0x0000000000000000     0x5d87 ./Src/sysmem.o
 .comment       0x0000000000000000       0x51 ./Src/sysmem.o
 .debug_frame   0x0000000000000000       0x34 ./Src/sysmem.o
 .ARM.attributes
                0x0000000000000000       0x2e ./Src/sysmem.o
 .text          0x0000000000000000       0x14 ./Startup/startup_stm32f407vgtx.o
 .data          0x0000000000000000        0x0 ./Startup/startup_stm32f407vgtx.o
 .bss           0x0000000000000000        0x0 ./Startup/startup_stm32f407vgtx.o
 .group         0x0000000000000000        0xc ./myDrivers/Src/EXTI.o
 .group         0x0000000000000000        0xc ./myDrivers/Src/EXTI.o
 .group         0x0000000000000000        0xc ./myDrivers/Src/EXTI.o
 .group         0x0000000000000000        0xc ./myDrivers/Src/EXTI.o
 .group         0x0000000000000000        0xc ./myDrivers/Src/EXTI.o
 .group         0x0000000000000000        0xc ./myDrivers/Src/EXTI.o
 .group         0x0000000000000000        0xc ./myDrivers/Src/EXTI.o
 .group         0x0000000000000000        0xc ./myDrivers/Src/EXTI.o
 .group         0x0000000000000000        0xc ./myDrivers/Src/EXTI.o
 .group         0x0000000000000000        0xc ./myDrivers/Src/EXTI.o
 .group         0x0000000000000000        0xc ./myDrivers/Src/EXTI.o
 .group         0x0000000000000000        0xc ./myDrivers/Src/EXTI.o
 .group         0x0000000000000000        0xc ./myDrivers/Src/EXTI.o
 .group         0x0000000000000000        0xc ./myDrivers/Src/EXTI.o
 .group         0x0000000000000000        0xc ./myDrivers/Src/EXTI.o
 .group         0x0000000000000000        0xc ./myDrivers/Src/EXTI.o
 .group         0x0000000000000000        0xc ./myDrivers/Src/EXTI.o
 .group         0x0000000000000000        0xc ./myDrivers/Src/EXTI.o
 .group         0x0000000000000000        0xc ./myDrivers/Src/EXTI.o
 .group         0x0000000000000000        0xc ./myDrivers/Src/EXTI.o
 .group         0x0000000000000000        0xc ./myDrivers/Src/EXTI.o
 .group         0x0000000000000000        0xc ./myDrivers/Src/EXTI.o
 .group         0x0000000000000000        0xc ./myDrivers/Src/EXTI.o
 .group         0x0000000000000000        0xc ./myDrivers/Src/EXTI.o
 .group         0x0000000000000000        0xc ./myDrivers/Src/EXTI.o
 .group         0x0000000000000000        0xc ./myDrivers/Src/EXTI.o
 .group         0x0000000000000000        0xc ./myDrivers/Src/EXTI.o
 .group         0x0000000000000000        0xc ./myDrivers/Src/EXTI.o
 .group         0x0000000000000000        0xc ./myDrivers/Src/EXTI.o
 .group         0x0000000000000000        0xc ./myDrivers/Src/EXTI.o
 .text          0x0000000000000000        0x0 ./myDrivers/Src/EXTI.o
 .data          0x0000000000000000        0x0 ./myDrivers/Src/EXTI.o
 .bss           0x0000000000000000        0x0 ./myDrivers/Src/EXTI.o
 .text.EXTI_Init
                0x0000000000000000      0x120 ./myDrivers/Src/EXTI.o
 .text.EXTI_LineConfig
                0x0000000000000000       0x68 ./myDrivers/Src/EXTI.o
 .text.NVIC_EnableInterrupt
                0x0000000000000000       0x66 ./myDrivers/Src/EXTI.o
 .debug_info    0x0000000000000000      0x2d9 ./myDrivers/Src/EXTI.o
 .debug_abbrev  0x0000000000000000       0xe9 ./myDrivers/Src/EXTI.o
 .debug_aranges
                0x0000000000000000       0x30 ./myDrivers/Src/EXTI.o
 .debug_ranges  0x0000000000000000       0x20 ./myDrivers/Src/EXTI.o
 .debug_macro   0x0000000000000000      0x18f ./myDrivers/Src/EXTI.o
 .debug_macro   0x0000000000000000      0xa78 ./myDrivers/Src/EXTI.o
 .debug_macro   0x0000000000000000       0x22 ./myDrivers/Src/EXTI.o
 .debug_macro   0x0000000000000000       0x8e ./myDrivers/Src/EXTI.o
 .debug_macro   0x0000000000000000       0x51 ./myDrivers/Src/EXTI.o
 .debug_macro   0x0000000000000000      0x103 ./myDrivers/Src/EXTI.o
 .debug_macro   0x0000000000000000       0x6a ./myDrivers/Src/EXTI.o
 .debug_macro   0x0000000000000000      0x1df ./myDrivers/Src/EXTI.o
 .debug_macro   0x0000000000000000       0x52 ./myDrivers/Src/EXTI.o
 .debug_macro   0x0000000000000000       0x18 ./myDrivers/Src/EXTI.o
 .debug_macro   0x0000000000000000       0x3c ./myDrivers/Src/EXTI.o
 .debug_macro   0x0000000000000000       0x34 ./myDrivers/Src/EXTI.o
 .debug_macro   0x0000000000000000      0x174 ./myDrivers/Src/EXTI.o
 .debug_macro   0x0000000000000000       0x16 ./myDrivers/Src/EXTI.o
 .debug_macro   0x0000000000000000       0x43 ./myDrivers/Src/EXTI.o
 .debug_macro   0x0000000000000000       0x34 ./myDrivers/Src/EXTI.o
 .debug_macro   0x0000000000000000       0x10 ./myDrivers/Src/EXTI.o
 .debug_macro   0x0000000000000000       0x58 ./myDrivers/Src/EXTI.o
 .debug_macro   0x0000000000000000       0x71 ./myDrivers/Src/EXTI.o
 .debug_macro   0x0000000000000000       0x1c ./myDrivers/Src/EXTI.o
 .debug_macro   0x0000000000000000      0x12a ./myDrivers/Src/EXTI.o
 .debug_macro   0x0000000000000000      0x341 ./myDrivers/Src/EXTI.o
 .debug_macro   0x0000000000000000       0x10 ./myDrivers/Src/EXTI.o
 .debug_macro   0x0000000000000000       0x35 ./myDrivers/Src/EXTI.o
 .debug_macro   0x0000000000000000       0x20 ./myDrivers/Src/EXTI.o
 .debug_macro   0x0000000000000000      0x2c1 ./myDrivers/Src/EXTI.o
 .debug_macro   0x0000000000000000       0x7c ./myDrivers/Src/EXTI.o
 .debug_macro   0x0000000000000000      0x11e ./myDrivers/Src/EXTI.o
 .debug_macro   0x0000000000000000       0x9a ./myDrivers/Src/EXTI.o
 .debug_macro   0x0000000000000000       0x82 ./myDrivers/Src/EXTI.o
 .debug_macro   0x0000000000000000       0xb2 ./myDrivers/Src/EXTI.o
 .debug_line    0x0000000000000000      0x6b6 ./myDrivers/Src/EXTI.o
 .debug_str     0x0000000000000000     0x9a53 ./myDrivers/Src/EXTI.o
 .comment       0x0000000000000000       0x51 ./myDrivers/Src/EXTI.o
 .debug_frame   0x0000000000000000       0x88 ./myDrivers/Src/EXTI.o
 .ARM.attributes
                0x0000000000000000       0x2e ./myDrivers/Src/EXTI.o
 .group         0x0000000000000000        0xc ./myDrivers/Src/GPIO.o
 .group         0x0000000000000000        0xc ./myDrivers/Src/GPIO.o
 .group         0x0000000000000000        0xc ./myDrivers/Src/GPIO.o
 .group         0x0000000000000000        0xc ./myDrivers/Src/GPIO.o
 .group         0x0000000000000000        0xc ./myDrivers/Src/GPIO.o
 .group         0x0000000000000000        0xc ./myDrivers/Src/GPIO.o
 .group         0x0000000000000000        0xc ./myDrivers/Src/GPIO.o
 .group         0x0000000000000000        0xc ./myDrivers/Src/GPIO.o
 .group         0x0000000000000000        0xc ./myDrivers/Src/GPIO.o
 .group         0x0000000000000000        0xc ./myDrivers/Src/GPIO.o
 .group         0x0000000000000000        0xc ./myDrivers/Src/GPIO.o
 .group         0x0000000000000000        0xc ./myDrivers/Src/GPIO.o
 .group         0x0000000000000000        0xc ./myDrivers/Src/GPIO.o
 .group         0x0000000000000000        0xc ./myDrivers/Src/GPIO.o
 .group         0x0000000000000000        0xc ./myDrivers/Src/GPIO.o
 .group         0x0000000000000000        0xc ./myDrivers/Src/GPIO.o
 .group         0x0000000000000000        0xc ./myDrivers/Src/GPIO.o
 .group         0x0000000000000000        0xc ./myDrivers/Src/GPIO.o
 .group         0x0000000000000000        0xc ./myDrivers/Src/GPIO.o
 .group         0x0000000000000000        0xc ./myDrivers/Src/GPIO.o
 .group         0x0000000000000000        0xc ./myDrivers/Src/GPIO.o
 .group         0x0000000000000000        0xc ./myDrivers/Src/GPIO.o
 .group         0x0000000000000000        0xc ./myDrivers/Src/GPIO.o
 .group         0x0000000000000000        0xc ./myDrivers/Src/GPIO.o
 .group         0x0000000000000000        0xc ./myDrivers/Src/GPIO.o
 .group         0x0000000000000000        0xc ./myDrivers/Src/GPIO.o
 .group         0x0000000000000000        0xc ./myDrivers/Src/GPIO.o
 .group         0x0000000000000000        0xc ./myDrivers/Src/GPIO.o
 .group         0x0000000000000000        0xc ./myDrivers/Src/GPIO.o
 .group         0x0000000000000000        0xc ./myDrivers/Src/GPIO.o
 .text          0x0000000000000000        0x0 ./myDrivers/Src/GPIO.o
 .data          0x0000000000000000        0x0 ./myDrivers/Src/GPIO.o
 .bss           0x0000000000000000        0x0 ./myDrivers/Src/GPIO.o
 .text.GPIO_WritePin
                0x0000000000000000       0x32 ./myDrivers/Src/GPIO.o
 .text.GPIO_ReadPin
                0x0000000000000000       0x2c ./myDrivers/Src/GPIO.o
 .text.GPIO_LockPin
                0x0000000000000000       0x36 ./myDrivers/Src/GPIO.o
 .text.GPIO_TogglePin
                0x0000000000000000       0x32 ./myDrivers/Src/GPIO.o
 .debug_macro   0x0000000000000000      0xa78 ./myDrivers/Src/GPIO.o
 .debug_macro   0x0000000000000000       0x22 ./myDrivers/Src/GPIO.o
 .debug_macro   0x0000000000000000       0x8e ./myDrivers/Src/GPIO.o
 .debug_macro   0x0000000000000000       0x51 ./myDrivers/Src/GPIO.o
 .debug_macro   0x0000000000000000      0x103 ./myDrivers/Src/GPIO.o
 .debug_macro   0x0000000000000000       0x6a ./myDrivers/Src/GPIO.o
 .debug_macro   0x0000000000000000      0x1df ./myDrivers/Src/GPIO.o
 .debug_macro   0x0000000000000000       0x52 ./myDrivers/Src/GPIO.o
 .debug_macro   0x0000000000000000       0x18 ./myDrivers/Src/GPIO.o
 .debug_macro   0x0000000000000000       0x3c ./myDrivers/Src/GPIO.o
 .debug_macro   0x0000000000000000       0x34 ./myDrivers/Src/GPIO.o
 .debug_macro   0x0000000000000000      0x174 ./myDrivers/Src/GPIO.o
 .debug_macro   0x0000000000000000       0x16 ./myDrivers/Src/GPIO.o
 .debug_macro   0x0000000000000000       0x43 ./myDrivers/Src/GPIO.o
 .debug_macro   0x0000000000000000       0x34 ./myDrivers/Src/GPIO.o
 .debug_macro   0x0000000000000000       0x10 ./myDrivers/Src/GPIO.o
 .debug_macro   0x0000000000000000       0x58 ./myDrivers/Src/GPIO.o
 .debug_macro   0x0000000000000000       0x71 ./myDrivers/Src/GPIO.o
 .debug_macro   0x0000000000000000       0x1c ./myDrivers/Src/GPIO.o
 .debug_macro   0x0000000000000000      0x12a ./myDrivers/Src/GPIO.o
 .debug_macro   0x0000000000000000      0x341 ./myDrivers/Src/GPIO.o
 .debug_macro   0x0000000000000000       0x10 ./myDrivers/Src/GPIO.o
 .debug_macro   0x0000000000000000       0x35 ./myDrivers/Src/GPIO.o
 .debug_macro   0x0000000000000000       0x20 ./myDrivers/Src/GPIO.o
 .debug_macro   0x0000000000000000      0x2c1 ./myDrivers/Src/GPIO.o
 .debug_macro   0x0000000000000000       0x7c ./myDrivers/Src/GPIO.o
 .debug_macro   0x0000000000000000       0xb8 ./myDrivers/Src/GPIO.o
 .debug_macro   0x0000000000000000       0x9a ./myDrivers/Src/GPIO.o
 .debug_macro   0x0000000000000000       0x82 ./myDrivers/Src/GPIO.o
 .group         0x0000000000000000        0xc ./myDrivers/Src/RCC.o
 .group         0x0000000000000000        0xc ./myDrivers/Src/RCC.o
 .group         0x0000000000000000        0xc ./myDrivers/Src/RCC.o
 .group         0x0000000000000000        0xc ./myDrivers/Src/RCC.o
 .group         0x0000000000000000        0xc ./myDrivers/Src/RCC.o
 .group         0x0000000000000000        0xc ./myDrivers/Src/RCC.o
 .group         0x0000000000000000        0xc ./myDrivers/Src/RCC.o
 .group         0x0000000000000000        0xc ./myDrivers/Src/RCC.o
 .group         0x0000000000000000        0xc ./myDrivers/Src/RCC.o
 .group         0x0000000000000000        0xc ./myDrivers/Src/RCC.o
 .group         0x0000000000000000        0xc ./myDrivers/Src/RCC.o
 .group         0x0000000000000000        0xc ./myDrivers/Src/RCC.o
 .group         0x0000000000000000        0xc ./myDrivers/Src/RCC.o
 .group         0x0000000000000000        0xc ./myDrivers/Src/RCC.o
 .group         0x0000000000000000        0xc ./myDrivers/Src/RCC.o
 .group         0x0000000000000000        0xc ./myDrivers/Src/RCC.o
 .group         0x0000000000000000        0xc ./myDrivers/Src/RCC.o
 .group         0x0000000000000000        0xc ./myDrivers/Src/RCC.o
 .group         0x0000000000000000        0xc ./myDrivers/Src/RCC.o
 .group         0x0000000000000000        0xc ./myDrivers/Src/RCC.o
 .group         0x0000000000000000        0xc ./myDrivers/Src/RCC.o
 .group         0x0000000000000000        0xc ./myDrivers/Src/RCC.o
 .group         0x0000000000000000        0xc ./myDrivers/Src/RCC.o
 .group         0x0000000000000000        0xc ./myDrivers/Src/RCC.o
 .group         0x0000000000000000        0xc ./myDrivers/Src/RCC.o
 .group         0x0000000000000000        0xc ./myDrivers/Src/RCC.o
 .group         0x0000000000000000        0xc ./myDrivers/Src/RCC.o
 .group         0x0000000000000000        0xc ./myDrivers/Src/RCC.o
 .group         0x0000000000000000        0xc ./myDrivers/Src/RCC.o
 .group         0x0000000000000000        0xc ./myDrivers/Src/RCC.o
 .text          0x0000000000000000        0x0 ./myDrivers/Src/RCC.o
 .data          0x0000000000000000        0x0 ./myDrivers/Src/RCC.o
 .bss           0x0000000000000000        0x0 ./myDrivers/Src/RCC.o
 .debug_macro   0x0000000000000000      0xa78 ./myDrivers/Src/RCC.o
 .debug_macro   0x0000000000000000       0x22 ./myDrivers/Src/RCC.o
 .debug_macro   0x0000000000000000       0x8e ./myDrivers/Src/RCC.o
 .debug_macro   0x0000000000000000       0x51 ./myDrivers/Src/RCC.o
 .debug_macro   0x0000000000000000      0x103 ./myDrivers/Src/RCC.o
 .debug_macro   0x0000000000000000       0x6a ./myDrivers/Src/RCC.o
 .debug_macro   0x0000000000000000      0x1df ./myDrivers/Src/RCC.o
 .debug_macro   0x0000000000000000       0x52 ./myDrivers/Src/RCC.o
 .debug_macro   0x0000000000000000       0x18 ./myDrivers/Src/RCC.o
 .debug_macro   0x0000000000000000       0x3c ./myDrivers/Src/RCC.o
 .debug_macro   0x0000000000000000       0x34 ./myDrivers/Src/RCC.o
 .debug_macro   0x0000000000000000      0x174 ./myDrivers/Src/RCC.o
 .debug_macro   0x0000000000000000       0x16 ./myDrivers/Src/RCC.o
 .debug_macro   0x0000000000000000       0x43 ./myDrivers/Src/RCC.o
 .debug_macro   0x0000000000000000       0x34 ./myDrivers/Src/RCC.o
 .debug_macro   0x0000000000000000       0x10 ./myDrivers/Src/RCC.o
 .debug_macro   0x0000000000000000       0x58 ./myDrivers/Src/RCC.o
 .debug_macro   0x0000000000000000       0x71 ./myDrivers/Src/RCC.o
 .debug_macro   0x0000000000000000       0x1c ./myDrivers/Src/RCC.o
 .debug_macro   0x0000000000000000      0x12a ./myDrivers/Src/RCC.o
 .debug_macro   0x0000000000000000      0x341 ./myDrivers/Src/RCC.o
 .debug_macro   0x0000000000000000       0x10 ./myDrivers/Src/RCC.o
 .debug_macro   0x0000000000000000       0x35 ./myDrivers/Src/RCC.o
 .debug_macro   0x0000000000000000       0x20 ./myDrivers/Src/RCC.o
 .debug_macro   0x0000000000000000      0x2c1 ./myDrivers/Src/RCC.o
 .debug_macro   0x0000000000000000      0x118 ./myDrivers/Src/RCC.o
 .debug_macro   0x0000000000000000       0xb8 ./myDrivers/Src/RCC.o
 .debug_macro   0x0000000000000000       0x9a ./myDrivers/Src/RCC.o
 .debug_macro   0x0000000000000000       0x82 ./myDrivers/Src/RCC.o
 .debug_macro   0x0000000000000000       0x7c ./myDrivers/Src/RCC.o
 .group         0x0000000000000000        0xc ./myDrivers/Src/SPI.o
 .group         0x0000000000000000        0xc ./myDrivers/Src/SPI.o
 .group         0x0000000000000000        0xc ./myDrivers/Src/SPI.o
 .group         0x0000000000000000        0xc ./myDrivers/Src/SPI.o
 .group         0x0000000000000000        0xc ./myDrivers/Src/SPI.o
 .group         0x0000000000000000        0xc ./myDrivers/Src/SPI.o
 .group         0x0000000000000000        0xc ./myDrivers/Src/SPI.o
 .group         0x0000000000000000        0xc ./myDrivers/Src/SPI.o
 .group         0x0000000000000000        0xc ./myDrivers/Src/SPI.o
 .group         0x0000000000000000        0xc ./myDrivers/Src/SPI.o
 .group         0x0000000000000000        0xc ./myDrivers/Src/SPI.o
 .group         0x0000000000000000        0xc ./myDrivers/Src/SPI.o
 .group         0x0000000000000000        0xc ./myDrivers/Src/SPI.o
 .group         0x0000000000000000        0xc ./myDrivers/Src/SPI.o
 .group         0x0000000000000000        0xc ./myDrivers/Src/SPI.o
 .group         0x0000000000000000        0xc ./myDrivers/Src/SPI.o
 .group         0x0000000000000000        0xc ./myDrivers/Src/SPI.o
 .group         0x0000000000000000        0xc ./myDrivers/Src/SPI.o
 .group         0x0000000000000000        0xc ./myDrivers/Src/SPI.o
 .group         0x0000000000000000        0xc ./myDrivers/Src/SPI.o
 .group         0x0000000000000000        0xc ./myDrivers/Src/SPI.o
 .group         0x0000000000000000        0xc ./myDrivers/Src/SPI.o
 .group         0x0000000000000000        0xc ./myDrivers/Src/SPI.o
 .group         0x0000000000000000        0xc ./myDrivers/Src/SPI.o
 .group         0x0000000000000000        0xc ./myDrivers/Src/SPI.o
 .group         0x0000000000000000        0xc ./myDrivers/Src/SPI.o
 .group         0x0000000000000000        0xc ./myDrivers/Src/SPI.o
 .group         0x0000000000000000        0xc ./myDrivers/Src/SPI.o
 .group         0x0000000000000000        0xc ./myDrivers/Src/SPI.o
 .group         0x0000000000000000        0xc ./myDrivers/Src/SPI.o
 .text          0x0000000000000000        0x0 ./myDrivers/Src/SPI.o
 .data          0x0000000000000000        0x0 ./myDrivers/Src/SPI.o
 .bss           0x0000000000000000        0x0 ./myDrivers/Src/SPI.o
 .text.SPI_CloseISR_TX
                0x0000000000000000       0x36 ./myDrivers/Src/SPI.o
 .text.SPI_CloseISR_RX
                0x0000000000000000       0x36 ./myDrivers/Src/SPI.o
 .text.SPI_TransmitHelper_16Bits
                0x0000000000000000       0x34 ./myDrivers/Src/SPI.o
 .text.SPI_TransmitHelper_8Bits
                0x0000000000000000       0x40 ./myDrivers/Src/SPI.o
 .text.SPI_ReceiverHelper_16Bits
                0x0000000000000000       0x42 ./myDrivers/Src/SPI.o
 .text.SPI_ReceiverHelper_8Bits
                0x0000000000000000       0x3a ./myDrivers/Src/SPI.o
 .text.SPI_Init
                0x0000000000000000       0x5a ./myDrivers/Src/SPI.o
 .text.SPI_PeriphCmd
                0x0000000000000000       0x3e ./myDrivers/Src/SPI.o
 .text.SPI_TransmitData
                0x0000000000000000       0x8a ./myDrivers/Src/SPI.o
 .text.SPI_TransmitData_IT
                0x0000000000000000       0x70 ./myDrivers/Src/SPI.o
 .text.SPI_ReceiveData_IT
                0x0000000000000000       0x70 ./myDrivers/Src/SPI.o
 .text.SPI_InterruptHandler
                0x0000000000000000       0x78 ./myDrivers/Src/SPI.o
 .text.SPI_ReceiveData
                0x0000000000000000       0x7e ./myDrivers/Src/SPI.o
 .text.SPI_GetFlagStatus
                0x0000000000000000       0x2a ./myDrivers/Src/SPI.o
 .debug_info    0x0000000000000000      0x612 ./myDrivers/Src/SPI.o
 .debug_abbrev  0x0000000000000000      0x1bc ./myDrivers/Src/SPI.o
 .debug_aranges
                0x0000000000000000       0x88 ./myDrivers/Src/SPI.o
 .debug_ranges  0x0000000000000000       0x78 ./myDrivers/Src/SPI.o
 .debug_macro   0x0000000000000000      0x18f ./myDrivers/Src/SPI.o
 .debug_macro   0x0000000000000000      0xa78 ./myDrivers/Src/SPI.o
 .debug_macro   0x0000000000000000       0x22 ./myDrivers/Src/SPI.o
 .debug_macro   0x0000000000000000       0x8e ./myDrivers/Src/SPI.o
 .debug_macro   0x0000000000000000       0x51 ./myDrivers/Src/SPI.o
 .debug_macro   0x0000000000000000      0x103 ./myDrivers/Src/SPI.o
 .debug_macro   0x0000000000000000       0x6a ./myDrivers/Src/SPI.o
 .debug_macro   0x0000000000000000      0x1df ./myDrivers/Src/SPI.o
 .debug_macro   0x0000000000000000       0x52 ./myDrivers/Src/SPI.o
 .debug_macro   0x0000000000000000       0x18 ./myDrivers/Src/SPI.o
 .debug_macro   0x0000000000000000       0x3c ./myDrivers/Src/SPI.o
 .debug_macro   0x0000000000000000       0x34 ./myDrivers/Src/SPI.o
 .debug_macro   0x0000000000000000      0x174 ./myDrivers/Src/SPI.o
 .debug_macro   0x0000000000000000       0x16 ./myDrivers/Src/SPI.o
 .debug_macro   0x0000000000000000       0x43 ./myDrivers/Src/SPI.o
 .debug_macro   0x0000000000000000       0x34 ./myDrivers/Src/SPI.o
 .debug_macro   0x0000000000000000       0x10 ./myDrivers/Src/SPI.o
 .debug_macro   0x0000000000000000       0x58 ./myDrivers/Src/SPI.o
 .debug_macro   0x0000000000000000       0x71 ./myDrivers/Src/SPI.o
 .debug_macro   0x0000000000000000       0x1c ./myDrivers/Src/SPI.o
 .debug_macro   0x0000000000000000      0x12a ./myDrivers/Src/SPI.o
 .debug_macro   0x0000000000000000      0x341 ./myDrivers/Src/SPI.o
 .debug_macro   0x0000000000000000       0x10 ./myDrivers/Src/SPI.o
 .debug_macro   0x0000000000000000       0x35 ./myDrivers/Src/SPI.o
 .debug_macro   0x0000000000000000       0x20 ./myDrivers/Src/SPI.o
 .debug_macro   0x0000000000000000      0x2c1 ./myDrivers/Src/SPI.o
 .debug_macro   0x0000000000000000       0x7c ./myDrivers/Src/SPI.o
 .debug_macro   0x0000000000000000      0x11e ./myDrivers/Src/SPI.o
 .debug_macro   0x0000000000000000       0xb8 ./myDrivers/Src/SPI.o
 .debug_macro   0x0000000000000000       0x82 ./myDrivers/Src/SPI.o
 .debug_macro   0x0000000000000000       0x94 ./myDrivers/Src/SPI.o
 .debug_line    0x0000000000000000      0x8d0 ./myDrivers/Src/SPI.o
 .debug_str     0x0000000000000000     0x9bf1 ./myDrivers/Src/SPI.o
 .comment       0x0000000000000000       0x51 ./myDrivers/Src/SPI.o
 .debug_frame   0x0000000000000000      0x22c ./myDrivers/Src/SPI.o
 .ARM.attributes
                0x0000000000000000       0x2e ./myDrivers/Src/SPI.o
 .group         0x0000000000000000        0xc ./myDrivers/Src/USART.o
 .group         0x0000000000000000        0xc ./myDrivers/Src/USART.o
 .group         0x0000000000000000        0xc ./myDrivers/Src/USART.o
 .group         0x0000000000000000        0xc ./myDrivers/Src/USART.o
 .group         0x0000000000000000        0xc ./myDrivers/Src/USART.o
 .group         0x0000000000000000        0xc ./myDrivers/Src/USART.o
 .group         0x0000000000000000        0xc ./myDrivers/Src/USART.o
 .group         0x0000000000000000        0xc ./myDrivers/Src/USART.o
 .group         0x0000000000000000        0xc ./myDrivers/Src/USART.o
 .group         0x0000000000000000        0xc ./myDrivers/Src/USART.o
 .group         0x0000000000000000        0xc ./myDrivers/Src/USART.o
 .group         0x0000000000000000        0xc ./myDrivers/Src/USART.o
 .group         0x0000000000000000        0xc ./myDrivers/Src/USART.o
 .group         0x0000000000000000        0xc ./myDrivers/Src/USART.o
 .group         0x0000000000000000        0xc ./myDrivers/Src/USART.o
 .group         0x0000000000000000        0xc ./myDrivers/Src/USART.o
 .group         0x0000000000000000        0xc ./myDrivers/Src/USART.o
 .group         0x0000000000000000        0xc ./myDrivers/Src/USART.o
 .group         0x0000000000000000        0xc ./myDrivers/Src/USART.o
 .group         0x0000000000000000        0xc ./myDrivers/Src/USART.o
 .group         0x0000000000000000        0xc ./myDrivers/Src/USART.o
 .group         0x0000000000000000        0xc ./myDrivers/Src/USART.o
 .group         0x0000000000000000        0xc ./myDrivers/Src/USART.o
 .group         0x0000000000000000        0xc ./myDrivers/Src/USART.o
 .group         0x0000000000000000        0xc ./myDrivers/Src/USART.o
 .group         0x0000000000000000        0xc ./myDrivers/Src/USART.o
 .group         0x0000000000000000        0xc ./myDrivers/Src/USART.o
 .group         0x0000000000000000        0xc ./myDrivers/Src/USART.o
 .group         0x0000000000000000        0xc ./myDrivers/Src/USART.o
 .group         0x0000000000000000        0xc ./myDrivers/Src/USART.o
 .text          0x0000000000000000        0x0 ./myDrivers/Src/USART.o
 .data          0x0000000000000000        0x0 ./myDrivers/Src/USART.o
 .bss           0x0000000000000000        0x0 ./myDrivers/Src/USART.o
 .debug_macro   0x0000000000000000      0xa78 ./myDrivers/Src/USART.o
 .debug_macro   0x0000000000000000       0x22 ./myDrivers/Src/USART.o
 .debug_macro   0x0000000000000000       0x8e ./myDrivers/Src/USART.o
 .debug_macro   0x0000000000000000       0x51 ./myDrivers/Src/USART.o
 .debug_macro   0x0000000000000000      0x103 ./myDrivers/Src/USART.o
 .debug_macro   0x0000000000000000       0x6a ./myDrivers/Src/USART.o
 .debug_macro   0x0000000000000000      0x1df ./myDrivers/Src/USART.o
 .debug_macro   0x0000000000000000       0x52 ./myDrivers/Src/USART.o
 .debug_macro   0x0000000000000000       0x18 ./myDrivers/Src/USART.o
 .debug_macro   0x0000000000000000       0x3c ./myDrivers/Src/USART.o
 .debug_macro   0x0000000000000000       0x34 ./myDrivers/Src/USART.o
 .debug_macro   0x0000000000000000      0x174 ./myDrivers/Src/USART.o
 .debug_macro   0x0000000000000000       0x16 ./myDrivers/Src/USART.o
 .debug_macro   0x0000000000000000       0x43 ./myDrivers/Src/USART.o
 .debug_macro   0x0000000000000000       0x34 ./myDrivers/Src/USART.o
 .debug_macro   0x0000000000000000       0x10 ./myDrivers/Src/USART.o
 .debug_macro   0x0000000000000000       0x58 ./myDrivers/Src/USART.o
 .debug_macro   0x0000000000000000       0x71 ./myDrivers/Src/USART.o
 .debug_macro   0x0000000000000000       0x1c ./myDrivers/Src/USART.o
 .debug_macro   0x0000000000000000      0x12a ./myDrivers/Src/USART.o
 .debug_macro   0x0000000000000000      0x341 ./myDrivers/Src/USART.o
 .debug_macro   0x0000000000000000       0x10 ./myDrivers/Src/USART.o
 .debug_macro   0x0000000000000000       0x35 ./myDrivers/Src/USART.o
 .debug_macro   0x0000000000000000       0x20 ./myDrivers/Src/USART.o
 .debug_macro   0x0000000000000000      0x2c1 ./myDrivers/Src/USART.o
 .debug_macro   0x0000000000000000       0x7c ./myDrivers/Src/USART.o
 .debug_macro   0x0000000000000000      0x11e ./myDrivers/Src/USART.o
 .debug_macro   0x0000000000000000       0xb8 ./myDrivers/Src/USART.o
 .debug_macro   0x0000000000000000       0x9a ./myDrivers/Src/USART.o
 .text          0x0000000000000000        0x0 c:/st/stm32cubeide_1.10.1/stm32cubeide/plugins/com.st.stm32cube.ide.mcu.externaltools.gnu-tools-for-stm32.10.3-2021.10.win32_1.0.0.202111181127/tools/bin/../lib/gcc/arm-none-eabi/10.3.1/../../../../arm-none-eabi/lib/thumb/v7e-m/nofp\libc_nano.a(lib_a-errno.o)
 .data          0x0000000000000000        0x0 c:/st/stm32cubeide_1.10.1/stm32cubeide/plugins/com.st.stm32cube.ide.mcu.externaltools.gnu-tools-for-stm32.10.3-2021.10.win32_1.0.0.202111181127/tools/bin/../lib/gcc/arm-none-eabi/10.3.1/../../../../arm-none-eabi/lib/thumb/v7e-m/nofp\libc_nano.a(lib_a-errno.o)
 .bss           0x0000000000000000        0x0 c:/st/stm32cubeide_1.10.1/stm32cubeide/plugins/com.st.stm32cube.ide.mcu.externaltools.gnu-tools-for-stm32.10.3-2021.10.win32_1.0.0.202111181127/tools/bin/../lib/gcc/arm-none-eabi/10.3.1/../../../../arm-none-eabi/lib/thumb/v7e-m/nofp\libc_nano.a(lib_a-errno.o)
 .text.__errno  0x0000000000000000        0xc c:/st/stm32cubeide_1.10.1/stm32cubeide/plugins/com.st.stm32cube.ide.mcu.externaltools.gnu-tools-for-stm32.10.3-2021.10.win32_1.0.0.202111181127/tools/bin/../lib/gcc/arm-none-eabi/10.3.1/../../../../arm-none-eabi/lib/thumb/v7e-m/nofp\libc_nano.a(lib_a-errno.o)
 .debug_frame   0x0000000000000000       0x20 c:/st/stm32cubeide_1.10.1/stm32cubeide/plugins/com.st.stm32cube.ide.mcu.externaltools.gnu-tools-for-stm32.10.3-2021.10.win32_1.0.0.202111181127/tools/bin/../lib/gcc/arm-none-eabi/10.3.1/../../../../arm-none-eabi/lib/thumb/v7e-m/nofp\libc_nano.a(lib_a-errno.o)
 .ARM.attributes
                0x0000000000000000       0x2e c:/st/stm32cubeide_1.10.1/stm32cubeide/plugins/com.st.stm32cube.ide.mcu.externaltools.gnu-tools-for-stm32.10.3-2021.10.win32_1.0.0.202111181127/tools/bin/../lib/gcc/arm-none-eabi/10.3.1/../../../../arm-none-eabi/lib/thumb/v7e-m/nofp\libc_nano.a(lib_a-errno.o)
 .text          0x0000000000000000        0x0 c:/st/stm32cubeide_1.10.1/stm32cubeide/plugins/com.st.stm32cube.ide.mcu.externaltools.gnu-tools-for-stm32.10.3-2021.10.win32_1.0.0.202111181127/tools/bin/../lib/gcc/arm-none-eabi/10.3.1/../../../../arm-none-eabi/lib/thumb/v7e-m/nofp\libc_nano.a(lib_a-exit.o)
 .data          0x0000000000000000        0x0 c:/st/stm32cubeide_1.10.1/stm32cubeide/plugins/com.st.stm32cube.ide.mcu.externaltools.gnu-tools-for-stm32.10.3-2021.10.win32_1.0.0.202111181127/tools/bin/../lib/gcc/arm-none-eabi/10.3.1/../../../../arm-none-eabi/lib/thumb/v7e-m/nofp\libc_nano.a(lib_a-exit.o)
 .bss           0x0000000000000000        0x0 c:/st/stm32cubeide_1.10.1/stm32cubeide/plugins/com.st.stm32cube.ide.mcu.externaltools.gnu-tools-for-stm32.10.3-2021.10.win32_1.0.0.202111181127/tools/bin/../lib/gcc/arm-none-eabi/10.3.1/../../../../arm-none-eabi/lib/thumb/v7e-m/nofp\libc_nano.a(lib_a-exit.o)
 .text.exit     0x0000000000000000       0x28 c:/st/stm32cubeide_1.10.1/stm32cubeide/plugins/com.st.stm32cube.ide.mcu.externaltools.gnu-tools-for-stm32.10.3-2021.10.win32_1.0.0.202111181127/tools/bin/../lib/gcc/arm-none-eabi/10.3.1/../../../../arm-none-eabi/lib/thumb/v7e-m/nofp\libc_nano.a(lib_a-exit.o)
 .debug_frame   0x0000000000000000       0x28 c:/st/stm32cubeide_1.10.1/stm32cubeide/plugins/com.st.stm32cube.ide.mcu.externaltools.gnu-tools-for-stm32.10.3-2021.10.win32_1.0.0.202111181127/tools/bin/../lib/gcc/arm-none-eabi/10.3.1/../../../../arm-none-eabi/lib/thumb/v7e-m/nofp\libc_nano.a(lib_a-exit.o)
 .ARM.attributes
                0x0000000000000000       0x2e c:/st/stm32cubeide_1.10.1/stm32cubeide/plugins/com.st.stm32cube.ide.mcu.externaltools.gnu-tools-for-stm32.10.3-2021.10.win32_1.0.0.202111181127/tools/bin/../lib/gcc/arm-none-eabi/10.3.1/../../../../arm-none-eabi/lib/thumb/v7e-m/nofp\libc_nano.a(lib_a-exit.o)
 .text          0x0000000000000000        0x0 c:/st/stm32cubeide_1.10.1/stm32cubeide/plugins/com.st.stm32cube.ide.mcu.externaltools.gnu-tools-for-stm32.10.3-2021.10.win32_1.0.0.202111181127/tools/bin/../lib/gcc/arm-none-eabi/10.3.1/../../../../arm-none-eabi/lib/thumb/v7e-m/nofp\libc_nano.a(lib_a-impure.o)
 .data          0x0000000000000000        0x0 c:/st/stm32cubeide_1.10.1/stm32cubeide/plugins/com.st.stm32cube.ide.mcu.externaltools.gnu-tools-for-stm32.10.3-2021.10.win32_1.0.0.202111181127/tools/bin/../lib/gcc/arm-none-eabi/10.3.1/../../../../arm-none-eabi/lib/thumb/v7e-m/nofp\libc_nano.a(lib_a-impure.o)
 .bss           0x0000000000000000        0x0 c:/st/stm32cubeide_1.10.1/stm32cubeide/plugins/com.st.stm32cube.ide.mcu.externaltools.gnu-tools-for-stm32.10.3-2021.10.win32_1.0.0.202111181127/tools/bin/../lib/gcc/arm-none-eabi/10.3.1/../../../../arm-none-eabi/lib/thumb/v7e-m/nofp\libc_nano.a(lib_a-impure.o)
 .data._impure_ptr
                0x0000000000000000        0x4 c:/st/stm32cubeide_1.10.1/stm32cubeide/plugins/com.st.stm32cube.ide.mcu.externaltools.gnu-tools-for-stm32.10.3-2021.10.win32_1.0.0.202111181127/tools/bin/../lib/gcc/arm-none-eabi/10.3.1/../../../../arm-none-eabi/lib/thumb/v7e-m/nofp\libc_nano.a(lib_a-impure.o)
 .data.impure_data
                0x0000000000000000       0x60 c:/st/stm32cubeide_1.10.1/stm32cubeide/plugins/com.st.stm32cube.ide.mcu.externaltools.gnu-tools-for-stm32.10.3-2021.10.win32_1.0.0.202111181127/tools/bin/../lib/gcc/arm-none-eabi/10.3.1/../../../../arm-none-eabi/lib/thumb/v7e-m/nofp\libc_nano.a(lib_a-impure.o)
 .rodata._global_impure_ptr
                0x0000000000000000        0x4 c:/st/stm32cubeide_1.10.1/stm32cubeide/plugins/com.st.stm32cube.ide.mcu.externaltools.gnu-tools-for-stm32.10.3-2021.10.win32_1.0.0.202111181127/tools/bin/../lib/gcc/arm-none-eabi/10.3.1/../../../../arm-none-eabi/lib/thumb/v7e-m/nofp\libc_nano.a(lib_a-impure.o)
 .ARM.attributes
                0x0000000000000000       0x2e c:/st/stm32cubeide_1.10.1/stm32cubeide/plugins/com.st.stm32cube.ide.mcu.externaltools.gnu-tools-for-stm32.10.3-2021.10.win32_1.0.0.202111181127/tools/bin/../lib/gcc/arm-none-eabi/10.3.1/../../../../arm-none-eabi/lib/thumb/v7e-m/nofp\libc_nano.a(lib_a-impure.o)
 .text          0x0000000000000000        0x0 c:/st/stm32cubeide_1.10.1/stm32cubeide/plugins/com.st.stm32cube.ide.mcu.externaltools.gnu-tools-for-stm32.10.3-2021.10.win32_1.0.0.202111181127/tools/bin/../lib/gcc/arm-none-eabi/10.3.1/../../../../arm-none-eabi/lib/thumb/v7e-m/nofp\libc_nano.a(lib_a-init.o)
 .data          0x0000000000000000        0x0 c:/st/stm32cubeide_1.10.1/stm32cubeide/plugins/com.st.stm32cube.ide.mcu.externaltools.gnu-tools-for-stm32.10.3-2021.10.win32_1.0.0.202111181127/tools/bin/../lib/gcc/arm-none-eabi/10.3.1/../../../../arm-none-eabi/lib/thumb/v7e-m/nofp\libc_nano.a(lib_a-init.o)
 .bss           0x0000000000000000        0x0 c:/st/stm32cubeide_1.10.1/stm32cubeide/plugins/com.st.stm32cube.ide.mcu.externaltools.gnu-tools-for-stm32.10.3-2021.10.win32_1.0.0.202111181127/tools/bin/../lib/gcc/arm-none-eabi/10.3.1/../../../../arm-none-eabi/lib/thumb/v7e-m/nofp\libc_nano.a(lib_a-init.o)
 .text          0x0000000000000000        0x0 c:/st/stm32cubeide_1.10.1/stm32cubeide/plugins/com.st.stm32cube.ide.mcu.externaltools.gnu-tools-for-stm32.10.3-2021.10.win32_1.0.0.202111181127/tools/bin/../lib/gcc/arm-none-eabi/10.3.1/../../../../arm-none-eabi/lib/thumb/v7e-m/nofp\libc_nano.a(lib_a-memset.o)
 .data          0x0000000000000000        0x0 c:/st/stm32cubeide_1.10.1/stm32cubeide/plugins/com.st.stm32cube.ide.mcu.externaltools.gnu-tools-for-stm32.10.3-2021.10.win32_1.0.0.202111181127/tools/bin/../lib/gcc/arm-none-eabi/10.3.1/../../../../arm-none-eabi/lib/thumb/v7e-m/nofp\libc_nano.a(lib_a-memset.o)
 .bss           0x0000000000000000        0x0 c:/st/stm32cubeide_1.10.1/stm32cubeide/plugins/com.st.stm32cube.ide.mcu.externaltools.gnu-tools-for-stm32.10.3-2021.10.win32_1.0.0.202111181127/tools/bin/../lib/gcc/arm-none-eabi/10.3.1/../../../../arm-none-eabi/lib/thumb/v7e-m/nofp\libc_nano.a(lib_a-memset.o)
 .text.memset   0x0000000000000000       0x10 c:/st/stm32cubeide_1.10.1/stm32cubeide/plugins/com.st.stm32cube.ide.mcu.externaltools.gnu-tools-for-stm32.10.3-2021.10.win32_1.0.0.202111181127/tools/bin/../lib/gcc/arm-none-eabi/10.3.1/../../../../arm-none-eabi/lib/thumb/v7e-m/nofp\libc_nano.a(lib_a-memset.o)
 .debug_frame   0x0000000000000000       0x20 c:/st/stm32cubeide_1.10.1/stm32cubeide/plugins/com.st.stm32cube.ide.mcu.externaltools.gnu-tools-for-stm32.10.3-2021.10.win32_1.0.0.202111181127/tools/bin/../lib/gcc/arm-none-eabi/10.3.1/../../../../arm-none-eabi/lib/thumb/v7e-m/nofp\libc_nano.a(lib_a-memset.o)
 .ARM.attributes
                0x0000000000000000       0x2e c:/st/stm32cubeide_1.10.1/stm32cubeide/plugins/com.st.stm32cube.ide.mcu.externaltools.gnu-tools-for-stm32.10.3-2021.10.win32_1.0.0.202111181127/tools/bin/../lib/gcc/arm-none-eabi/10.3.1/../../../../arm-none-eabi/lib/thumb/v7e-m/nofp\libc_nano.a(lib_a-memset.o)
 .data          0x0000000000000000        0x0 c:/st/stm32cubeide_1.10.1/stm32cubeide/plugins/com.st.stm32cube.ide.mcu.externaltools.gnu-tools-for-stm32.10.3-2021.10.win32_1.0.0.202111181127/tools/bin/../lib/gcc/arm-none-eabi/10.3.1/../../../../arm-none-eabi/lib/thumb/v7e-m/nofp\libc_nano.a(lib_a-strlen.o)
 .bss           0x0000000000000000        0x0 c:/st/stm32cubeide_1.10.1/stm32cubeide/plugins/com.st.stm32cube.ide.mcu.externaltools.gnu-tools-for-stm32.10.3-2021.10.win32_1.0.0.202111181127/tools/bin/../lib/gcc/arm-none-eabi/10.3.1/../../../../arm-none-eabi/lib/thumb/v7e-m/nofp\libc_nano.a(lib_a-strlen.o)
 .text          0x0000000000000000        0x0 c:/st/stm32cubeide_1.10.1/stm32cubeide/plugins/com.st.stm32cube.ide.mcu.externaltools.gnu-tools-for-stm32.10.3-2021.10.win32_1.0.0.202111181127/tools/bin/../lib/gcc/arm-none-eabi/10.3.1/thumb/v7e-m/nofp/crtend.o
 .data          0x0000000000000000        0x0 c:/st/stm32cubeide_1.10.1/stm32cubeide/plugins/com.st.stm32cube.ide.mcu.externaltools.gnu-tools-for-stm32.10.3-2021.10.win32_1.0.0.202111181127/tools/bin/../lib/gcc/arm-none-eabi/10.3.1/thumb/v7e-m/nofp/crtend.o
 .bss           0x0000000000000000        0x0 c:/st/stm32cubeide_1.10.1/stm32cubeide/plugins/com.st.stm32cube.ide.mcu.externaltools.gnu-tools-for-stm32.10.3-2021.10.win32_1.0.0.202111181127/tools/bin/../lib/gcc/arm-none-eabi/10.3.1/thumb/v7e-m/nofp/crtend.o
 .rodata        0x0000000000000000       0x24 c:/st/stm32cubeide_1.10.1/stm32cubeide/plugins/com.st.stm32cube.ide.mcu.externaltools.gnu-tools-for-stm32.10.3-2021.10.win32_1.0.0.202111181127/tools/bin/../lib/gcc/arm-none-eabi/10.3.1/thumb/v7e-m/nofp/crtend.o
 .eh_frame      0x0000000000000000        0x4 c:/st/stm32cubeide_1.10.1/stm32cubeide/plugins/com.st.stm32cube.ide.mcu.externaltools.gnu-tools-for-stm32.10.3-2021.10.win32_1.0.0.202111181127/tools/bin/../lib/gcc/arm-none-eabi/10.3.1/thumb/v7e-m/nofp/crtend.o
 .ARM.attributes
                0x0000000000000000       0x2e c:/st/stm32cubeide_1.10.1/stm32cubeide/plugins/com.st.stm32cube.ide.mcu.externaltools.gnu-tools-for-stm32.10.3-2021.10.win32_1.0.0.202111181127/tools/bin/../lib/gcc/arm-none-eabi/10.3.1/thumb/v7e-m/nofp/crtend.o
 .text          0x0000000000000000        0x0 c:/st/stm32cubeide_1.10.1/stm32cubeide/plugins/com.st.stm32cube.ide.mcu.externaltools.gnu-tools-for-stm32.10.3-2021.10.win32_1.0.0.202111181127/tools/bin/../lib/gcc/arm-none-eabi/10.3.1/thumb/v7e-m/nofp/crtn.o
 .data          0x0000000000000000        0x0 c:/st/stm32cubeide_1.10.1/stm32cubeide/plugins/com.st.stm32cube.ide.mcu.externaltools.gnu-tools-for-stm32.10.3-2021.10.win32_1.0.0.202111181127/tools/bin/../lib/gcc/arm-none-eabi/10.3.1/thumb/v7e-m/nofp/crtn.o
 .bss           0x0000000000000000        0x0 c:/st/stm32cubeide_1.10.1/stm32cubeide/plugins/com.st.stm32cube.ide.mcu.externaltools.gnu-tools-for-stm32.10.3-2021.10.win32_1.0.0.202111181127/tools/bin/../lib/gcc/arm-none-eabi/10.3.1/thumb/v7e-m/nofp/crtn.o

Memory Configuration

Name             Origin             Length             Attributes
CCMRAM           0x0000000010000000 0x0000000000010000 xrw
RAM              0x0000000020000000 0x0000000000020000 xrw
FLASH            0x0000000008000000 0x0000000000100000 xr
*default*        0x0000000000000000 0xffffffffffffffff

Linker script and memory map

LOAD c:/st/stm32cubeide_1.10.1/stm32cubeide/plugins/com.st.stm32cube.ide.mcu.externaltools.gnu-tools-for-stm32.10.3-2021.10.win32_1.0.0.202111181127/tools/bin/../lib/gcc/arm-none-eabi/10.3.1/thumb/v7e-m/nofp/crti.o
LOAD c:/st/stm32cubeide_1.10.1/stm32cubeide/plugins/com.st.stm32cube.ide.mcu.externaltools.gnu-tools-for-stm32.10.3-2021.10.win32_1.0.0.202111181127/tools/bin/../lib/gcc/arm-none-eabi/10.3.1/thumb/v7e-m/nofp/crtbegin.o
LOAD c:/st/stm32cubeide_1.10.1/stm32cubeide/plugins/com.st.stm32cube.ide.mcu.externaltools.gnu-tools-for-stm32.10.3-2021.10.win32_1.0.0.202111181127/tools/bin/../lib/gcc/arm-none-eabi/10.3.1/../../../../arm-none-eabi/lib/thumb/v7e-m/nofp/crt0.o
LOAD ./Src/USART_Test.o
LOAD ./Src/syscalls.o
LOAD ./Src/sysmem.o
LOAD ./Startup/startup_stm32f407vgtx.o
LOAD ./myDrivers/Src/EXTI.o
LOAD ./myDrivers/Src/GPIO.o
LOAD ./myDrivers/Src/RCC.o
LOAD ./myDrivers/Src/SPI.o
LOAD ./myDrivers/Src/USART.o
START GROUP
LOAD c:/st/stm32cubeide_1.10.1/stm32cubeide/plugins/com.st.stm32cube.ide.mcu.externaltools.gnu-tools-for-stm32.10.3-2021.10.win32_1.0.0.202111181127/tools/bin/../lib/gcc/arm-none-eabi/10.3.1/../../../../arm-none-eabi/lib/thumb/v7e-m/nofp\libc_nano.a
LOAD c:/st/stm32cubeide_1.10.1/stm32cubeide/plugins/com.st.stm32cube.ide.mcu.externaltools.gnu-tools-for-stm32.10.3-2021.10.win32_1.0.0.202111181127/tools/bin/../lib/gcc/arm-none-eabi/10.3.1/../../../../arm-none-eabi/lib/thumb/v7e-m/nofp\libm.a
END GROUP
START GROUP
LOAD c:/st/stm32cubeide_1.10.1/stm32cubeide/plugins/com.st.stm32cube.ide.mcu.externaltools.gnu-tools-for-stm32.10.3-2021.10.win32_1.0.0.202111181127/tools/bin/../lib/gcc/arm-none-eabi/10.3.1/thumb/v7e-m/nofp\libgcc.a
LOAD c:/st/stm32cubeide_1.10.1/stm32cubeide/plugins/com.st.stm32cube.ide.mcu.externaltools.gnu-tools-for-stm32.10.3-2021.10.win32_1.0.0.202111181127/tools/bin/../lib/gcc/arm-none-eabi/10.3.1/../../../../arm-none-eabi/lib/thumb/v7e-m/nofp\libc_nano.a
END GROUP
START GROUP
LOAD c:/st/stm32cubeide_1.10.1/stm32cubeide/plugins/com.st.stm32cube.ide.mcu.externaltools.gnu-tools-for-stm32.10.3-2021.10.win32_1.0.0.202111181127/tools/bin/../lib/gcc/arm-none-eabi/10.3.1/thumb/v7e-m/nofp\libgcc.a
LOAD c:/st/stm32cubeide_1.10.1/stm32cubeide/plugins/com.st.stm32cube.ide.mcu.externaltools.gnu-tools-for-stm32.10.3-2021.10.win32_1.0.0.202111181127/tools/bin/../lib/gcc/arm-none-eabi/10.3.1/../../../../arm-none-eabi/lib/thumb/v7e-m/nofp\libc_nano.a
LOAD c:/st/stm32cubeide_1.10.1/stm32cubeide/plugins/com.st.stm32cube.ide.mcu.externaltools.gnu-tools-for-stm32.10.3-2021.10.win32_1.0.0.202111181127/tools/bin/../lib/gcc/arm-none-eabi/10.3.1/../../../../arm-none-eabi/lib/thumb/v7e-m/nofp\libnosys.a
END GROUP
START GROUP
LOAD c:/st/stm32cubeide_1.10.1/stm32cubeide/plugins/com.st.stm32cube.ide.mcu.externaltools.gnu-tools-for-stm32.10.3-2021.10.win32_1.0.0.202111181127/tools/bin/../lib/gcc/arm-none-eabi/10.3.1/thumb/v7e-m/nofp\libgcc.a
LOAD c:/st/stm32cubeide_1.10.1/stm32cubeide/plugins/com.st.stm32cube.ide.mcu.externaltools.gnu-tools-for-stm32.10.3-2021.10.win32_1.0.0.202111181127/tools/bin/../lib/gcc/arm-none-eabi/10.3.1/../../../../arm-none-eabi/lib/thumb/v7e-m/nofp\libc_nano.a
LOAD c:/st/stm32cubeide_1.10.1/stm32cubeide/plugins/com.st.stm32cube.ide.mcu.externaltools.gnu-tools-for-stm32.10.3-2021.10.win32_1.0.0.202111181127/tools/bin/../lib/gcc/arm-none-eabi/10.3.1/../../../../arm-none-eabi/lib/thumb/v7e-m/nofp\libnosys.a
END GROUP
LOAD c:/st/stm32cubeide_1.10.1/stm32cubeide/plugins/com.st.stm32cube.ide.mcu.externaltools.gnu-tools-for-stm32.10.3-2021.10.win32_1.0.0.202111181127/tools/bin/../lib/gcc/arm-none-eabi/10.3.1/thumb/v7e-m/nofp/crtend.o
LOAD c:/st/stm32cubeide_1.10.1/stm32cubeide/plugins/com.st.stm32cube.ide.mcu.externaltools.gnu-tools-for-stm32.10.3-2021.10.win32_1.0.0.202111181127/tools/bin/../lib/gcc/arm-none-eabi/10.3.1/thumb/v7e-m/nofp/crtn.o
                0x0000000020020000                _estack = (ORIGIN (RAM) + LENGTH (RAM))
                0x0000000000000200                _Min_Heap_Size = 0x200
                0x0000000000000400                _Min_Stack_Size = 0x400

.isr_vector     0x0000000008000000      0x1a8
                0x0000000008000000                . = ALIGN (0x4)
 *(.isr_vector)
 .isr_vector    0x0000000008000000      0x1a8 ./Startup/startup_stm32f407vgtx.o
                0x0000000008000000                g_pfnVectors
                0x00000000080001a8                . = ALIGN (0x4)

.text           0x00000000080001a8      0x828
                0x00000000080001a8                . = ALIGN (0x4)
 *(.text)
 .text          0x00000000080001a8       0x40 c:/st/stm32cubeide_1.10.1/stm32cubeide/plugins/com.st.stm32cube.ide.mcu.externaltools.gnu-tools-for-stm32.10.3-2021.10.win32_1.0.0.202111181127/tools/bin/../lib/gcc/arm-none-eabi/10.3.1/thumb/v7e-m/nofp/crtbegin.o
 .text          0x00000000080001e8       0x10 c:/st/stm32cubeide_1.10.1/stm32cubeide/plugins/com.st.stm32cube.ide.mcu.externaltools.gnu-tools-for-stm32.10.3-2021.10.win32_1.0.0.202111181127/tools/bin/../lib/gcc/arm-none-eabi/10.3.1/../../../../arm-none-eabi/lib/thumb/v7e-m/nofp\libc_nano.a(lib_a-strlen.o)
                0x00000000080001e8                strlen
 *(.text*)
 .text.main     0x00000000080001f8       0x48 ./Src/USART_Test.o
                0x00000000080001f8                main
 .text.USART_Config
                0x0000000008000240       0x74 ./Src/USART_Test.o
 .text.GPIO_Config
                0x00000000080002b4       0x60 ./Src/USART_Test.o
 .text.Reset_Handler
                0x0000000008000314       0x50 ./Startup/startup_stm32f407vgtx.o
                0x0000000008000314                Reset_Handler
 .text.Default_Handler
                0x0000000008000364        0x2 ./Startup/startup_stm32f407vgtx.o
                0x0000000008000364                RTC_Alarm_IRQHandler
                0x0000000008000364                HASH_RNG_IRQHandler
                0x0000000008000364                EXTI2_IRQHandler
                0x0000000008000364                TIM8_CC_IRQHandler
                0x0000000008000364                DebugMon_Handler
                0x0000000008000364                TIM1_CC_IRQHandler
                0x0000000008000364                DMA2_Stream5_IRQHandler
                0x0000000008000364                HardFault_Handler
                0x0000000008000364                DMA1_Stream5_IRQHandler
                0x0000000008000364                SysTick_Handler
                0x0000000008000364                PVD_IRQHandler
                0x0000000008000364                SDIO_IRQHandler
                0x0000000008000364                TAMP_STAMP_IRQHandler
                0x0000000008000364                PendSV_Handler
                0x0000000008000364                NMI_Handler
                0x0000000008000364                CAN2_RX1_IRQHandler
                0x0000000008000364                EXTI3_IRQHandler
                0x0000000008000364                TIM8_TRG_COM_TIM14_IRQHandler
                0x0000000008000364                TIM1_UP_TIM10_IRQHandler
                0x0000000008000364                TIM8_UP_TIM13_IRQHandler
                0x0000000008000364                I2C3_ER_IRQHandler
                0x0000000008000364                LCD_TFT_IRQHandler
                0x0000000008000364                EXTI0_IRQHandler
                0x0000000008000364                I2C2_EV_IRQHandler
                0x0000000008000364                DMA1_Stream2_IRQHandler
                0x0000000008000364                CAN1_RX0_IRQHandler
                0x0000000008000364                FPU_IRQHandler
                0x0000000008000364                OTG_HS_WKUP_IRQHandler
                0x0000000008000364                UsageFault_Handler
                0x0000000008000364                CAN2_SCE_IRQHandler
                0x0000000008000364                DMA2_Stream2_IRQHandler
                0x0000000008000364                SPI1_IRQHandler
                0x0000000008000364                TIM6_DAC_IRQHandler
                0x0000000008000364                TIM1_BRK_TIM9_IRQHandler
                0x0000000008000364                DCMI_IRQHandler
                0x0000000008000364                CAN2_RX0_IRQHandler
                0x0000000008000364                DMA2_Stream3_IRQHandler
                0x0000000008000364                USART6_IRQHandler
                0x0000000008000364                USART3_IRQHandler
                0x0000000008000364                CRYP_IRQHandler
                0x0000000008000364                CAN1_RX1_IRQHandler
                0x0000000008000364                UART5_IRQHandler
                0x0000000008000364                DMA2_Stream0_IRQHandler
                0x0000000008000364                TIM4_IRQHandler
                0x0000000008000364                I2C1_EV_IRQHandler
                0x0000000008000364                DMA1_Stream6_IRQHandler
                0x0000000008000364                DMA1_Stream1_IRQHandler
                0x0000000008000364                UART4_IRQHandler
                0x0000000008000364                LCD_TFT_1_IRQHandler
                0x0000000008000364                TIM3_IRQHandler
                0x0000000008000364                RCC_IRQHandler
                0x0000000008000364                TIM8_BRK_TIM12_IRQHandler
                0x0000000008000364                Default_Handler
                0x0000000008000364                EXTI15_10_IRQHandler
                0x0000000008000364                ADC_IRQHandler
                0x0000000008000364                DMA1_Stream7_IRQHandler
                0x0000000008000364                TIM7_IRQHandler
                0x0000000008000364                CAN2_TX_IRQHandler
                0x0000000008000364                TIM5_IRQHandler
                0x0000000008000364                DMA2_Stream7_IRQHandler
                0x0000000008000364                I2C3_EV_IRQHandler
                0x0000000008000364                EXTI9_5_IRQHandler
                0x0000000008000364                RTC_WKUP_IRQHandler
                0x0000000008000364                ETH_WKUP_IRQHandler
                0x0000000008000364                SPI2_IRQHandler
                0x0000000008000364                OTG_HS_EP1_IN_IRQHandler
                0x0000000008000364                MemManage_Handler
                0x0000000008000364                DMA1_Stream0_IRQHandler
                0x0000000008000364                CAN1_TX_IRQHandler
                0x0000000008000364                SVC_Handler
                0x0000000008000364                EXTI4_IRQHandler
                0x0000000008000364                FSMC_IRQHandler
                0x0000000008000364                ETH_IRQHandler
                0x0000000008000364                OTG_HS_EP1_OUT_IRQHandler
                0x0000000008000364                WWDG_IRQHandler
                0x0000000008000364                TIM2_IRQHandler
                0x0000000008000364                OTG_FS_WKUP_IRQHandler
                0x0000000008000364                TIM1_TRG_COM_TIM11_IRQHandler
                0x0000000008000364                OTG_HS_IRQHandler
                0x0000000008000364                EXTI1_IRQHandler
                0x0000000008000364                USART2_IRQHandler
                0x0000000008000364                I2C2_ER_IRQHandler
                0x0000000008000364                DMA2_Stream1_IRQHandler
                0x0000000008000364                CAN1_SCE_IRQHandler
                0x0000000008000364                DMA2_Stream4_IRQHandler
                0x0000000008000364                BusFault_Handler
                0x0000000008000364                USART1_IRQHandler
                0x0000000008000364                OTG_FS_IRQHandler
                0x0000000008000364                SPI3_IRQHandler
                0x0000000008000364                DMA1_Stream4_IRQHandler
                0x0000000008000364                I2C1_ER_IRQHandler
                0x0000000008000364                DMA2_Stream6_IRQHandler
                0x0000000008000364                DMA1_Stream3_IRQHandler
 .text.GPIO_Init
                0x0000000008000366      0x16c ./myDrivers/Src/GPIO.o
                0x0000000008000366                GPIO_Init
 *fill*         0x00000000080004d2        0x2 
 .text.RCC_GetSystemClock
                0x00000000080004d4       0x50 ./myDrivers/Src/RCC.o
                0x00000000080004d4                RCC_GetSystemClock
 .text.RCC_GetHClock
                0x0000000008000524       0x50 ./myDrivers/Src/RCC.o
                0x0000000008000524                RCC_GetHClock
 .text.RCC_GetPClock1
                0x0000000008000574       0x50 ./myDrivers/Src/RCC.o
                0x0000000008000574                RCC_GetPClock1
 .text.RCC_GetPClock2
                0x00000000080005c4       0x50 ./myDrivers/Src/RCC.o
                0x00000000080005c4                RCC_GetPClock2
 .text.USART_Init
                0x0000000008000614      0x16c ./myDrivers/Src/USART.o
                0x0000000008000614                USART_Init
 .text.USART_TransmitData
                0x0000000008000780       0x9a ./myDrivers/Src/USART.o
                0x0000000008000780                USART_TransmitData
 .text.USART_ReceiveData
                0x000000000800081a       0xee ./myDrivers/Src/USART.o
                0x000000000800081a                USART_ReceiveData
 .text.USART_PeriphCmd
                0x0000000008000908       0x3e ./myDrivers/Src/USART.o
                0x0000000008000908                USART_PeriphCmd
 .text.USART_GetFlagStatus
                0x0000000008000946       0x2a ./myDrivers/Src/USART.o
                0x0000000008000946                USART_GetFlagStatus
 .text.__libc_init_array
                0x0000000008000970       0x48 c:/st/stm32cubeide_1.10.1/stm32cubeide/plugins/com.st.stm32cube.ide.mcu.externaltools.gnu-tools-for-stm32.10.3-2021.10.win32_1.0.0.202111181127/tools/bin/../lib/gcc/arm-none-eabi/10.3.1/../../../../arm-none-eabi/lib/thumb/v7e-m/nofp\libc_nano.a(lib_a-init.o)
                0x0000000008000970                __libc_init_array
 *(.glue_7)
 .glue_7        0x00000000080009b8        0x0 linker stubs
 *(.glue_7t)
 .glue_7t       0x00000000080009b8        0x0 linker stubs
 *(.eh_frame)
 .eh_frame      0x00000000080009b8        0x0 c:/st/stm32cubeide_1.10.1/stm32cubeide/plugins/com.st.stm32cube.ide.mcu.externaltools.gnu-tools-for-stm32.10.3-2021.10.win32_1.0.0.202111181127/tools/bin/../lib/gcc/arm-none-eabi/10.3.1/thumb/v7e-m/nofp/crtbegin.o
 *(.init)
 .init          0x00000000080009b8        0x4 c:/st/stm32cubeide_1.10.1/stm32cubeide/plugins/com.st.stm32cube.ide.mcu.externaltools.gnu-tools-for-stm32.10.3-2021.10.win32_1.0.0.202111181127/tools/bin/../lib/gcc/arm-none-eabi/10.3.1/thumb/v7e-m/nofp/crti.o
                0x00000000080009b8                _init
 .init          0x00000000080009bc        0x8 c:/st/stm32cubeide_1.10.1/stm32cubeide/plugins/com.st.stm32cube.ide.mcu.externaltools.gnu-tools-for-stm32.10.3-2021.10.win32_1.0.0.202111181127/tools/bin/../lib/gcc/arm-none-eabi/10.3.1/thumb/v7e-m/nofp/crtn.o
 *(.fini)
 .fini          0x00000000080009c4        0x4 c:/st/stm32cubeide_1.10.1/stm32cubeide/plugins/com.st.stm32cube.ide.mcu.externaltools.gnu-tools-for-stm32.10.3-2021.10.win32_1.0.0.202111181127/tools/bin/../lib/gcc/arm-none-eabi/10.3.1/thumb/v7e-m/nofp/crti.o
                0x00000000080009c4                _fini
 .fini          0x00000000080009c8        0x8 c:/st/stm32cubeide_1.10.1/stm32cubeide/plugins/com.st.stm32cube.ide.mcu.externaltools.gnu-tools-for-stm32.10.3-2021.10.win32_1.0.0.202111181127/tools/bin/../lib/gcc/arm-none-eabi/10.3.1/thumb/v7e-m/nofp/crtn.o
                0x00000000080009d0                . = ALIGN (0x4)
                0x00000000080009d0                _etext = .

.vfp11_veneer   0x00000000080009d0        0x0
 .vfp11_veneer  0x00000000080009d0        0x0 linker stubs

.v4_bx          0x00000000080009d0        0x0
 .v4_bx         0x00000000080009d0        0x0 linker stubs

.iplt           0x00000000080009d0        0x0
 .iplt          0x00000000080009d0        0x0 c:/st/stm32cubeide_1.10.1/stm32cubeide/plugins/com.st.stm32cube.ide.mcu.externaltools.gnu-tools-for-stm32.10.3-2021.10.win32_1.0.0.202111181127/tools/bin/../lib/gcc/arm-none-eabi/10.3.1/thumb/v7e-m/nofp/crtbegin.o

.rodata         0x00000000080009d0       0x18
                0x00000000080009d0                . = ALIGN (0x4)
 *(.rodata)
 *(.rodata*)
 .rodata.AHB_Prescalers
                0x00000000080009d0       0x10 ./myDrivers/Src/RCC.o
                0x00000000080009d0                AHB_Prescalers
 .rodata.APB_Prescalers
                0x00000000080009e0        0x8 ./myDrivers/Src/RCC.o
                0x00000000080009e0                APB_Prescalers
                0x00000000080009e8                . = ALIGN (0x4)

.rel.dyn        0x00000000080009e8        0x0
 .rel.iplt      0x00000000080009e8        0x0 c:/st/stm32cubeide_1.10.1/stm32cubeide/plugins/com.st.stm32cube.ide.mcu.externaltools.gnu-tools-for-stm32.10.3-2021.10.win32_1.0.0.202111181127/tools/bin/../lib/gcc/arm-none-eabi/10.3.1/thumb/v7e-m/nofp/crtbegin.o

.ARM.extab      0x00000000080009e8        0x0
                0x00000000080009e8                . = ALIGN (0x4)
 *(.ARM.extab* .gnu.linkonce.armextab.*)
                0x00000000080009e8                . = ALIGN (0x4)

.ARM            0x00000000080009e8        0x0
                0x00000000080009e8                . = ALIGN (0x4)
                0x00000000080009e8                __exidx_start = .
 *(.ARM.exidx*)
                0x00000000080009e8                __exidx_end = .
                0x00000000080009e8                . = ALIGN (0x4)

.preinit_array  0x00000000080009e8        0x0
                0x00000000080009e8                . = ALIGN (0x4)
                0x00000000080009e8                PROVIDE (__preinit_array_start = .)
 *(.preinit_array*)
                0x00000000080009e8                PROVIDE (__preinit_array_end = .)
                0x00000000080009e8                . = ALIGN (0x4)

.init_array     0x00000000080009e8        0x4
                0x00000000080009e8                . = ALIGN (0x4)
                0x00000000080009e8                PROVIDE (__init_array_start = .)
 *(SORT_BY_NAME(.init_array.*))
 *(.init_array*)
 .init_array    0x00000000080009e8        0x4 c:/st/stm32cubeide_1.10.1/stm32cubeide/plugins/com.st.stm32cube.ide.mcu.externaltools.gnu-tools-for-stm32.10.3-2021.10.win32_1.0.0.202111181127/tools/bin/../lib/gcc/arm-none-eabi/10.3.1/thumb/v7e-m/nofp/crtbegin.o
                0x00000000080009ec                PROVIDE (__init_array_end = .)
                0x00000000080009ec                . = ALIGN (0x4)

.fini_array     0x00000000080009ec        0x4
                0x00000000080009ec                . = ALIGN (0x4)
                [!provide]                        PROVIDE (__fini_array_start = .)
 *(SORT_BY_NAME(.fini_array.*))
 *(.fini_array*)
 .fini_array    0x00000000080009ec        0x4 c:/st/stm32cubeide_1.10.1/stm32cubeide/plugins/com.st.stm32cube.ide.mcu.externaltools.gnu-tools-for-stm32.10.3-2021.10.win32_1.0.0.202111181127/tools/bin/../lib/gcc/arm-none-eabi/10.3.1/thumb/v7e-m/nofp/crtbegin.o
                [!provide]                        PROVIDE (__fini_array_end = .)
                0x00000000080009f0                . = ALIGN (0x4)
                0x00000000080009f0                _sidata = LOADADDR (.data)

.data           0x0000000020000000        0x0 load address 0x00000000080009f0
                0x0000000020000000                . = ALIGN (0x4)
                0x0000000020000000                _sdata = .
 *(.data)
 *(.data*)
 *(.RamFunc)
 *(.RamFunc*)
                0x0000000020000000                . = ALIGN (0x4)
                0x0000000020000000                _edata = .
                0x00000000080009f0                _siccmram = LOADADDR (.ccmram)

.igot.plt       0x0000000020000000        0x0 load address 0x00000000080009f0
 .igot.plt      0x0000000020000000        0x0 c:/st/stm32cubeide_1.10.1/stm32cubeide/plugins/com.st.stm32cube.ide.mcu.externaltools.gnu-tools-for-stm32.10.3-2021.10.win32_1.0.0.202111181127/tools/bin/../lib/gcc/arm-none-eabi/10.3.1/thumb/v7e-m/nofp/crtbegin.o

.ccmram         0x0000000010000000        0x0 load address 0x00000000080009f0
                0x0000000010000000                . = ALIGN (0x4)
                0x0000000010000000                _sccmram = .
 *(.ccmram)
 *(.ccmram*)
                0x0000000010000000                . = ALIGN (0x4)
                0x0000000010000000                _eccmram = .
                0x0000000010000000                . = ALIGN (0x4)

.bss            0x0000000020000000       0x54
                0x0000000020000000                _sbss = .
                0x0000000020000000                __bss_start__ = _sbss
 *(.bss)
 .bss           0x0000000020000000       0x1c c:/st/stm32cubeide_1.10.1/stm32cubeide/plugins/com.st.stm32cube.ide.mcu.externaltools.gnu-tools-for-stm32.10.3-2021.10.win32_1.0.0.202111181127/tools/bin/../lib/gcc/arm-none-eabi/10.3.1/thumb/v7e-m/nofp/crtbegin.o
 *(.bss*)
 .bss.USART_Handle
                0x000000002000001c       0x20 ./Src/USART_Test.o
                0x000000002000001c                USART_Handle
 .bss.GPIO_InitStruct
                0x000000002000003c       0x18 ./Src/USART_Test.o
                0x000000002000003c                GPIO_InitStruct
 *(COMMON)
                0x0000000020000054                . = ALIGN (0x4)
                0x0000000020000054                _ebss = .
                0x0000000020000054                __bss_end__ = _ebss

._user_heap_stack
                0x0000000020000054      0x604
                0x0000000020000058                . = ALIGN (0x8)
 *fill*         0x0000000020000054        0x4 
                [!provide]                        PROVIDE (end = .)
                0x0000000020000058                PROVIDE (_end = .)
                0x0000000020000258                . = (. + _Min_Heap_Size)
 *fill*         0x0000000020000058      0x200 
                0x0000000020000658                . = (. + _Min_Stack_Size)
 *fill*         0x0000000020000258      0x400 
                0x0000000020000658                . = ALIGN (0x8)

/DISCARD/
 libc.a(*)
 libm.a(*)
 libgcc.a(*)

.ARM.attributes
                0x0000000000000000       0x2a
 *(.ARM.attributes)
 .ARM.attributes
                0x0000000000000000       0x1e c:/st/stm32cubeide_1.10.1/stm32cubeide/plugins/com.st.stm32cube.ide.mcu.externaltools.gnu-tools-for-stm32.10.3-2021.10.win32_1.0.0.202111181127/tools/bin/../lib/gcc/arm-none-eabi/10.3.1/thumb/v7e-m/nofp/crti.o
 .ARM.attributes
                0x000000000000001e       0x2e c:/st/stm32cubeide_1.10.1/stm32cubeide/plugins/com.st.stm32cube.ide.mcu.externaltools.gnu-tools-for-stm32.10.3-2021.10.win32_1.0.0.202111181127/tools/bin/../lib/gcc/arm-none-eabi/10.3.1/thumb/v7e-m/nofp/crtbegin.o
 .ARM.attributes
                0x000000000000004c       0x2e ./Src/USART_Test.o
 .ARM.attributes
                0x000000000000007a       0x21 ./Startup/startup_stm32f407vgtx.o
 .ARM.attributes
                0x000000000000009b       0x2e ./myDrivers/Src/GPIO.o
 .ARM.attributes
                0x00000000000000c9       0x2e ./myDrivers/Src/RCC.o
 .ARM.attributes
                0x00000000000000f7       0x2e ./myDrivers/Src/USART.o
 .ARM.attributes
                0x0000000000000125       0x2e c:/st/stm32cubeide_1.10.1/stm32cubeide/plugins/com.st.stm32cube.ide.mcu.externaltools.gnu-tools-for-stm32.10.3-2021.10.win32_1.0.0.202111181127/tools/bin/../lib/gcc/arm-none-eabi/10.3.1/../../../../arm-none-eabi/lib/thumb/v7e-m/nofp\libc_nano.a(lib_a-init.o)
 .ARM.attributes
                0x0000000000000153       0x17 c:/st/stm32cubeide_1.10.1/stm32cubeide/plugins/com.st.stm32cube.ide.mcu.externaltools.gnu-tools-for-stm32.10.3-2021.10.win32_1.0.0.202111181127/tools/bin/../lib/gcc/arm-none-eabi/10.3.1/../../../../arm-none-eabi/lib/thumb/v7e-m/nofp\libc_nano.a(lib_a-strlen.o)
 .ARM.attributes
                0x000000000000016a       0x1e c:/st/stm32cubeide_1.10.1/stm32cubeide/plugins/com.st.stm32cube.ide.mcu.externaltools.gnu-tools-for-stm32.10.3-2021.10.win32_1.0.0.202111181127/tools/bin/../lib/gcc/arm-none-eabi/10.3.1/thumb/v7e-m/nofp/crtn.o
OUTPUT(driverDevelopment.elf elf32-littlearm)
LOAD linker stubs
LOAD c:/st/stm32cubeide_1.10.1/stm32cubeide/plugins/com.st.stm32cube.ide.mcu.externaltools.gnu-tools-for-stm32.10.3-2021.10.win32_1.0.0.202111181127/tools/bin/../lib/gcc/arm-none-eabi/10.3.1/../../../../arm-none-eabi/lib/thumb/v7e-m/nofp\libc.a
LOAD c:/st/stm32cubeide_1.10.1/stm32cubeide/plugins/com.st.stm32cube.ide.mcu.externaltools.gnu-tools-for-stm32.10.3-2021.10.win32_1.0.0.202111181127/tools/bin/../lib/gcc/arm-none-eabi/10.3.1/../../../../arm-none-eabi/lib/thumb/v7e-m/nofp\libm.a
LOAD c:/st/stm32cubeide_1.10.1/stm32cubeide/plugins/com.st.stm32cube.ide.mcu.externaltools.gnu-tools-for-stm32.10.3-2021.10.win32_1.0.0.202111181127/tools/bin/../lib/gcc/arm-none-eabi/10.3.1/thumb/v7e-m/nofp\libgcc.a

.debug_info     0x0000000000000000     0x11a1
 .debug_info    0x0000000000000000      0x61e ./Src/USART_Test.o
 .debug_info    0x000000000000061e       0x22 ./Startup/startup_stm32f407vgtx.o
 .debug_info    0x0000000000000640      0x379 ./myDrivers/Src/GPIO.o
 .debug_info    0x00000000000009b9      0x3f0 ./myDrivers/Src/RCC.o
 .debug_info    0x0000000000000da9      0x3f8 ./myDrivers/Src/USART.o

.debug_abbrev   0x0000000000000000      0x49e
 .debug_abbrev  0x0000000000000000      0x151 ./Src/USART_Test.o
 .debug_abbrev  0x0000000000000151       0x12 ./Startup/startup_stm32f407vgtx.o
 .debug_abbrev  0x0000000000000163      0x110 ./myDrivers/Src/GPIO.o
 .debug_abbrev  0x0000000000000273       0xeb ./myDrivers/Src/RCC.o
 .debug_abbrev  0x000000000000035e      0x140 ./myDrivers/Src/USART.o

.debug_aranges  0x0000000000000000      0x110
 .debug_aranges
                0x0000000000000000       0x30 ./Src/USART_Test.o
 .debug_aranges
                0x0000000000000030       0x28 ./Startup/startup_stm32f407vgtx.o
 .debug_aranges
                0x0000000000000058       0x40 ./myDrivers/Src/GPIO.o
 .debug_aranges
                0x0000000000000098       0x38 ./myDrivers/Src/RCC.o
 .debug_aranges
                0x00000000000000d0       0x40 ./myDrivers/Src/USART.o

.debug_ranges   0x0000000000000000       0xc8
 .debug_ranges  0x0000000000000000       0x20 ./Src/USART_Test.o
 .debug_ranges  0x0000000000000020       0x20 ./Startup/startup_stm32f407vgtx.o
 .debug_ranges  0x0000000000000040       0x30 ./myDrivers/Src/GPIO.o
 .debug_ranges  0x0000000000000070       0x28 ./myDrivers/Src/RCC.o
 .debug_ranges  0x0000000000000098       0x30 ./myDrivers/Src/USART.o

.debug_macro    0x0000000000000000     0x255a
 .debug_macro   0x0000000000000000      0x185 ./Src/USART_Test.o
 .debug_macro   0x0000000000000185      0xa78 ./Src/USART_Test.o
 .debug_macro   0x0000000000000bfd       0x22 ./Src/USART_Test.o
 .debug_macro   0x0000000000000c1f       0x8e ./Src/USART_Test.o
 .debug_macro   0x0000000000000cad       0x51 ./Src/USART_Test.o
 .debug_macro   0x0000000000000cfe      0x103 ./Src/USART_Test.o
 .debug_macro   0x0000000000000e01       0x6a ./Src/USART_Test.o
 .debug_macro   0x0000000000000e6b      0x1df ./Src/USART_Test.o
 .debug_macro   0x000000000000104a       0x52 ./Src/USART_Test.o
 .debug_macro   0x000000000000109c       0x18 ./Src/USART_Test.o
 .debug_macro   0x00000000000010b4       0x3c ./Src/USART_Test.o
 .debug_macro   0x00000000000010f0       0x34 ./Src/USART_Test.o
 .debug_macro   0x0000000000001124      0x174 ./Src/USART_Test.o
 .debug_macro   0x0000000000001298       0x16 ./Src/USART_Test.o
 .debug_macro   0x00000000000012ae       0x43 ./Src/USART_Test.o
 .debug_macro   0x00000000000012f1       0x34 ./Src/USART_Test.o
 .debug_macro   0x0000000000001325       0x10 ./Src/USART_Test.o
 .debug_macro   0x0000000000001335       0x58 ./Src/USART_Test.o
 .debug_macro   0x000000000000138d       0x71 ./Src/USART_Test.o
 .debug_macro   0x00000000000013fe       0x1c ./Src/USART_Test.o
 .debug_macro   0x000000000000141a      0x12a ./Src/USART_Test.o
 .debug_macro   0x0000000000001544      0x341 ./Src/USART_Test.o
 .debug_macro   0x0000000000001885       0x10 ./Src/USART_Test.o
 .debug_macro   0x0000000000001895       0x35 ./Src/USART_Test.o
 .debug_macro   0x00000000000018ca       0x20 ./Src/USART_Test.o
 .debug_macro   0x00000000000018ea      0x2c1 ./Src/USART_Test.o
 .debug_macro   0x0000000000001bab       0x7c ./Src/USART_Test.o
 .debug_macro   0x0000000000001c27      0x11e ./Src/USART_Test.o
 .debug_macro   0x0000000000001d45       0xb8 ./Src/USART_Test.o
 .debug_macro   0x0000000000001dfd       0x9a ./Src/USART_Test.o
 .debug_macro   0x0000000000001e97       0x82 ./Src/USART_Test.o
 .debug_macro   0x0000000000001f19      0x18f ./myDrivers/Src/GPIO.o
 .debug_macro   0x00000000000020a8      0x118 ./myDrivers/Src/GPIO.o
 .debug_macro   0x00000000000021c0      0x18f ./myDrivers/Src/RCC.o
 .debug_macro   0x000000000000234f      0x18f ./myDrivers/Src/USART.o
 .debug_macro   0x00000000000024de       0x7c ./myDrivers/Src/USART.o

.debug_line     0x0000000000000000     0x1ba5
 .debug_line    0x0000000000000000      0x5f4 ./Src/USART_Test.o
 .debug_line    0x00000000000005f4       0x84 ./Startup/startup_stm32f407vgtx.o
 .debug_line    0x0000000000000678      0x6fd ./myDrivers/Src/GPIO.o
 .debug_line    0x0000000000000d75      0x65a ./myDrivers/Src/RCC.o
 .debug_line    0x00000000000013cf      0x7d6 ./myDrivers/Src/USART.o

.debug_str      0x0000000000000000     0x9c78
 .debug_str     0x0000000000000000     0x9993 ./Src/USART_Test.o
                                       0x9ba0 (size before relaxing)
 .debug_str     0x0000000000009993       0x31 ./Startup/startup_stm32f407vgtx.o
                                         0x85 (size before relaxing)
 .debug_str     0x00000000000099c4       0xd9 ./myDrivers/Src/GPIO.o
                                       0x9a0a (size before relaxing)
 .debug_str     0x0000000000009a9d       0xea ./myDrivers/Src/RCC.o
                                       0x9a9c (size before relaxing)
 .debug_str     0x0000000000009b87       0xf1 ./myDrivers/Src/USART.o
                                       0x9add (size before relaxing)

.comment        0x0000000000000000       0x50
 .comment       0x0000000000000000       0x50 ./Src/USART_Test.o
                                         0x51 (size before relaxing)
 .comment       0x0000000000000050       0x51 ./myDrivers/Src/GPIO.o
 .comment       0x0000000000000050       0x51 ./myDrivers/Src/RCC.o
 .comment       0x0000000000000050       0x51 ./myDrivers/Src/USART.o

.debug_frame    0x0000000000000000      0x2ec
 .debug_frame   0x0000000000000000       0x78 ./Src/USART_Test.o
 .debug_frame   0x0000000000000078       0xd8 ./myDrivers/Src/GPIO.o
 .debug_frame   0x0000000000000150       0xa4 ./myDrivers/Src/RCC.o
 .debug_frame   0x00000000000001f4       0xcc ./myDrivers/Src/USART.o
 .debug_frame   0x00000000000002c0       0x2c c:/st/stm32cubeide_1.10.1/stm32cubeide/plugins/com.st.stm32cube.ide.mcu.externaltools.gnu-tools-for-stm32.10.3-2021.10.win32_1.0.0.202111181127/tools/bin/../lib/gcc/arm-none-eabi/10.3.1/../../../../arm-none-eabi/lib/thumb/v7e-m/nofp\libc_nano.a(lib_a-init.o)
