Archive member included to satisfy reference by file (symbol)

c:/st/stm32cubeide_1.10.1/stm32cubeide/plugins/com.st.stm32cube.ide.mcu.externaltools.gnu-tools-for-stm32.10.3-2021.10.win32_1.0.0.202111181127/tools/bin/../lib/gcc/arm-none-eabi/10.3.1/../../../../arm-none-eabi/lib/thumb/v7e-m/nofp\libc_nano.a(lib_a-errno.o)
                              ./Src/syscalls.o (__errno)
c:/st/stm32cubeide_1.10.1/stm32cubeide/plugins/com.st.stm32cube.ide.mcu.externaltools.gnu-tools-for-stm32.10.3-2021.10.win32_1.0.0.202111181127/tools/bin/../lib/gcc/arm-none-eabi/10.3.1/../../../../arm-none-eabi/lib/thumb/v7e-m/nofp\libc_nano.a(lib_a-exit.o)
                              c:/st/stm32cubeide_1.10.1/stm32cubeide/plugins/com.st.stm32cube.ide.mcu.externaltools.gnu-tools-for-stm32.10.3-2021.10.win32_1.0.0.202111181127/tools/bin/../lib/gcc/arm-none-eabi/10.3.1/../../../../arm-none-eabi/lib/thumb/v7e-m/nofp/crt0.o (exit)
c:/st/stm32cubeide_1.10.1/stm32cubeide/plugins/com.st.stm32cube.ide.mcu.externaltools.gnu-tools-for-stm32.10.3-2021.10.win32_1.0.0.202111181127/tools/bin/../lib/gcc/arm-none-eabi/10.3.1/../../../../arm-none-eabi/lib/thumb/v7e-m/nofp\libc_nano.a(lib_a-impure.o)
                              c:/st/stm32cubeide_1.10.1/stm32cubeide/plugins/com.st.stm32cube.ide.mcu.externaltools.gnu-tools-for-stm32.10.3-2021.10.win32_1.0.0.202111181127/tools/bin/../lib/gcc/arm-none-eabi/10.3.1/../../../../arm-none-eabi/lib/thumb/v7e-m/nofp\libc_nano.a(lib_a-exit.o) (_global_impure_ptr)
c:/st/stm32cubeide_1.10.1/stm32cubeide/plugins/com.st.stm32cube.ide.mcu.externaltools.gnu-tools-for-stm32.10.3-2021.10.win32_1.0.0.202111181127/tools/bin/../lib/gcc/arm-none-eabi/10.3.1/../../../../arm-none-eabi/lib/thumb/v7e-m/nofp\libc_nano.a(lib_a-init.o)
                              c:/st/stm32cubeide_1.10.1/stm32cubeide/plugins/com.st.stm32cube.ide.mcu.externaltools.gnu-tools-for-stm32.10.3-2021.10.win32_1.0.0.202111181127/tools/bin/../lib/gcc/arm-none-eabi/10.3.1/../../../../arm-none-eabi/lib/thumb/v7e-m/nofp/crt0.o (__libc_init_array)
c:/st/stm32cubeide_1.10.1/stm32cubeide/plugins/com.st.stm32cube.ide.mcu.externaltools.gnu-tools-for-stm32.10.3-2021.10.win32_1.0.0.202111181127/tools/bin/../lib/gcc/arm-none-eabi/10.3.1/../../../../arm-none-eabi/lib/thumb/v7e-m/nofp\libc_nano.a(lib_a-memset.o)
                              c:/st/stm32cubeide_1.10.1/stm32cubeide/plugins/com.st.stm32cube.ide.mcu.externaltools.gnu-tools-for-stm32.10.3-2021.10.win32_1.0.0.202111181127/tools/bin/../lib/gcc/arm-none-eabi/10.3.1/../../../../arm-none-eabi/lib/thumb/v7e-m/nofp/crt0.o (memset)
c:/st/stm32cubeide_1.10.1/stm32cubeide/plugins/com.st.stm32cube.ide.mcu.externaltools.gnu-tools-for-stm32.10.3-2021.10.win32_1.0.0.202111181127/tools/bin/../lib/gcc/arm-none-eabi/10.3.1/../../../../arm-none-eabi/lib/thumb/v7e-m/nofp\libc_nano.a(lib_a-strlen.o)
                              ./Src/main.o (strlen)

Discarded input sections

 .text          0x0000000000000000        0x0 c:/st/stm32cubeide_1.10.1/stm32cubeide/plugins/com.st.stm32cube.ide.mcu.externaltools.gnu-tools-for-stm32.10.3-2021.10.win32_1.0.0.202111181127/tools/bin/../lib/gcc/arm-none-eabi/10.3.1/thumb/v7e-m/nofp/crti.o
 .data          0x0000000000000000        0x0 c:/st/stm32cubeide_1.10.1/stm32cubeide/plugins/com.st.stm32cube.ide.mcu.externaltools.gnu-tools-for-stm32.10.3-2021.10.win32_1.0.0.202111181127/tools/bin/../lib/gcc/arm-none-eabi/10.3.1/thumb/v7e-m/nofp/crti.o
 .bss           0x0000000000000000        0x0 c:/st/stm32cubeide_1.10.1/stm32cubeide/plugins/com.st.stm32cube.ide.mcu.externaltools.gnu-tools-for-stm32.10.3-2021.10.win32_1.0.0.202111181127/tools/bin/../lib/gcc/arm-none-eabi/10.3.1/thumb/v7e-m/nofp/crti.o
 .data          0x0000000000000000        0x4 c:/st/stm32cubeide_1.10.1/stm32cubeide/plugins/com.st.stm32cube.ide.mcu.externaltools.gnu-tools-for-stm32.10.3-2021.10.win32_1.0.0.202111181127/tools/bin/../lib/gcc/arm-none-eabi/10.3.1/thumb/v7e-m/nofp/crtbegin.o
 .rodata        0x0000000000000000       0x24 c:/st/stm32cubeide_1.10.1/stm32cubeide/plugins/com.st.stm32cube.ide.mcu.externaltools.gnu-tools-for-stm32.10.3-2021.10.win32_1.0.0.202111181127/tools/bin/../lib/gcc/arm-none-eabi/10.3.1/thumb/v7e-m/nofp/crtbegin.o
 .text          0x0000000000000000       0x7c c:/st/stm32cubeide_1.10.1/stm32cubeide/plugins/com.st.stm32cube.ide.mcu.externaltools.gnu-tools-for-stm32.10.3-2021.10.win32_1.0.0.202111181127/tools/bin/../lib/gcc/arm-none-eabi/10.3.1/../../../../arm-none-eabi/lib/thumb/v7e-m/nofp/crt0.o
 .data          0x0000000000000000        0x0 c:/st/stm32cubeide_1.10.1/stm32cubeide/plugins/com.st.stm32cube.ide.mcu.externaltools.gnu-tools-for-stm32.10.3-2021.10.win32_1.0.0.202111181127/tools/bin/../lib/gcc/arm-none-eabi/10.3.1/../../../../arm-none-eabi/lib/thumb/v7e-m/nofp/crt0.o
 .bss           0x0000000000000000        0x0 c:/st/stm32cubeide_1.10.1/stm32cubeide/plugins/com.st.stm32cube.ide.mcu.externaltools.gnu-tools-for-stm32.10.3-2021.10.win32_1.0.0.202111181127/tools/bin/../lib/gcc/arm-none-eabi/10.3.1/../../../../arm-none-eabi/lib/thumb/v7e-m/nofp/crt0.o
 .ARM.extab     0x0000000000000000        0x0 c:/st/stm32cubeide_1.10.1/stm32cubeide/plugins/com.st.stm32cube.ide.mcu.externaltools.gnu-tools-for-stm32.10.3-2021.10.win32_1.0.0.202111181127/tools/bin/../lib/gcc/arm-none-eabi/10.3.1/../../../../arm-none-eabi/lib/thumb/v7e-m/nofp/crt0.o
 .ARM.exidx     0x0000000000000000       0x10 c:/st/stm32cubeide_1.10.1/stm32cubeide/plugins/com.st.stm32cube.ide.mcu.externaltools.gnu-tools-for-stm32.10.3-2021.10.win32_1.0.0.202111181127/tools/bin/../lib/gcc/arm-none-eabi/10.3.1/../../../../arm-none-eabi/lib/thumb/v7e-m/nofp/crt0.o
 .ARM.attributes
                0x0000000000000000       0x1c c:/st/stm32cubeide_1.10.1/stm32cubeide/plugins/com.st.stm32cube.ide.mcu.externaltools.gnu-tools-for-stm32.10.3-2021.10.win32_1.0.0.202111181127/tools/bin/../lib/gcc/arm-none-eabi/10.3.1/../../../../arm-none-eabi/lib/thumb/v7e-m/nofp/crt0.o
 .group         0x0000000000000000        0xc ./Src/main.o
 .group         0x0000000000000000        0xc ./Src/main.o
 .group         0x0000000000000000        0xc ./Src/main.o
 .group         0x0000000000000000        0xc ./Src/main.o
 .group         0x0000000000000000        0xc ./Src/main.o
 .group         0x0000000000000000        0xc ./Src/main.o
 .group         0x0000000000000000        0xc ./Src/main.o
 .group         0x0000000000000000        0xc ./Src/main.o
 .group         0x0000000000000000        0xc ./Src/main.o
 .group         0x0000000000000000        0xc ./Src/main.o
 .group         0x0000000000000000        0xc ./Src/main.o
 .group         0x0000000000000000        0xc ./Src/main.o
 .group         0x0000000000000000        0xc ./Src/main.o
 .group         0x0000000000000000        0xc ./Src/main.o
 .group         0x0000000000000000        0xc ./Src/main.o
 .group         0x0000000000000000        0xc ./Src/main.o
 .group         0x0000000000000000        0xc ./Src/main.o
 .group         0x0000000000000000        0xc ./Src/main.o
 .group         0x0000000000000000        0xc ./Src/main.o
 .group         0x0000000000000000        0xc ./Src/main.o
 .group         0x0000000000000000        0xc ./Src/main.o
 .group         0x0000000000000000        0xc ./Src/main.o
 .group         0x0000000000000000        0xc ./Src/main.o
 .group         0x0000000000000000        0xc ./Src/main.o
 .group         0x0000000000000000        0xc ./Src/main.o
 .group         0x0000000000000000        0xc ./Src/main.o
 .group         0x0000000000000000        0xc ./Src/main.o
 .group         0x0000000000000000        0xc ./Src/main.o
 .group         0x0000000000000000        0xc ./Src/main.o
 .text          0x0000000000000000        0x0 ./Src/main.o
 .data          0x0000000000000000        0x0 ./Src/main.o
 .bss           0x0000000000000000        0x0 ./Src/main.o
 .group         0x0000000000000000        0xc ./Src/syscalls.o
 .group         0x0000000000000000        0xc ./Src/syscalls.o
 .group         0x0000000000000000        0xc ./Src/syscalls.o
 .group         0x0000000000000000        0xc ./Src/syscalls.o
 .group         0x0000000000000000        0xc ./Src/syscalls.o
 .group         0x0000000000000000        0xc ./Src/syscalls.o
 .group         0x0000000000000000        0xc ./Src/syscalls.o
 .group         0x0000000000000000        0xc ./Src/syscalls.o
 .group         0x0000000000000000        0xc ./Src/syscalls.o
 .group         0x0000000000000000        0xc ./Src/syscalls.o
 .group         0x0000000000000000        0xc ./Src/syscalls.o
 .group         0x0000000000000000        0xc ./Src/syscalls.o
 .group         0x0000000000000000        0xc ./Src/syscalls.o
 .group         0x0000000000000000        0xc ./Src/syscalls.o
 .group         0x0000000000000000        0xc ./Src/syscalls.o
 .group         0x0000000000000000        0xc ./Src/syscalls.o
 .group         0x0000000000000000        0xc ./Src/syscalls.o
 .group         0x0000000000000000        0xc ./Src/syscalls.o
 .group         0x0000000000000000        0xc ./Src/syscalls.o
 .group         0x0000000000000000        0xc ./Src/syscalls.o
 .group         0x0000000000000000        0xc ./Src/syscalls.o
 .group         0x0000000000000000        0xc ./Src/syscalls.o
 .group         0x0000000000000000        0xc ./Src/syscalls.o
 .group         0x0000000000000000        0xc ./Src/syscalls.o
 .group         0x0000000000000000        0xc ./Src/syscalls.o
 .group         0x0000000000000000        0xc ./Src/syscalls.o
 .group         0x0000000000000000        0xc ./Src/syscalls.o
 .group         0x0000000000000000        0xc ./Src/syscalls.o
 .group         0x0000000000000000        0xc ./Src/syscalls.o
 .group         0x0000000000000000        0xc ./Src/syscalls.o
 .group         0x0000000000000000        0xc ./Src/syscalls.o
 .group         0x0000000000000000        0xc ./Src/syscalls.o
 .group         0x0000000000000000        0xc ./Src/syscalls.o
 .group         0x0000000000000000        0xc ./Src/syscalls.o
 .group         0x0000000000000000        0xc ./Src/syscalls.o
 .group         0x0000000000000000        0xc ./Src/syscalls.o
 .group         0x0000000000000000        0xc ./Src/syscalls.o
 .group         0x0000000000000000        0xc ./Src/syscalls.o
 .group         0x0000000000000000        0xc ./Src/syscalls.o
 .group         0x0000000000000000        0xc ./Src/syscalls.o
 .group         0x0000000000000000        0xc ./Src/syscalls.o
 .group         0x0000000000000000        0xc ./Src/syscalls.o
 .group         0x0000000000000000        0xc ./Src/syscalls.o
 .group         0x0000000000000000        0xc ./Src/syscalls.o
 .group         0x0000000000000000        0xc ./Src/syscalls.o
 .group         0x0000000000000000        0xc ./Src/syscalls.o
 .group         0x0000000000000000        0xc ./Src/syscalls.o
 .text          0x0000000000000000        0x0 ./Src/syscalls.o
 .data          0x0000000000000000        0x0 ./Src/syscalls.o
 .bss           0x0000000000000000        0x0 ./Src/syscalls.o
 .bss.__env     0x0000000000000000        0x4 ./Src/syscalls.o
 .data.environ  0x0000000000000000        0x4 ./Src/syscalls.o
 .text.initialise_monitor_handles
                0x0000000000000000        0xc ./Src/syscalls.o
 .text._getpid  0x0000000000000000        0xe ./Src/syscalls.o
 .text._kill    0x0000000000000000       0x20 ./Src/syscalls.o
 .text._exit    0x0000000000000000       0x14 ./Src/syscalls.o
 .text._read    0x0000000000000000       0x3a ./Src/syscalls.o
 .text._write   0x0000000000000000       0x38 ./Src/syscalls.o
 .text._close   0x0000000000000000       0x16 ./Src/syscalls.o
 .text._fstat   0x0000000000000000       0x1e ./Src/syscalls.o
 .text._isatty  0x0000000000000000       0x14 ./Src/syscalls.o
 .text._lseek   0x0000000000000000       0x18 ./Src/syscalls.o
 .text._open    0x0000000000000000       0x1a ./Src/syscalls.o
 .text._wait    0x0000000000000000       0x1e ./Src/syscalls.o
 .text._unlink  0x0000000000000000       0x1e ./Src/syscalls.o
 .text._times   0x0000000000000000       0x16 ./Src/syscalls.o
 .text._stat    0x0000000000000000       0x1e ./Src/syscalls.o
 .text._link    0x0000000000000000       0x20 ./Src/syscalls.o
 .text._fork    0x0000000000000000       0x16 ./Src/syscalls.o
 .text._execve  0x0000000000000000       0x22 ./Src/syscalls.o
 .debug_info    0x0000000000000000      0x6e0 ./Src/syscalls.o
 .debug_abbrev  0x0000000000000000      0x1b3 ./Src/syscalls.o
 .debug_aranges
                0x0000000000000000       0xa8 ./Src/syscalls.o
 .debug_ranges  0x0000000000000000       0x98 ./Src/syscalls.o
 .debug_macro   0x0000000000000000      0x24c ./Src/syscalls.o
 .debug_macro   0x0000000000000000      0xa78 ./Src/syscalls.o
 .debug_macro   0x0000000000000000       0x22 ./Src/syscalls.o
 .debug_macro   0x0000000000000000       0x4c ./Src/syscalls.o
 .debug_macro   0x0000000000000000       0x18 ./Src/syscalls.o
 .debug_macro   0x0000000000000000       0x94 ./Src/syscalls.o
 .debug_macro   0x0000000000000000       0x3c ./Src/syscalls.o
 .debug_macro   0x0000000000000000       0x34 ./Src/syscalls.o
 .debug_macro   0x0000000000000000       0x57 ./Src/syscalls.o
 .debug_macro   0x0000000000000000      0x174 ./Src/syscalls.o
 .debug_macro   0x0000000000000000      0x341 ./Src/syscalls.o
 .debug_macro   0x0000000000000000       0x16 ./Src/syscalls.o
 .debug_macro   0x0000000000000000       0x43 ./Src/syscalls.o
 .debug_macro   0x0000000000000000       0x34 ./Src/syscalls.o
 .debug_macro   0x0000000000000000       0x10 ./Src/syscalls.o
 .debug_macro   0x0000000000000000       0x58 ./Src/syscalls.o
 .debug_macro   0x0000000000000000       0x71 ./Src/syscalls.o
 .debug_macro   0x0000000000000000       0x1c ./Src/syscalls.o
 .debug_macro   0x0000000000000000      0x12a ./Src/syscalls.o
 .debug_macro   0x0000000000000000       0x10 ./Src/syscalls.o
 .debug_macro   0x0000000000000000       0x35 ./Src/syscalls.o
 .debug_macro   0x0000000000000000       0x10 ./Src/syscalls.o
 .debug_macro   0x0000000000000000       0x10 ./Src/syscalls.o
 .debug_macro   0x0000000000000000       0x10 ./Src/syscalls.o
 .debug_macro   0x0000000000000000       0x6a ./Src/syscalls.o
 .debug_macro   0x0000000000000000       0x1c ./Src/syscalls.o
 .debug_macro   0x0000000000000000       0x52 ./Src/syscalls.o
 .debug_macro   0x0000000000000000       0x22 ./Src/syscalls.o
 .debug_macro   0x0000000000000000       0x10 ./Src/syscalls.o
 .debug_macro   0x0000000000000000       0x52 ./Src/syscalls.o
 .debug_macro   0x0000000000000000       0xd5 ./Src/syscalls.o
 .debug_macro   0x0000000000000000       0x1c ./Src/syscalls.o
 .debug_macro   0x0000000000000000       0x3d ./Src/syscalls.o
 .debug_macro   0x0000000000000000       0x35 ./Src/syscalls.o
 .debug_macro   0x0000000000000000      0x12c ./Src/syscalls.o
 .debug_macro   0x0000000000000000       0x16 ./Src/syscalls.o
 .debug_macro   0x0000000000000000       0x16 ./Src/syscalls.o
 .debug_macro   0x0000000000000000       0x29 ./Src/syscalls.o
 .debug_macro   0x0000000000000000       0x10 ./Src/syscalls.o
 .debug_macro   0x0000000000000000      0x241 ./Src/syscalls.o
 .debug_macro   0x0000000000000000       0x1c ./Src/syscalls.o
 .debug_macro   0x0000000000000000       0x10 ./Src/syscalls.o
 .debug_macro   0x0000000000000000       0x10 ./Src/syscalls.o
 .debug_macro   0x0000000000000000       0x16 ./Src/syscalls.o
 .debug_macro   0x0000000000000000      0x145 ./Src/syscalls.o
 .debug_macro   0x0000000000000000      0x189 ./Src/syscalls.o
 .debug_macro   0x0000000000000000       0x16 ./Src/syscalls.o
 .debug_macro   0x0000000000000000       0xce ./Src/syscalls.o
 .debug_line    0x0000000000000000      0x7ef ./Src/syscalls.o
 .debug_str     0x0000000000000000     0x8a4b ./Src/syscalls.o
 .comment       0x0000000000000000       0x51 ./Src/syscalls.o
 .debug_frame   0x0000000000000000      0x2ac ./Src/syscalls.o
 .ARM.attributes
                0x0000000000000000       0x2e ./Src/syscalls.o
 .group         0x0000000000000000        0xc ./Src/sysmem.o
 .group         0x0000000000000000        0xc ./Src/sysmem.o
 .group         0x0000000000000000        0xc ./Src/sysmem.o
 .group         0x0000000000000000        0xc ./Src/sysmem.o
 .group         0x0000000000000000        0xc ./Src/sysmem.o
 .group         0x0000000000000000        0xc ./Src/sysmem.o
 .group         0x0000000000000000        0xc ./Src/sysmem.o
 .group         0x0000000000000000        0xc ./Src/sysmem.o
 .group         0x0000000000000000        0xc ./Src/sysmem.o
 .group         0x0000000000000000        0xc ./Src/sysmem.o
 .group         0x0000000000000000        0xc ./Src/sysmem.o
 .group         0x0000000000000000        0xc ./Src/sysmem.o
 .group         0x0000000000000000        0xc ./Src/sysmem.o
 .group         0x0000000000000000        0xc ./Src/sysmem.o
 .group         0x0000000000000000        0xc ./Src/sysmem.o
 .group         0x0000000000000000        0xc ./Src/sysmem.o
 .group         0x0000000000000000        0xc ./Src/sysmem.o
 .group         0x0000000000000000        0xc ./Src/sysmem.o
 .group         0x0000000000000000        0xc ./Src/sysmem.o
 .group         0x0000000000000000        0xc ./Src/sysmem.o
 .group         0x0000000000000000        0xc ./Src/sysmem.o
 .group         0x0000000000000000        0xc ./Src/sysmem.o
 .text          0x0000000000000000        0x0 ./Src/sysmem.o
 .data          0x0000000000000000        0x0 ./Src/sysmem.o
 .bss           0x0000000000000000        0x0 ./Src/sysmem.o
 .bss.__sbrk_heap_end
                0x0000000000000000        0x4 ./Src/sysmem.o
 .text._sbrk    0x0000000000000000       0x6c ./Src/sysmem.o
 .debug_info    0x0000000000000000      0x171 ./Src/sysmem.o
 .debug_abbrev  0x0000000000000000       0xbb ./Src/sysmem.o
 .debug_aranges
                0x0000000000000000       0x20 ./Src/sysmem.o
 .debug_ranges  0x0000000000000000       0x10 ./Src/sysmem.o
 .debug_macro   0x0000000000000000       0xff ./Src/sysmem.o
 .debug_macro   0x0000000000000000      0xa78 ./Src/sysmem.o
 .debug_macro   0x0000000000000000       0x10 ./Src/sysmem.o
 .debug_macro   0x0000000000000000       0x22 ./Src/sysmem.o
 .debug_macro   0x0000000000000000       0x4c ./Src/sysmem.o
 .debug_macro   0x0000000000000000       0x18 ./Src/sysmem.o
 .debug_macro   0x0000000000000000       0x94 ./Src/sysmem.o
 .debug_macro   0x0000000000000000       0x3c ./Src/sysmem.o
 .debug_macro   0x0000000000000000       0x34 ./Src/sysmem.o
 .debug_macro   0x0000000000000000      0x174 ./Src/sysmem.o
 .debug_macro   0x0000000000000000       0x16 ./Src/sysmem.o
 .debug_macro   0x0000000000000000       0x43 ./Src/sysmem.o
 .debug_macro   0x0000000000000000       0x57 ./Src/sysmem.o
 .debug_macro   0x0000000000000000       0x34 ./Src/sysmem.o
 .debug_macro   0x0000000000000000       0x10 ./Src/sysmem.o
 .debug_macro   0x0000000000000000       0x58 ./Src/sysmem.o
 .debug_macro   0x0000000000000000       0x71 ./Src/sysmem.o
 .debug_macro   0x0000000000000000       0x1c ./Src/sysmem.o
 .debug_macro   0x0000000000000000      0x12a ./Src/sysmem.o
 .debug_macro   0x0000000000000000      0x23b ./Src/sysmem.o
 .debug_macro   0x0000000000000000      0x103 ./Src/sysmem.o
 .debug_macro   0x0000000000000000       0x6a ./Src/sysmem.o
 .debug_macro   0x0000000000000000      0x1df ./Src/sysmem.o
 .debug_line    0x0000000000000000      0x4e5 ./Src/sysmem.o
 .debug_str     0x0000000000000000     0x5d87 ./Src/sysmem.o
 .comment       0x0000000000000000       0x51 ./Src/sysmem.o
 .debug_frame   0x0000000000000000       0x34 ./Src/sysmem.o
 .ARM.attributes
                0x0000000000000000       0x2e ./Src/sysmem.o
 .text          0x0000000000000000       0x14 ./Startup/startup_stm32f407vgtx.o
 .data          0x0000000000000000        0x0 ./Startup/startup_stm32f407vgtx.o
 .bss           0x0000000000000000        0x0 ./Startup/startup_stm32f407vgtx.o
 .group         0x0000000000000000        0xc ./myDrivers/Src/EXTI.o
 .group         0x0000000000000000        0xc ./myDrivers/Src/EXTI.o
 .group         0x0000000000000000        0xc ./myDrivers/Src/EXTI.o
 .group         0x0000000000000000        0xc ./myDrivers/Src/EXTI.o
 .group         0x0000000000000000        0xc ./myDrivers/Src/EXTI.o
 .group         0x0000000000000000        0xc ./myDrivers/Src/EXTI.o
 .group         0x0000000000000000        0xc ./myDrivers/Src/EXTI.o
 .group         0x0000000000000000        0xc ./myDrivers/Src/EXTI.o
 .group         0x0000000000000000        0xc ./myDrivers/Src/EXTI.o
 .group         0x0000000000000000        0xc ./myDrivers/Src/EXTI.o
 .group         0x0000000000000000        0xc ./myDrivers/Src/EXTI.o
 .group         0x0000000000000000        0xc ./myDrivers/Src/EXTI.o
 .group         0x0000000000000000        0xc ./myDrivers/Src/EXTI.o
 .group         0x0000000000000000        0xc ./myDrivers/Src/EXTI.o
 .group         0x0000000000000000        0xc ./myDrivers/Src/EXTI.o
 .group         0x0000000000000000        0xc ./myDrivers/Src/EXTI.o
 .group         0x0000000000000000        0xc ./myDrivers/Src/EXTI.o
 .group         0x0000000000000000        0xc ./myDrivers/Src/EXTI.o
 .group         0x0000000000000000        0xc ./myDrivers/Src/EXTI.o
 .group         0x0000000000000000        0xc ./myDrivers/Src/EXTI.o
 .group         0x0000000000000000        0xc ./myDrivers/Src/EXTI.o
 .group         0x0000000000000000        0xc ./myDrivers/Src/EXTI.o
 .group         0x0000000000000000        0xc ./myDrivers/Src/EXTI.o
 .group         0x0000000000000000        0xc ./myDrivers/Src/EXTI.o
 .group         0x0000000000000000        0xc ./myDrivers/Src/EXTI.o
 .group         0x0000000000000000        0xc ./myDrivers/Src/EXTI.o
 .group         0x0000000000000000        0xc ./myDrivers/Src/EXTI.o
 .group         0x0000000000000000        0xc ./myDrivers/Src/EXTI.o
 .group         0x0000000000000000        0xc ./myDrivers/Src/EXTI.o
 .text          0x0000000000000000        0x0 ./myDrivers/Src/EXTI.o
 .data          0x0000000000000000        0x0 ./myDrivers/Src/EXTI.o
 .bss           0x0000000000000000        0x0 ./myDrivers/Src/EXTI.o
 .debug_macro   0x0000000000000000      0xa78 ./myDrivers/Src/EXTI.o
 .debug_macro   0x0000000000000000       0x22 ./myDrivers/Src/EXTI.o
 .debug_macro   0x0000000000000000       0x8e ./myDrivers/Src/EXTI.o
 .debug_macro   0x0000000000000000       0x51 ./myDrivers/Src/EXTI.o
 .debug_macro   0x0000000000000000      0x103 ./myDrivers/Src/EXTI.o
 .debug_macro   0x0000000000000000       0x6a ./myDrivers/Src/EXTI.o
 .debug_macro   0x0000000000000000      0x1df ./myDrivers/Src/EXTI.o
 .debug_macro   0x0000000000000000       0x52 ./myDrivers/Src/EXTI.o
 .debug_macro   0x0000000000000000       0x18 ./myDrivers/Src/EXTI.o
 .debug_macro   0x0000000000000000       0x3c ./myDrivers/Src/EXTI.o
 .debug_macro   0x0000000000000000       0x34 ./myDrivers/Src/EXTI.o
 .debug_macro   0x0000000000000000      0x174 ./myDrivers/Src/EXTI.o
 .debug_macro   0x0000000000000000       0x16 ./myDrivers/Src/EXTI.o
 .debug_macro   0x0000000000000000       0x43 ./myDrivers/Src/EXTI.o
 .debug_macro   0x0000000000000000       0x34 ./myDrivers/Src/EXTI.o
 .debug_macro   0x0000000000000000       0x10 ./myDrivers/Src/EXTI.o
 .debug_macro   0x0000000000000000       0x58 ./myDrivers/Src/EXTI.o
 .debug_macro   0x0000000000000000       0x71 ./myDrivers/Src/EXTI.o
 .debug_macro   0x0000000000000000       0x1c ./myDrivers/Src/EXTI.o
 .debug_macro   0x0000000000000000      0x12a ./myDrivers/Src/EXTI.o
 .debug_macro   0x0000000000000000      0x341 ./myDrivers/Src/EXTI.o
 .debug_macro   0x0000000000000000       0x10 ./myDrivers/Src/EXTI.o
 .debug_macro   0x0000000000000000       0x35 ./myDrivers/Src/EXTI.o
 .debug_macro   0x0000000000000000       0x20 ./myDrivers/Src/EXTI.o
 .debug_macro   0x0000000000000000      0x235 ./myDrivers/Src/EXTI.o
 .debug_macro   0x0000000000000000       0x64 ./myDrivers/Src/EXTI.o
 .debug_macro   0x0000000000000000      0x11e ./myDrivers/Src/EXTI.o
 .debug_macro   0x0000000000000000       0x9a ./myDrivers/Src/EXTI.o
 .group         0x0000000000000000        0xc ./myDrivers/Src/GPIO.o
 .group         0x0000000000000000        0xc ./myDrivers/Src/GPIO.o
 .group         0x0000000000000000        0xc ./myDrivers/Src/GPIO.o
 .group         0x0000000000000000        0xc ./myDrivers/Src/GPIO.o
 .group         0x0000000000000000        0xc ./myDrivers/Src/GPIO.o
 .group         0x0000000000000000        0xc ./myDrivers/Src/GPIO.o
 .group         0x0000000000000000        0xc ./myDrivers/Src/GPIO.o
 .group         0x0000000000000000        0xc ./myDrivers/Src/GPIO.o
 .group         0x0000000000000000        0xc ./myDrivers/Src/GPIO.o
 .group         0x0000000000000000        0xc ./myDrivers/Src/GPIO.o
 .group         0x0000000000000000        0xc ./myDrivers/Src/GPIO.o
 .group         0x0000000000000000        0xc ./myDrivers/Src/GPIO.o
 .group         0x0000000000000000        0xc ./myDrivers/Src/GPIO.o
 .group         0x0000000000000000        0xc ./myDrivers/Src/GPIO.o
 .group         0x0000000000000000        0xc ./myDrivers/Src/GPIO.o
 .group         0x0000000000000000        0xc ./myDrivers/Src/GPIO.o
 .group         0x0000000000000000        0xc ./myDrivers/Src/GPIO.o
 .group         0x0000000000000000        0xc ./myDrivers/Src/GPIO.o
 .group         0x0000000000000000        0xc ./myDrivers/Src/GPIO.o
 .group         0x0000000000000000        0xc ./myDrivers/Src/GPIO.o
 .group         0x0000000000000000        0xc ./myDrivers/Src/GPIO.o
 .group         0x0000000000000000        0xc ./myDrivers/Src/GPIO.o
 .group         0x0000000000000000        0xc ./myDrivers/Src/GPIO.o
 .group         0x0000000000000000        0xc ./myDrivers/Src/GPIO.o
 .group         0x0000000000000000        0xc ./myDrivers/Src/GPIO.o
 .group         0x0000000000000000        0xc ./myDrivers/Src/GPIO.o
 .group         0x0000000000000000        0xc ./myDrivers/Src/GPIO.o
 .group         0x0000000000000000        0xc ./myDrivers/Src/GPIO.o
 .group         0x0000000000000000        0xc ./myDrivers/Src/GPIO.o
 .text          0x0000000000000000        0x0 ./myDrivers/Src/GPIO.o
 .data          0x0000000000000000        0x0 ./myDrivers/Src/GPIO.o
 .bss           0x0000000000000000        0x0 ./myDrivers/Src/GPIO.o
 .text.GPIO_WritePin
                0x0000000000000000       0x32 ./myDrivers/Src/GPIO.o
 .text.GPIO_ReadPin
                0x0000000000000000       0x2c ./myDrivers/Src/GPIO.o
 .text.GPIO_LockPin
                0x0000000000000000       0x36 ./myDrivers/Src/GPIO.o
 .text.GPIO_TogglePin
                0x0000000000000000       0x32 ./myDrivers/Src/GPIO.o
 .debug_macro   0x0000000000000000      0xa78 ./myDrivers/Src/GPIO.o
 .debug_macro   0x0000000000000000       0x22 ./myDrivers/Src/GPIO.o
 .debug_macro   0x0000000000000000       0x8e ./myDrivers/Src/GPIO.o
 .debug_macro   0x0000000000000000       0x51 ./myDrivers/Src/GPIO.o
 .debug_macro   0x0000000000000000      0x103 ./myDrivers/Src/GPIO.o
 .debug_macro   0x0000000000000000       0x6a ./myDrivers/Src/GPIO.o
 .debug_macro   0x0000000000000000      0x1df ./myDrivers/Src/GPIO.o
 .debug_macro   0x0000000000000000       0x52 ./myDrivers/Src/GPIO.o
 .debug_macro   0x0000000000000000       0x18 ./myDrivers/Src/GPIO.o
 .debug_macro   0x0000000000000000       0x3c ./myDrivers/Src/GPIO.o
 .debug_macro   0x0000000000000000       0x34 ./myDrivers/Src/GPIO.o
 .debug_macro   0x0000000000000000      0x174 ./myDrivers/Src/GPIO.o
 .debug_macro   0x0000000000000000       0x16 ./myDrivers/Src/GPIO.o
 .debug_macro   0x0000000000000000       0x43 ./myDrivers/Src/GPIO.o
 .debug_macro   0x0000000000000000       0x34 ./myDrivers/Src/GPIO.o
 .debug_macro   0x0000000000000000       0x10 ./myDrivers/Src/GPIO.o
 .debug_macro   0x0000000000000000       0x58 ./myDrivers/Src/GPIO.o
 .debug_macro   0x0000000000000000       0x71 ./myDrivers/Src/GPIO.o
 .debug_macro   0x0000000000000000       0x1c ./myDrivers/Src/GPIO.o
 .debug_macro   0x0000000000000000      0x12a ./myDrivers/Src/GPIO.o
 .debug_macro   0x0000000000000000      0x341 ./myDrivers/Src/GPIO.o
 .debug_macro   0x0000000000000000       0x10 ./myDrivers/Src/GPIO.o
 .debug_macro   0x0000000000000000       0x35 ./myDrivers/Src/GPIO.o
 .debug_macro   0x0000000000000000       0x20 ./myDrivers/Src/GPIO.o
 .debug_macro   0x0000000000000000      0x235 ./myDrivers/Src/GPIO.o
 .debug_macro   0x0000000000000000       0x64 ./myDrivers/Src/GPIO.o
 .debug_macro   0x0000000000000000       0xb8 ./myDrivers/Src/GPIO.o
 .debug_macro   0x0000000000000000       0x9a ./myDrivers/Src/GPIO.o
 .group         0x0000000000000000        0xc ./myDrivers/Src/RCC.o
 .group         0x0000000000000000        0xc ./myDrivers/Src/RCC.o
 .group         0x0000000000000000        0xc ./myDrivers/Src/RCC.o
 .group         0x0000000000000000        0xc ./myDrivers/Src/RCC.o
 .group         0x0000000000000000        0xc ./myDrivers/Src/RCC.o
 .group         0x0000000000000000        0xc ./myDrivers/Src/RCC.o
 .group         0x0000000000000000        0xc ./myDrivers/Src/RCC.o
 .group         0x0000000000000000        0xc ./myDrivers/Src/RCC.o
 .group         0x0000000000000000        0xc ./myDrivers/Src/RCC.o
 .group         0x0000000000000000        0xc ./myDrivers/Src/RCC.o
 .group         0x0000000000000000        0xc ./myDrivers/Src/RCC.o
 .group         0x0000000000000000        0xc ./myDrivers/Src/RCC.o
 .group         0x0000000000000000        0xc ./myDrivers/Src/RCC.o
 .group         0x0000000000000000        0xc ./myDrivers/Src/RCC.o
 .group         0x0000000000000000        0xc ./myDrivers/Src/RCC.o
 .group         0x0000000000000000        0xc ./myDrivers/Src/RCC.o
 .group         0x0000000000000000        0xc ./myDrivers/Src/RCC.o
 .group         0x0000000000000000        0xc ./myDrivers/Src/RCC.o
 .group         0x0000000000000000        0xc ./myDrivers/Src/RCC.o
 .group         0x0000000000000000        0xc ./myDrivers/Src/RCC.o
 .group         0x0000000000000000        0xc ./myDrivers/Src/RCC.o
 .group         0x0000000000000000        0xc ./myDrivers/Src/RCC.o
 .group         0x0000000000000000        0xc ./myDrivers/Src/RCC.o
 .group         0x0000000000000000        0xc ./myDrivers/Src/RCC.o
 .group         0x0000000000000000        0xc ./myDrivers/Src/RCC.o
 .group         0x0000000000000000        0xc ./myDrivers/Src/RCC.o
 .group         0x0000000000000000        0xc ./myDrivers/Src/RCC.o
 .group         0x0000000000000000        0xc ./myDrivers/Src/RCC.o
 .group         0x0000000000000000        0xc ./myDrivers/Src/RCC.o
 .text          0x0000000000000000        0x0 ./myDrivers/Src/RCC.o
 .data          0x0000000000000000        0x0 ./myDrivers/Src/RCC.o
 .bss           0x0000000000000000        0x0 ./myDrivers/Src/RCC.o
 .debug_info    0x0000000000000000       0x76 ./myDrivers/Src/RCC.o
 .debug_abbrev  0x0000000000000000       0x29 ./myDrivers/Src/RCC.o
 .debug_aranges
                0x0000000000000000       0x18 ./myDrivers/Src/RCC.o
 .debug_macro   0x0000000000000000      0x185 ./myDrivers/Src/RCC.o
 .debug_macro   0x0000000000000000      0xa78 ./myDrivers/Src/RCC.o
 .debug_macro   0x0000000000000000       0x22 ./myDrivers/Src/RCC.o
 .debug_macro   0x0000000000000000       0x8e ./myDrivers/Src/RCC.o
 .debug_macro   0x0000000000000000       0x51 ./myDrivers/Src/RCC.o
 .debug_macro   0x0000000000000000      0x103 ./myDrivers/Src/RCC.o
 .debug_macro   0x0000000000000000       0x6a ./myDrivers/Src/RCC.o
 .debug_macro   0x0000000000000000      0x1df ./myDrivers/Src/RCC.o
 .debug_macro   0x0000000000000000       0x52 ./myDrivers/Src/RCC.o
 .debug_macro   0x0000000000000000       0x18 ./myDrivers/Src/RCC.o
 .debug_macro   0x0000000000000000       0x3c ./myDrivers/Src/RCC.o
 .debug_macro   0x0000000000000000       0x34 ./myDrivers/Src/RCC.o
 .debug_macro   0x0000000000000000      0x174 ./myDrivers/Src/RCC.o
 .debug_macro   0x0000000000000000       0x16 ./myDrivers/Src/RCC.o
 .debug_macro   0x0000000000000000       0x43 ./myDrivers/Src/RCC.o
 .debug_macro   0x0000000000000000       0x34 ./myDrivers/Src/RCC.o
 .debug_macro   0x0000000000000000       0x10 ./myDrivers/Src/RCC.o
 .debug_macro   0x0000000000000000       0x58 ./myDrivers/Src/RCC.o
 .debug_macro   0x0000000000000000       0x71 ./myDrivers/Src/RCC.o
 .debug_macro   0x0000000000000000       0x1c ./myDrivers/Src/RCC.o
 .debug_macro   0x0000000000000000      0x12a ./myDrivers/Src/RCC.o
 .debug_macro   0x0000000000000000      0x341 ./myDrivers/Src/RCC.o
 .debug_macro   0x0000000000000000       0x10 ./myDrivers/Src/RCC.o
 .debug_macro   0x0000000000000000       0x35 ./myDrivers/Src/RCC.o
 .debug_macro   0x0000000000000000       0x20 ./myDrivers/Src/RCC.o
 .debug_macro   0x0000000000000000      0x235 ./myDrivers/Src/RCC.o
 .debug_macro   0x0000000000000000      0x118 ./myDrivers/Src/RCC.o
 .debug_macro   0x0000000000000000       0xb8 ./myDrivers/Src/RCC.o
 .debug_macro   0x0000000000000000       0x9a ./myDrivers/Src/RCC.o
 .debug_macro   0x0000000000000000       0x64 ./myDrivers/Src/RCC.o
 .debug_line    0x0000000000000000      0x567 ./myDrivers/Src/RCC.o
 .debug_str     0x0000000000000000     0x8f89 ./myDrivers/Src/RCC.o
 .comment       0x0000000000000000       0x51 ./myDrivers/Src/RCC.o
 .ARM.attributes
                0x0000000000000000       0x2e ./myDrivers/Src/RCC.o
 .group         0x0000000000000000        0xc ./myDrivers/Src/SPI.o
 .group         0x0000000000000000        0xc ./myDrivers/Src/SPI.o
 .group         0x0000000000000000        0xc ./myDrivers/Src/SPI.o
 .group         0x0000000000000000        0xc ./myDrivers/Src/SPI.o
 .group         0x0000000000000000        0xc ./myDrivers/Src/SPI.o
 .group         0x0000000000000000        0xc ./myDrivers/Src/SPI.o
 .group         0x0000000000000000        0xc ./myDrivers/Src/SPI.o
 .group         0x0000000000000000        0xc ./myDrivers/Src/SPI.o
 .group         0x0000000000000000        0xc ./myDrivers/Src/SPI.o
 .group         0x0000000000000000        0xc ./myDrivers/Src/SPI.o
 .group         0x0000000000000000        0xc ./myDrivers/Src/SPI.o
 .group         0x0000000000000000        0xc ./myDrivers/Src/SPI.o
 .group         0x0000000000000000        0xc ./myDrivers/Src/SPI.o
 .group         0x0000000000000000        0xc ./myDrivers/Src/SPI.o
 .group         0x0000000000000000        0xc ./myDrivers/Src/SPI.o
 .group         0x0000000000000000        0xc ./myDrivers/Src/SPI.o
 .group         0x0000000000000000        0xc ./myDrivers/Src/SPI.o
 .group         0x0000000000000000        0xc ./myDrivers/Src/SPI.o
 .group         0x0000000000000000        0xc ./myDrivers/Src/SPI.o
 .group         0x0000000000000000        0xc ./myDrivers/Src/SPI.o
 .group         0x0000000000000000        0xc ./myDrivers/Src/SPI.o
 .group         0x0000000000000000        0xc ./myDrivers/Src/SPI.o
 .group         0x0000000000000000        0xc ./myDrivers/Src/SPI.o
 .group         0x0000000000000000        0xc ./myDrivers/Src/SPI.o
 .group         0x0000000000000000        0xc ./myDrivers/Src/SPI.o
 .group         0x0000000000000000        0xc ./myDrivers/Src/SPI.o
 .group         0x0000000000000000        0xc ./myDrivers/Src/SPI.o
 .group         0x0000000000000000        0xc ./myDrivers/Src/SPI.o
 .group         0x0000000000000000        0xc ./myDrivers/Src/SPI.o
 .text          0x0000000000000000        0x0 ./myDrivers/Src/SPI.o
 .data          0x0000000000000000        0x0 ./myDrivers/Src/SPI.o
 .bss           0x0000000000000000        0x0 ./myDrivers/Src/SPI.o
 .text.SPI_CloseISR_RX
                0x0000000000000000       0x36 ./myDrivers/Src/SPI.o
 .text.SPI_ReceiverHelper_16Bits
                0x0000000000000000       0x42 ./myDrivers/Src/SPI.o
 .text.SPI_ReceiverHelper_8Bits
                0x0000000000000000       0x3a ./myDrivers/Src/SPI.o
 .text.SPI_TransmitData
                0x0000000000000000       0x8a ./myDrivers/Src/SPI.o
 .text.SPI_ReceiveData_IT
                0x0000000000000000       0x70 ./myDrivers/Src/SPI.o
 .text.SPI_ReceiveData
                0x0000000000000000       0x7e ./myDrivers/Src/SPI.o
 .text.SPI_GetFlagStatus
                0x0000000000000000       0x2a ./myDrivers/Src/SPI.o
 .debug_macro   0x0000000000000000      0xa78 ./myDrivers/Src/SPI.o
 .debug_macro   0x0000000000000000       0x22 ./myDrivers/Src/SPI.o
 .debug_macro   0x0000000000000000       0x8e ./myDrivers/Src/SPI.o
 .debug_macro   0x0000000000000000       0x51 ./myDrivers/Src/SPI.o
 .debug_macro   0x0000000000000000      0x103 ./myDrivers/Src/SPI.o
 .debug_macro   0x0000000000000000       0x6a ./myDrivers/Src/SPI.o
 .debug_macro   0x0000000000000000      0x1df ./myDrivers/Src/SPI.o
 .debug_macro   0x0000000000000000       0x52 ./myDrivers/Src/SPI.o
 .debug_macro   0x0000000000000000       0x18 ./myDrivers/Src/SPI.o
 .debug_macro   0x0000000000000000       0x3c ./myDrivers/Src/SPI.o
 .debug_macro   0x0000000000000000       0x34 ./myDrivers/Src/SPI.o
 .debug_macro   0x0000000000000000      0x174 ./myDrivers/Src/SPI.o
 .debug_macro   0x0000000000000000       0x16 ./myDrivers/Src/SPI.o
 .debug_macro   0x0000000000000000       0x43 ./myDrivers/Src/SPI.o
 .debug_macro   0x0000000000000000       0x34 ./myDrivers/Src/SPI.o
 .debug_macro   0x0000000000000000       0x10 ./myDrivers/Src/SPI.o
 .debug_macro   0x0000000000000000       0x58 ./myDrivers/Src/SPI.o
 .debug_macro   0x0000000000000000       0x71 ./myDrivers/Src/SPI.o
 .debug_macro   0x0000000000000000       0x1c ./myDrivers/Src/SPI.o
 .debug_macro   0x0000000000000000      0x12a ./myDrivers/Src/SPI.o
 .debug_macro   0x0000000000000000      0x341 ./myDrivers/Src/SPI.o
 .debug_macro   0x0000000000000000       0x10 ./myDrivers/Src/SPI.o
 .debug_macro   0x0000000000000000       0x35 ./myDrivers/Src/SPI.o
 .debug_macro   0x0000000000000000       0x20 ./myDrivers/Src/SPI.o
 .debug_macro   0x0000000000000000      0x235 ./myDrivers/Src/SPI.o
 .debug_macro   0x0000000000000000       0x64 ./myDrivers/Src/SPI.o
 .debug_macro   0x0000000000000000      0x11e ./myDrivers/Src/SPI.o
 .debug_macro   0x0000000000000000       0xb8 ./myDrivers/Src/SPI.o
 .text          0x0000000000000000        0x0 c:/st/stm32cubeide_1.10.1/stm32cubeide/plugins/com.st.stm32cube.ide.mcu.externaltools.gnu-tools-for-stm32.10.3-2021.10.win32_1.0.0.202111181127/tools/bin/../lib/gcc/arm-none-eabi/10.3.1/../../../../arm-none-eabi/lib/thumb/v7e-m/nofp\libc_nano.a(lib_a-errno.o)
 .data          0x0000000000000000        0x0 c:/st/stm32cubeide_1.10.1/stm32cubeide/plugins/com.st.stm32cube.ide.mcu.externaltools.gnu-tools-for-stm32.10.3-2021.10.win32_1.0.0.202111181127/tools/bin/../lib/gcc/arm-none-eabi/10.3.1/../../../../arm-none-eabi/lib/thumb/v7e-m/nofp\libc_nano.a(lib_a-errno.o)
 .bss           0x0000000000000000        0x0 c:/st/stm32cubeide_1.10.1/stm32cubeide/plugins/com.st.stm32cube.ide.mcu.externaltools.gnu-tools-for-stm32.10.3-2021.10.win32_1.0.0.202111181127/tools/bin/../lib/gcc/arm-none-eabi/10.3.1/../../../../arm-none-eabi/lib/thumb/v7e-m/nofp\libc_nano.a(lib_a-errno.o)
 .text.__errno  0x0000000000000000        0xc c:/st/stm32cubeide_1.10.1/stm32cubeide/plugins/com.st.stm32cube.ide.mcu.externaltools.gnu-tools-for-stm32.10.3-2021.10.win32_1.0.0.202111181127/tools/bin/../lib/gcc/arm-none-eabi/10.3.1/../../../../arm-none-eabi/lib/thumb/v7e-m/nofp\libc_nano.a(lib_a-errno.o)
 .debug_frame   0x0000000000000000       0x20 c:/st/stm32cubeide_1.10.1/stm32cubeide/plugins/com.st.stm32cube.ide.mcu.externaltools.gnu-tools-for-stm32.10.3-2021.10.win32_1.0.0.202111181127/tools/bin/../lib/gcc/arm-none-eabi/10.3.1/../../../../arm-none-eabi/lib/thumb/v7e-m/nofp\libc_nano.a(lib_a-errno.o)
 .ARM.attributes
                0x0000000000000000       0x2e c:/st/stm32cubeide_1.10.1/stm32cubeide/plugins/com.st.stm32cube.ide.mcu.externaltools.gnu-tools-for-stm32.10.3-2021.10.win32_1.0.0.202111181127/tools/bin/../lib/gcc/arm-none-eabi/10.3.1/../../../../arm-none-eabi/lib/thumb/v7e-m/nofp\libc_nano.a(lib_a-errno.o)
 .text          0x0000000000000000        0x0 c:/st/stm32cubeide_1.10.1/stm32cubeide/plugins/com.st.stm32cube.ide.mcu.externaltools.gnu-tools-for-stm32.10.3-2021.10.win32_1.0.0.202111181127/tools/bin/../lib/gcc/arm-none-eabi/10.3.1/../../../../arm-none-eabi/lib/thumb/v7e-m/nofp\libc_nano.a(lib_a-exit.o)
 .data          0x0000000000000000        0x0 c:/st/stm32cubeide_1.10.1/stm32cubeide/plugins/com.st.stm32cube.ide.mcu.externaltools.gnu-tools-for-stm32.10.3-2021.10.win32_1.0.0.202111181127/tools/bin/../lib/gcc/arm-none-eabi/10.3.1/../../../../arm-none-eabi/lib/thumb/v7e-m/nofp\libc_nano.a(lib_a-exit.o)
 .bss           0x0000000000000000        0x0 c:/st/stm32cubeide_1.10.1/stm32cubeide/plugins/com.st.stm32cube.ide.mcu.externaltools.gnu-tools-for-stm32.10.3-2021.10.win32_1.0.0.202111181127/tools/bin/../lib/gcc/arm-none-eabi/10.3.1/../../../../arm-none-eabi/lib/thumb/v7e-m/nofp\libc_nano.a(lib_a-exit.o)
 .text.exit     0x0000000000000000       0x28 c:/st/stm32cubeide_1.10.1/stm32cubeide/plugins/com.st.stm32cube.ide.mcu.externaltools.gnu-tools-for-stm32.10.3-2021.10.win32_1.0.0.202111181127/tools/bin/../lib/gcc/arm-none-eabi/10.3.1/../../../../arm-none-eabi/lib/thumb/v7e-m/nofp\libc_nano.a(lib_a-exit.o)
 .debug_frame   0x0000000000000000       0x28 c:/st/stm32cubeide_1.10.1/stm32cubeide/plugins/com.st.stm32cube.ide.mcu.externaltools.gnu-tools-for-stm32.10.3-2021.10.win32_1.0.0.202111181127/tools/bin/../lib/gcc/arm-none-eabi/10.3.1/../../../../arm-none-eabi/lib/thumb/v7e-m/nofp\libc_nano.a(lib_a-exit.o)
 .ARM.attributes
                0x0000000000000000       0x2e c:/st/stm32cubeide_1.10.1/stm32cubeide/plugins/com.st.stm32cube.ide.mcu.externaltools.gnu-tools-for-stm32.10.3-2021.10.win32_1.0.0.202111181127/tools/bin/../lib/gcc/arm-none-eabi/10.3.1/../../../../arm-none-eabi/lib/thumb/v7e-m/nofp\libc_nano.a(lib_a-exit.o)
 .text          0x0000000000000000        0x0 c:/st/stm32cubeide_1.10.1/stm32cubeide/plugins/com.st.stm32cube.ide.mcu.externaltools.gnu-tools-for-stm32.10.3-2021.10.win32_1.0.0.202111181127/tools/bin/../lib/gcc/arm-none-eabi/10.3.1/../../../../arm-none-eabi/lib/thumb/v7e-m/nofp\libc_nano.a(lib_a-impure.o)
 .data          0x0000000000000000        0x0 c:/st/stm32cubeide_1.10.1/stm32cubeide/plugins/com.st.stm32cube.ide.mcu.externaltools.gnu-tools-for-stm32.10.3-2021.10.win32_1.0.0.202111181127/tools/bin/../lib/gcc/arm-none-eabi/10.3.1/../../../../arm-none-eabi/lib/thumb/v7e-m/nofp\libc_nano.a(lib_a-impure.o)
 .bss           0x0000000000000000        0x0 c:/st/stm32cubeide_1.10.1/stm32cubeide/plugins/com.st.stm32cube.ide.mcu.externaltools.gnu-tools-for-stm32.10.3-2021.10.win32_1.0.0.202111181127/tools/bin/../lib/gcc/arm-none-eabi/10.3.1/../../../../arm-none-eabi/lib/thumb/v7e-m/nofp\libc_nano.a(lib_a-impure.o)
 .data._impure_ptr
                0x0000000000000000        0x4 c:/st/stm32cubeide_1.10.1/stm32cubeide/plugins/com.st.stm32cube.ide.mcu.externaltools.gnu-tools-for-stm32.10.3-2021.10.win32_1.0.0.202111181127/tools/bin/../lib/gcc/arm-none-eabi/10.3.1/../../../../arm-none-eabi/lib/thumb/v7e-m/nofp\libc_nano.a(lib_a-impure.o)
 .data.impure_data
                0x0000000000000000       0x60 c:/st/stm32cubeide_1.10.1/stm32cubeide/plugins/com.st.stm32cube.ide.mcu.externaltools.gnu-tools-for-stm32.10.3-2021.10.win32_1.0.0.202111181127/tools/bin/../lib/gcc/arm-none-eabi/10.3.1/../../../../arm-none-eabi/lib/thumb/v7e-m/nofp\libc_nano.a(lib_a-impure.o)
 .rodata._global_impure_ptr
                0x0000000000000000        0x4 c:/st/stm32cubeide_1.10.1/stm32cubeide/plugins/com.st.stm32cube.ide.mcu.externaltools.gnu-tools-for-stm32.10.3-2021.10.win32_1.0.0.202111181127/tools/bin/../lib/gcc/arm-none-eabi/10.3.1/../../../../arm-none-eabi/lib/thumb/v7e-m/nofp\libc_nano.a(lib_a-impure.o)
 .ARM.attributes
                0x0000000000000000       0x2e c:/st/stm32cubeide_1.10.1/stm32cubeide/plugins/com.st.stm32cube.ide.mcu.externaltools.gnu-tools-for-stm32.10.3-2021.10.win32_1.0.0.202111181127/tools/bin/../lib/gcc/arm-none-eabi/10.3.1/../../../../arm-none-eabi/lib/thumb/v7e-m/nofp\libc_nano.a(lib_a-impure.o)
 .text          0x0000000000000000        0x0 c:/st/stm32cubeide_1.10.1/stm32cubeide/plugins/com.st.stm32cube.ide.mcu.externaltools.gnu-tools-for-stm32.10.3-2021.10.win32_1.0.0.202111181127/tools/bin/../lib/gcc/arm-none-eabi/10.3.1/../../../../arm-none-eabi/lib/thumb/v7e-m/nofp\libc_nano.a(lib_a-init.o)
 .data          0x0000000000000000        0x0 c:/st/stm32cubeide_1.10.1/stm32cubeide/plugins/com.st.stm32cube.ide.mcu.externaltools.gnu-tools-for-stm32.10.3-2021.10.win32_1.0.0.202111181127/tools/bin/../lib/gcc/arm-none-eabi/10.3.1/../../../../arm-none-eabi/lib/thumb/v7e-m/nofp\libc_nano.a(lib_a-init.o)
 .bss           0x0000000000000000        0x0 c:/st/stm32cubeide_1.10.1/stm32cubeide/plugins/com.st.stm32cube.ide.mcu.externaltools.gnu-tools-for-stm32.10.3-2021.10.win32_1.0.0.202111181127/tools/bin/../lib/gcc/arm-none-eabi/10.3.1/../../../../arm-none-eabi/lib/thumb/v7e-m/nofp\libc_nano.a(lib_a-init.o)
 .text          0x0000000000000000        0x0 c:/st/stm32cubeide_1.10.1/stm32cubeide/plugins/com.st.stm32cube.ide.mcu.externaltools.gnu-tools-for-stm32.10.3-2021.10.win32_1.0.0.202111181127/tools/bin/../lib/gcc/arm-none-eabi/10.3.1/../../../../arm-none-eabi/lib/thumb/v7e-m/nofp\libc_nano.a(lib_a-memset.o)
 .data          0x0000000000000000        0x0 c:/st/stm32cubeide_1.10.1/stm32cubeide/plugins/com.st.stm32cube.ide.mcu.externaltools.gnu-tools-for-stm32.10.3-2021.10.win32_1.0.0.202111181127/tools/bin/../lib/gcc/arm-none-eabi/10.3.1/../../../../arm-none-eabi/lib/thumb/v7e-m/nofp\libc_nano.a(lib_a-memset.o)
 .bss           0x0000000000000000        0x0 c:/st/stm32cubeide_1.10.1/stm32cubeide/plugins/com.st.stm32cube.ide.mcu.externaltools.gnu-tools-for-stm32.10.3-2021.10.win32_1.0.0.202111181127/tools/bin/../lib/gcc/arm-none-eabi/10.3.1/../../../../arm-none-eabi/lib/thumb/v7e-m/nofp\libc_nano.a(lib_a-memset.o)
 .data          0x0000000000000000        0x0 c:/st/stm32cubeide_1.10.1/stm32cubeide/plugins/com.st.stm32cube.ide.mcu.externaltools.gnu-tools-for-stm32.10.3-2021.10.win32_1.0.0.202111181127/tools/bin/../lib/gcc/arm-none-eabi/10.3.1/../../../../arm-none-eabi/lib/thumb/v7e-m/nofp\libc_nano.a(lib_a-strlen.o)
 .bss           0x0000000000000000        0x0 c:/st/stm32cubeide_1.10.1/stm32cubeide/plugins/com.st.stm32cube.ide.mcu.externaltools.gnu-tools-for-stm32.10.3-2021.10.win32_1.0.0.202111181127/tools/bin/../lib/gcc/arm-none-eabi/10.3.1/../../../../arm-none-eabi/lib/thumb/v7e-m/nofp\libc_nano.a(lib_a-strlen.o)
 .text          0x0000000000000000        0x0 c:/st/stm32cubeide_1.10.1/stm32cubeide/plugins/com.st.stm32cube.ide.mcu.externaltools.gnu-tools-for-stm32.10.3-2021.10.win32_1.0.0.202111181127/tools/bin/../lib/gcc/arm-none-eabi/10.3.1/thumb/v7e-m/nofp/crtend.o
 .data          0x0000000000000000        0x0 c:/st/stm32cubeide_1.10.1/stm32cubeide/plugins/com.st.stm32cube.ide.mcu.externaltools.gnu-tools-for-stm32.10.3-2021.10.win32_1.0.0.202111181127/tools/bin/../lib/gcc/arm-none-eabi/10.3.1/thumb/v7e-m/nofp/crtend.o
 .bss           0x0000000000000000        0x0 c:/st/stm32cubeide_1.10.1/stm32cubeide/plugins/com.st.stm32cube.ide.mcu.externaltools.gnu-tools-for-stm32.10.3-2021.10.win32_1.0.0.202111181127/tools/bin/../lib/gcc/arm-none-eabi/10.3.1/thumb/v7e-m/nofp/crtend.o
 .rodata        0x0000000000000000       0x24 c:/st/stm32cubeide_1.10.1/stm32cubeide/plugins/com.st.stm32cube.ide.mcu.externaltools.gnu-tools-for-stm32.10.3-2021.10.win32_1.0.0.202111181127/tools/bin/../lib/gcc/arm-none-eabi/10.3.1/thumb/v7e-m/nofp/crtend.o
 .eh_frame      0x0000000000000000        0x4 c:/st/stm32cubeide_1.10.1/stm32cubeide/plugins/com.st.stm32cube.ide.mcu.externaltools.gnu-tools-for-stm32.10.3-2021.10.win32_1.0.0.202111181127/tools/bin/../lib/gcc/arm-none-eabi/10.3.1/thumb/v7e-m/nofp/crtend.o
 .ARM.attributes
                0x0000000000000000       0x2e c:/st/stm32cubeide_1.10.1/stm32cubeide/plugins/com.st.stm32cube.ide.mcu.externaltools.gnu-tools-for-stm32.10.3-2021.10.win32_1.0.0.202111181127/tools/bin/../lib/gcc/arm-none-eabi/10.3.1/thumb/v7e-m/nofp/crtend.o
 .text          0x0000000000000000        0x0 c:/st/stm32cubeide_1.10.1/stm32cubeide/plugins/com.st.stm32cube.ide.mcu.externaltools.gnu-tools-for-stm32.10.3-2021.10.win32_1.0.0.202111181127/tools/bin/../lib/gcc/arm-none-eabi/10.3.1/thumb/v7e-m/nofp/crtn.o
 .data          0x0000000000000000        0x0 c:/st/stm32cubeide_1.10.1/stm32cubeide/plugins/com.st.stm32cube.ide.mcu.externaltools.gnu-tools-for-stm32.10.3-2021.10.win32_1.0.0.202111181127/tools/bin/../lib/gcc/arm-none-eabi/10.3.1/thumb/v7e-m/nofp/crtn.o
 .bss           0x0000000000000000        0x0 c:/st/stm32cubeide_1.10.1/stm32cubeide/plugins/com.st.stm32cube.ide.mcu.externaltools.gnu-tools-for-stm32.10.3-2021.10.win32_1.0.0.202111181127/tools/bin/../lib/gcc/arm-none-eabi/10.3.1/thumb/v7e-m/nofp/crtn.o

Memory Configuration

Name             Origin             Length             Attributes
CCMRAM           0x0000000010000000 0x0000000000010000 xrw
RAM              0x0000000020000000 0x0000000000020000 xrw
FLASH            0x0000000008000000 0x0000000000100000 xr
*default*        0x0000000000000000 0xffffffffffffffff

Linker script and memory map

LOAD c:/st/stm32cubeide_1.10.1/stm32cubeide/plugins/com.st.stm32cube.ide.mcu.externaltools.gnu-tools-for-stm32.10.3-2021.10.win32_1.0.0.202111181127/tools/bin/../lib/gcc/arm-none-eabi/10.3.1/thumb/v7e-m/nofp/crti.o
LOAD c:/st/stm32cubeide_1.10.1/stm32cubeide/plugins/com.st.stm32cube.ide.mcu.externaltools.gnu-tools-for-stm32.10.3-2021.10.win32_1.0.0.202111181127/tools/bin/../lib/gcc/arm-none-eabi/10.3.1/thumb/v7e-m/nofp/crtbegin.o
LOAD c:/st/stm32cubeide_1.10.1/stm32cubeide/plugins/com.st.stm32cube.ide.mcu.externaltools.gnu-tools-for-stm32.10.3-2021.10.win32_1.0.0.202111181127/tools/bin/../lib/gcc/arm-none-eabi/10.3.1/../../../../arm-none-eabi/lib/thumb/v7e-m/nofp/crt0.o
LOAD ./Src/main.o
LOAD ./Src/syscalls.o
LOAD ./Src/sysmem.o
LOAD ./Startup/startup_stm32f407vgtx.o
LOAD ./myDrivers/Src/EXTI.o
LOAD ./myDrivers/Src/GPIO.o
LOAD ./myDrivers/Src/RCC.o
LOAD ./myDrivers/Src/SPI.o
START GROUP
LOAD c:/st/stm32cubeide_1.10.1/stm32cubeide/plugins/com.st.stm32cube.ide.mcu.externaltools.gnu-tools-for-stm32.10.3-2021.10.win32_1.0.0.202111181127/tools/bin/../lib/gcc/arm-none-eabi/10.3.1/../../../../arm-none-eabi/lib/thumb/v7e-m/nofp\libc_nano.a
LOAD c:/st/stm32cubeide_1.10.1/stm32cubeide/plugins/com.st.stm32cube.ide.mcu.externaltools.gnu-tools-for-stm32.10.3-2021.10.win32_1.0.0.202111181127/tools/bin/../lib/gcc/arm-none-eabi/10.3.1/../../../../arm-none-eabi/lib/thumb/v7e-m/nofp\libm.a
END GROUP
START GROUP
LOAD c:/st/stm32cubeide_1.10.1/stm32cubeide/plugins/com.st.stm32cube.ide.mcu.externaltools.gnu-tools-for-stm32.10.3-2021.10.win32_1.0.0.202111181127/tools/bin/../lib/gcc/arm-none-eabi/10.3.1/thumb/v7e-m/nofp\libgcc.a
LOAD c:/st/stm32cubeide_1.10.1/stm32cubeide/plugins/com.st.stm32cube.ide.mcu.externaltools.gnu-tools-for-stm32.10.3-2021.10.win32_1.0.0.202111181127/tools/bin/../lib/gcc/arm-none-eabi/10.3.1/../../../../arm-none-eabi/lib/thumb/v7e-m/nofp\libc_nano.a
END GROUP
START GROUP
LOAD c:/st/stm32cubeide_1.10.1/stm32cubeide/plugins/com.st.stm32cube.ide.mcu.externaltools.gnu-tools-for-stm32.10.3-2021.10.win32_1.0.0.202111181127/tools/bin/../lib/gcc/arm-none-eabi/10.3.1/thumb/v7e-m/nofp\libgcc.a
LOAD c:/st/stm32cubeide_1.10.1/stm32cubeide/plugins/com.st.stm32cube.ide.mcu.externaltools.gnu-tools-for-stm32.10.3-2021.10.win32_1.0.0.202111181127/tools/bin/../lib/gcc/arm-none-eabi/10.3.1/../../../../arm-none-eabi/lib/thumb/v7e-m/nofp\libc_nano.a
LOAD c:/st/stm32cubeide_1.10.1/stm32cubeide/plugins/com.st.stm32cube.ide.mcu.externaltools.gnu-tools-for-stm32.10.3-2021.10.win32_1.0.0.202111181127/tools/bin/../lib/gcc/arm-none-eabi/10.3.1/../../../../arm-none-eabi/lib/thumb/v7e-m/nofp\libnosys.a
END GROUP
START GROUP
LOAD c:/st/stm32cubeide_1.10.1/stm32cubeide/plugins/com.st.stm32cube.ide.mcu.externaltools.gnu-tools-for-stm32.10.3-2021.10.win32_1.0.0.202111181127/tools/bin/../lib/gcc/arm-none-eabi/10.3.1/thumb/v7e-m/nofp\libgcc.a
LOAD c:/st/stm32cubeide_1.10.1/stm32cubeide/plugins/com.st.stm32cube.ide.mcu.externaltools.gnu-tools-for-stm32.10.3-2021.10.win32_1.0.0.202111181127/tools/bin/../lib/gcc/arm-none-eabi/10.3.1/../../../../arm-none-eabi/lib/thumb/v7e-m/nofp\libc_nano.a
LOAD c:/st/stm32cubeide_1.10.1/stm32cubeide/plugins/com.st.stm32cube.ide.mcu.externaltools.gnu-tools-for-stm32.10.3-2021.10.win32_1.0.0.202111181127/tools/bin/../lib/gcc/arm-none-eabi/10.3.1/../../../../arm-none-eabi/lib/thumb/v7e-m/nofp\libnosys.a
END GROUP
LOAD c:/st/stm32cubeide_1.10.1/stm32cubeide/plugins/com.st.stm32cube.ide.mcu.externaltools.gnu-tools-for-stm32.10.3-2021.10.win32_1.0.0.202111181127/tools/bin/../lib/gcc/arm-none-eabi/10.3.1/thumb/v7e-m/nofp/crtend.o
LOAD c:/st/stm32cubeide_1.10.1/stm32cubeide/plugins/com.st.stm32cube.ide.mcu.externaltools.gnu-tools-for-stm32.10.3-2021.10.win32_1.0.0.202111181127/tools/bin/../lib/gcc/arm-none-eabi/10.3.1/thumb/v7e-m/nofp/crtn.o
                0x0000000020020000                _estack = (ORIGIN (RAM) + LENGTH (RAM))
                0x0000000000000200                _Min_Heap_Size = 0x200
                0x0000000000000400                _Min_Stack_Size = 0x400

.isr_vector     0x0000000008000000      0x1a8
                0x0000000008000000                . = ALIGN (0x4)
 *(.isr_vector)
 .isr_vector    0x0000000008000000      0x1a8 ./Startup/startup_stm32f407vgtx.o
                0x0000000008000000                g_pfnVectors
                0x00000000080001a8                . = ALIGN (0x4)

.text           0x00000000080001a8      0x8ec
                0x00000000080001a8                . = ALIGN (0x4)
 *(.text)
 .text          0x00000000080001a8       0x40 c:/st/stm32cubeide_1.10.1/stm32cubeide/plugins/com.st.stm32cube.ide.mcu.externaltools.gnu-tools-for-stm32.10.3-2021.10.win32_1.0.0.202111181127/tools/bin/../lib/gcc/arm-none-eabi/10.3.1/thumb/v7e-m/nofp/crtbegin.o
 .text          0x00000000080001e8       0x10 c:/st/stm32cubeide_1.10.1/stm32cubeide/plugins/com.st.stm32cube.ide.mcu.externaltools.gnu-tools-for-stm32.10.3-2021.10.win32_1.0.0.202111181127/tools/bin/../lib/gcc/arm-none-eabi/10.3.1/../../../../arm-none-eabi/lib/thumb/v7e-m/nofp\libc_nano.a(lib_a-strlen.o)
                0x00000000080001e8                strlen
 *(.text*)
 .text.EXTI0_IRQHandler
                0x00000000080001f8       0x54 ./Src/main.o
                0x00000000080001f8                EXTI0_IRQHandler
 .text.SPI1_IRQHandler
                0x000000000800024c       0x14 ./Src/main.o
                0x000000000800024c                SPI1_IRQHandler
 .text.main     0x0000000008000260       0x16 ./Src/main.o
                0x0000000008000260                main
 *fill*         0x0000000008000276        0x2 
 .text.GPIO_LedConfig
                0x0000000008000278       0xa0 ./Src/main.o
 .text.GPIO_ButtonInterruptConfig
                0x0000000008000318       0x70 ./Src/main.o
 .text.SPI_Config
                0x0000000008000388       0x80 ./Src/main.o
 .text.SPI_GPIO_Config
                0x0000000008000408       0x44 ./Src/main.o
 .text.Reset_Handler
                0x000000000800044c       0x50 ./Startup/startup_stm32f407vgtx.o
                0x000000000800044c                Reset_Handler
 .text.Default_Handler
                0x000000000800049c        0x2 ./Startup/startup_stm32f407vgtx.o
                0x000000000800049c                RTC_Alarm_IRQHandler
                0x000000000800049c                HASH_RNG_IRQHandler
                0x000000000800049c                EXTI2_IRQHandler
                0x000000000800049c                TIM8_CC_IRQHandler
                0x000000000800049c                DebugMon_Handler
                0x000000000800049c                TIM1_CC_IRQHandler
                0x000000000800049c                DMA2_Stream5_IRQHandler
                0x000000000800049c                HardFault_Handler
                0x000000000800049c                DMA1_Stream5_IRQHandler
                0x000000000800049c                SysTick_Handler
                0x000000000800049c                PVD_IRQHandler
                0x000000000800049c                SDIO_IRQHandler
                0x000000000800049c                TAMP_STAMP_IRQHandler
                0x000000000800049c                PendSV_Handler
                0x000000000800049c                NMI_Handler
                0x000000000800049c                CAN2_RX1_IRQHandler
                0x000000000800049c                EXTI3_IRQHandler
                0x000000000800049c                TIM8_TRG_COM_TIM14_IRQHandler
                0x000000000800049c                TIM1_UP_TIM10_IRQHandler
                0x000000000800049c                TIM8_UP_TIM13_IRQHandler
                0x000000000800049c                I2C3_ER_IRQHandler
                0x000000000800049c                LCD_TFT_IRQHandler
                0x000000000800049c                I2C2_EV_IRQHandler
                0x000000000800049c                DMA1_Stream2_IRQHandler
                0x000000000800049c                CAN1_RX0_IRQHandler
                0x000000000800049c                FPU_IRQHandler
                0x000000000800049c                OTG_HS_WKUP_IRQHandler
                0x000000000800049c                UsageFault_Handler
                0x000000000800049c                CAN2_SCE_IRQHandler
                0x000000000800049c                DMA2_Stream2_IRQHandler
                0x000000000800049c                TIM6_DAC_IRQHandler
                0x000000000800049c                TIM1_BRK_TIM9_IRQHandler
                0x000000000800049c                DCMI_IRQHandler
                0x000000000800049c                CAN2_RX0_IRQHandler
                0x000000000800049c                DMA2_Stream3_IRQHandler
                0x000000000800049c                USART6_IRQHandler
                0x000000000800049c                USART3_IRQHandler
                0x000000000800049c                CRYP_IRQHandler
                0x000000000800049c                CAN1_RX1_IRQHandler
                0x000000000800049c                UART5_IRQHandler
                0x000000000800049c                DMA2_Stream0_IRQHandler
                0x000000000800049c                TIM4_IRQHandler
                0x000000000800049c                I2C1_EV_IRQHandler
                0x000000000800049c                DMA1_Stream6_IRQHandler
                0x000000000800049c                DMA1_Stream1_IRQHandler
                0x000000000800049c                UART4_IRQHandler
                0x000000000800049c                LCD_TFT_1_IRQHandler
                0x000000000800049c                TIM3_IRQHandler
                0x000000000800049c                RCC_IRQHandler
                0x000000000800049c                TIM8_BRK_TIM12_IRQHandler
                0x000000000800049c                Default_Handler
                0x000000000800049c                EXTI15_10_IRQHandler
                0x000000000800049c                ADC_IRQHandler
                0x000000000800049c                DMA1_Stream7_IRQHandler
                0x000000000800049c                TIM7_IRQHandler
                0x000000000800049c                CAN2_TX_IRQHandler
                0x000000000800049c                TIM5_IRQHandler
                0x000000000800049c                DMA2_Stream7_IRQHandler
                0x000000000800049c                I2C3_EV_IRQHandler
                0x000000000800049c                EXTI9_5_IRQHandler
                0x000000000800049c                RTC_WKUP_IRQHandler
                0x000000000800049c                ETH_WKUP_IRQHandler
                0x000000000800049c                SPI2_IRQHandler
                0x000000000800049c                OTG_HS_EP1_IN_IRQHandler
                0x000000000800049c                MemManage_Handler
                0x000000000800049c                DMA1_Stream0_IRQHandler
                0x000000000800049c                CAN1_TX_IRQHandler
                0x000000000800049c                SVC_Handler
                0x000000000800049c                EXTI4_IRQHandler
                0x000000000800049c                FSMC_IRQHandler
                0x000000000800049c                ETH_IRQHandler
                0x000000000800049c                OTG_HS_EP1_OUT_IRQHandler
                0x000000000800049c                WWDG_IRQHandler
                0x000000000800049c                TIM2_IRQHandler
                0x000000000800049c                OTG_FS_WKUP_IRQHandler
                0x000000000800049c                TIM1_TRG_COM_TIM11_IRQHandler
                0x000000000800049c                OTG_HS_IRQHandler
                0x000000000800049c                EXTI1_IRQHandler
                0x000000000800049c                USART2_IRQHandler
                0x000000000800049c                I2C2_ER_IRQHandler
                0x000000000800049c                DMA2_Stream1_IRQHandler
                0x000000000800049c                CAN1_SCE_IRQHandler
                0x000000000800049c                DMA2_Stream4_IRQHandler
                0x000000000800049c                BusFault_Handler
                0x000000000800049c                USART1_IRQHandler
                0x000000000800049c                OTG_FS_IRQHandler
                0x000000000800049c                SPI3_IRQHandler
                0x000000000800049c                DMA1_Stream4_IRQHandler
                0x000000000800049c                I2C1_ER_IRQHandler
                0x000000000800049c                DMA2_Stream6_IRQHandler
                0x000000000800049c                DMA1_Stream3_IRQHandler
 *fill*         0x000000000800049e        0x2 
 .text.EXTI_Init
                0x00000000080004a0      0x120 ./myDrivers/Src/EXTI.o
                0x00000000080004a0                EXTI_Init
 .text.EXTI_LineConfig
                0x00000000080005c0       0x68 ./myDrivers/Src/EXTI.o
                0x00000000080005c0                EXTI_LineConfig
 .text.NVIC_EnableInterrupt
                0x0000000008000628       0x66 ./myDrivers/Src/EXTI.o
                0x0000000008000628                NVIC_EnableInterrupt
 .text.GPIO_Init
                0x000000000800068e      0x16c ./myDrivers/Src/GPIO.o
                0x000000000800068e                GPIO_Init
 .text.SPI_CloseISR_TX
                0x00000000080007fa       0x36 ./myDrivers/Src/SPI.o
 .text.SPI_TransmitHelper_16Bits
                0x0000000008000830       0x34 ./myDrivers/Src/SPI.o
 .text.SPI_TransmitHelper_8Bits
                0x0000000008000864       0x40 ./myDrivers/Src/SPI.o
 .text.SPI_Init
                0x00000000080008a4       0x5a ./myDrivers/Src/SPI.o
                0x00000000080008a4                SPI_Init
 .text.SPI_PeriphCmd
                0x00000000080008fe       0x3e ./myDrivers/Src/SPI.o
                0x00000000080008fe                SPI_PeriphCmd
 .text.SPI_TransmitData_IT
                0x000000000800093c       0x70 ./myDrivers/Src/SPI.o
                0x000000000800093c                SPI_TransmitData_IT
 .text.SPI_InterruptHandler
                0x00000000080009ac       0x78 ./myDrivers/Src/SPI.o
                0x00000000080009ac                SPI_InterruptHandler
 .text.__libc_init_array
                0x0000000008000a24       0x48 c:/st/stm32cubeide_1.10.1/stm32cubeide/plugins/com.st.stm32cube.ide.mcu.externaltools.gnu-tools-for-stm32.10.3-2021.10.win32_1.0.0.202111181127/tools/bin/../lib/gcc/arm-none-eabi/10.3.1/../../../../arm-none-eabi/lib/thumb/v7e-m/nofp\libc_nano.a(lib_a-init.o)
                0x0000000008000a24                __libc_init_array
 .text.memset   0x0000000008000a6c       0x10 c:/st/stm32cubeide_1.10.1/stm32cubeide/plugins/com.st.stm32cube.ide.mcu.externaltools.gnu-tools-for-stm32.10.3-2021.10.win32_1.0.0.202111181127/tools/bin/../lib/gcc/arm-none-eabi/10.3.1/../../../../arm-none-eabi/lib/thumb/v7e-m/nofp\libc_nano.a(lib_a-memset.o)
                0x0000000008000a6c                memset
 *(.glue_7)
 .glue_7        0x0000000008000a7c        0x0 linker stubs
 *(.glue_7t)
 .glue_7t       0x0000000008000a7c        0x0 linker stubs
 *(.eh_frame)
 .eh_frame      0x0000000008000a7c        0x0 c:/st/stm32cubeide_1.10.1/stm32cubeide/plugins/com.st.stm32cube.ide.mcu.externaltools.gnu-tools-for-stm32.10.3-2021.10.win32_1.0.0.202111181127/tools/bin/../lib/gcc/arm-none-eabi/10.3.1/thumb/v7e-m/nofp/crtbegin.o
 *(.init)
 .init          0x0000000008000a7c        0x4 c:/st/stm32cubeide_1.10.1/stm32cubeide/plugins/com.st.stm32cube.ide.mcu.externaltools.gnu-tools-for-stm32.10.3-2021.10.win32_1.0.0.202111181127/tools/bin/../lib/gcc/arm-none-eabi/10.3.1/thumb/v7e-m/nofp/crti.o
                0x0000000008000a7c                _init
 .init          0x0000000008000a80        0x8 c:/st/stm32cubeide_1.10.1/stm32cubeide/plugins/com.st.stm32cube.ide.mcu.externaltools.gnu-tools-for-stm32.10.3-2021.10.win32_1.0.0.202111181127/tools/bin/../lib/gcc/arm-none-eabi/10.3.1/thumb/v7e-m/nofp/crtn.o
 *(.fini)
 .fini          0x0000000008000a88        0x4 c:/st/stm32cubeide_1.10.1/stm32cubeide/plugins/com.st.stm32cube.ide.mcu.externaltools.gnu-tools-for-stm32.10.3-2021.10.win32_1.0.0.202111181127/tools/bin/../lib/gcc/arm-none-eabi/10.3.1/thumb/v7e-m/nofp/crti.o
                0x0000000008000a88                _fini
 .fini          0x0000000008000a8c        0x8 c:/st/stm32cubeide_1.10.1/stm32cubeide/plugins/com.st.stm32cube.ide.mcu.externaltools.gnu-tools-for-stm32.10.3-2021.10.win32_1.0.0.202111181127/tools/bin/../lib/gcc/arm-none-eabi/10.3.1/thumb/v7e-m/nofp/crtn.o
                0x0000000008000a94                . = ALIGN (0x4)
                0x0000000008000a94                _etext = .

.vfp11_veneer   0x0000000008000a94        0x0
 .vfp11_veneer  0x0000000008000a94        0x0 linker stubs

.v4_bx          0x0000000008000a94        0x0
 .v4_bx         0x0000000008000a94        0x0 linker stubs

.iplt           0x0000000008000a94        0x0
 .iplt          0x0000000008000a94        0x0 c:/st/stm32cubeide_1.10.1/stm32cubeide/plugins/com.st.stm32cube.ide.mcu.externaltools.gnu-tools-for-stm32.10.3-2021.10.win32_1.0.0.202111181127/tools/bin/../lib/gcc/arm-none-eabi/10.3.1/thumb/v7e-m/nofp/crtbegin.o

.rodata         0x0000000008000a94       0x10
                0x0000000008000a94                . = ALIGN (0x4)
 *(.rodata)
 .rodata        0x0000000008000a94        0xd ./Src/main.o
 *(.rodata*)
                0x0000000008000aa4                . = ALIGN (0x4)
 *fill*         0x0000000008000aa1        0x3 

.rel.dyn        0x0000000008000aa4        0x0
 .rel.iplt      0x0000000008000aa4        0x0 c:/st/stm32cubeide_1.10.1/stm32cubeide/plugins/com.st.stm32cube.ide.mcu.externaltools.gnu-tools-for-stm32.10.3-2021.10.win32_1.0.0.202111181127/tools/bin/../lib/gcc/arm-none-eabi/10.3.1/thumb/v7e-m/nofp/crtbegin.o

.ARM.extab      0x0000000008000aa4        0x0
                0x0000000008000aa4                . = ALIGN (0x4)
 *(.ARM.extab* .gnu.linkonce.armextab.*)
                0x0000000008000aa4                . = ALIGN (0x4)

.ARM            0x0000000008000aa4        0x0
                0x0000000008000aa4                . = ALIGN (0x4)
                0x0000000008000aa4                __exidx_start = .
 *(.ARM.exidx*)
                0x0000000008000aa4                __exidx_end = .
                0x0000000008000aa4                . = ALIGN (0x4)

.preinit_array  0x0000000008000aa4        0x0
                0x0000000008000aa4                . = ALIGN (0x4)
                0x0000000008000aa4                PROVIDE (__preinit_array_start = .)
 *(.preinit_array*)
                0x0000000008000aa4                PROVIDE (__preinit_array_end = .)
                0x0000000008000aa4                . = ALIGN (0x4)

.init_array     0x0000000008000aa4        0x4
                0x0000000008000aa4                . = ALIGN (0x4)
                0x0000000008000aa4                PROVIDE (__init_array_start = .)
 *(SORT_BY_NAME(.init_array.*))
 *(.init_array*)
 .init_array    0x0000000008000aa4        0x4 c:/st/stm32cubeide_1.10.1/stm32cubeide/plugins/com.st.stm32cube.ide.mcu.externaltools.gnu-tools-for-stm32.10.3-2021.10.win32_1.0.0.202111181127/tools/bin/../lib/gcc/arm-none-eabi/10.3.1/thumb/v7e-m/nofp/crtbegin.o
                0x0000000008000aa8                PROVIDE (__init_array_end = .)
                0x0000000008000aa8                . = ALIGN (0x4)

.fini_array     0x0000000008000aa8        0x4
                0x0000000008000aa8                . = ALIGN (0x4)
                [!provide]                        PROVIDE (__fini_array_start = .)
 *(SORT_BY_NAME(.fini_array.*))
 *(.fini_array*)
 .fini_array    0x0000000008000aa8        0x4 c:/st/stm32cubeide_1.10.1/stm32cubeide/plugins/com.st.stm32cube.ide.mcu.externaltools.gnu-tools-for-stm32.10.3-2021.10.win32_1.0.0.202111181127/tools/bin/../lib/gcc/arm-none-eabi/10.3.1/thumb/v7e-m/nofp/crtbegin.o
                [!provide]                        PROVIDE (__fini_array_end = .)
                0x0000000008000aac                . = ALIGN (0x4)
                0x0000000008000aac                _sidata = LOADADDR (.data)

.data           0x0000000020000000        0x0 load address 0x0000000008000aac
                0x0000000020000000                . = ALIGN (0x4)
                0x0000000020000000                _sdata = .
 *(.data)
 *(.data*)
 *(.RamFunc)
 *(.RamFunc*)
                0x0000000020000000                . = ALIGN (0x4)
                0x0000000020000000                _edata = .
                0x0000000008000aac                _siccmram = LOADADDR (.ccmram)

.igot.plt       0x0000000020000000        0x0 load address 0x0000000008000aac
 .igot.plt      0x0000000020000000        0x0 c:/st/stm32cubeide_1.10.1/stm32cubeide/plugins/com.st.stm32cube.ide.mcu.externaltools.gnu-tools-for-stm32.10.3-2021.10.win32_1.0.0.202111181127/tools/bin/../lib/gcc/arm-none-eabi/10.3.1/thumb/v7e-m/nofp/crtbegin.o

.ccmram         0x0000000010000000        0x0 load address 0x0000000008000aac
                0x0000000010000000                . = ALIGN (0x4)
                0x0000000010000000                _sccmram = .
 *(.ccmram)
 *(.ccmram*)
                0x0000000010000000                . = ALIGN (0x4)
                0x0000000010000000                _eccmram = .
                0x0000000010000000                . = ALIGN (0x4)

.bss            0x0000000020000000       0x58
                0x0000000020000000                _sbss = .
                0x0000000020000000                __bss_start__ = _sbss
 *(.bss)
 .bss           0x0000000020000000       0x1c c:/st/stm32cubeide_1.10.1/stm32cubeide/plugins/com.st.stm32cube.ide.mcu.externaltools.gnu-tools-for-stm32.10.3-2021.10.win32_1.0.0.202111181127/tools/bin/../lib/gcc/arm-none-eabi/10.3.1/thumb/v7e-m/nofp/crtbegin.o
 *(.bss*)
 .bss.SPI_Handle
                0x000000002000001c       0x3c ./Src/main.o
                0x000000002000001c                SPI_Handle
 *(COMMON)
                0x0000000020000058                . = ALIGN (0x4)
                0x0000000020000058                _ebss = .
                0x0000000020000058                __bss_end__ = _ebss

._user_heap_stack
                0x0000000020000058      0x600
                0x0000000020000058                . = ALIGN (0x8)
                [!provide]                        PROVIDE (end = .)
                0x0000000020000058                PROVIDE (_end = .)
                0x0000000020000258                . = (. + _Min_Heap_Size)
 *fill*         0x0000000020000058      0x200 
                0x0000000020000658                . = (. + _Min_Stack_Size)
 *fill*         0x0000000020000258      0x400 
                0x0000000020000658                . = ALIGN (0x8)

/DISCARD/
 libc.a(*)
 libm.a(*)
 libgcc.a(*)

.ARM.attributes
                0x0000000000000000       0x2a
 *(.ARM.attributes)
 .ARM.attributes
                0x0000000000000000       0x1e c:/st/stm32cubeide_1.10.1/stm32cubeide/plugins/com.st.stm32cube.ide.mcu.externaltools.gnu-tools-for-stm32.10.3-2021.10.win32_1.0.0.202111181127/tools/bin/../lib/gcc/arm-none-eabi/10.3.1/thumb/v7e-m/nofp/crti.o
 .ARM.attributes
                0x000000000000001e       0x2e c:/st/stm32cubeide_1.10.1/stm32cubeide/plugins/com.st.stm32cube.ide.mcu.externaltools.gnu-tools-for-stm32.10.3-2021.10.win32_1.0.0.202111181127/tools/bin/../lib/gcc/arm-none-eabi/10.3.1/thumb/v7e-m/nofp/crtbegin.o
 .ARM.attributes
                0x000000000000004c       0x2e ./Src/main.o
 .ARM.attributes
                0x000000000000007a       0x21 ./Startup/startup_stm32f407vgtx.o
 .ARM.attributes
                0x000000000000009b       0x2e ./myDrivers/Src/EXTI.o
 .ARM.attributes
                0x00000000000000c9       0x2e ./myDrivers/Src/GPIO.o
 .ARM.attributes
                0x00000000000000f7       0x2e ./myDrivers/Src/SPI.o
 .ARM.attributes
                0x0000000000000125       0x2e c:/st/stm32cubeide_1.10.1/stm32cubeide/plugins/com.st.stm32cube.ide.mcu.externaltools.gnu-tools-for-stm32.10.3-2021.10.win32_1.0.0.202111181127/tools/bin/../lib/gcc/arm-none-eabi/10.3.1/../../../../arm-none-eabi/lib/thumb/v7e-m/nofp\libc_nano.a(lib_a-init.o)
 .ARM.attributes
                0x0000000000000153       0x2e c:/st/stm32cubeide_1.10.1/stm32cubeide/plugins/com.st.stm32cube.ide.mcu.externaltools.gnu-tools-for-stm32.10.3-2021.10.win32_1.0.0.202111181127/tools/bin/../lib/gcc/arm-none-eabi/10.3.1/../../../../arm-none-eabi/lib/thumb/v7e-m/nofp\libc_nano.a(lib_a-memset.o)
 .ARM.attributes
                0x0000000000000181       0x17 c:/st/stm32cubeide_1.10.1/stm32cubeide/plugins/com.st.stm32cube.ide.mcu.externaltools.gnu-tools-for-stm32.10.3-2021.10.win32_1.0.0.202111181127/tools/bin/../lib/gcc/arm-none-eabi/10.3.1/../../../../arm-none-eabi/lib/thumb/v7e-m/nofp\libc_nano.a(lib_a-strlen.o)
 .ARM.attributes
                0x0000000000000198       0x1e c:/st/stm32cubeide_1.10.1/stm32cubeide/plugins/com.st.stm32cube.ide.mcu.externaltools.gnu-tools-for-stm32.10.3-2021.10.win32_1.0.0.202111181127/tools/bin/../lib/gcc/arm-none-eabi/10.3.1/thumb/v7e-m/nofp/crtn.o
OUTPUT(driverDevelopment.elf elf32-littlearm)
LOAD linker stubs
LOAD c:/st/stm32cubeide_1.10.1/stm32cubeide/plugins/com.st.stm32cube.ide.mcu.externaltools.gnu-tools-for-stm32.10.3-2021.10.win32_1.0.0.202111181127/tools/bin/../lib/gcc/arm-none-eabi/10.3.1/../../../../arm-none-eabi/lib/thumb/v7e-m/nofp\libc.a
LOAD c:/st/stm32cubeide_1.10.1/stm32cubeide/plugins/com.st.stm32cube.ide.mcu.externaltools.gnu-tools-for-stm32.10.3-2021.10.win32_1.0.0.202111181127/tools/bin/../lib/gcc/arm-none-eabi/10.3.1/../../../../arm-none-eabi/lib/thumb/v7e-m/nofp\libm.a
LOAD c:/st/stm32cubeide_1.10.1/stm32cubeide/plugins/com.st.stm32cube.ide.mcu.externaltools.gnu-tools-for-stm32.10.3-2021.10.win32_1.0.0.202111181127/tools/bin/../lib/gcc/arm-none-eabi/10.3.1/thumb/v7e-m/nofp\libgcc.a

.debug_info     0x0000000000000000     0x1553
 .debug_info    0x0000000000000000      0x8cd ./Src/main.o
 .debug_info    0x00000000000008cd       0x22 ./Startup/startup_stm32f407vgtx.o
 .debug_info    0x00000000000008ef      0x2d9 ./myDrivers/Src/EXTI.o
 .debug_info    0x0000000000000bc8      0x379 ./myDrivers/Src/GPIO.o
 .debug_info    0x0000000000000f41      0x612 ./myDrivers/Src/SPI.o

.debug_abbrev   0x0000000000000000      0x572
 .debug_abbrev  0x0000000000000000      0x1ab ./Src/main.o
 .debug_abbrev  0x00000000000001ab       0x12 ./Startup/startup_stm32f407vgtx.o
 .debug_abbrev  0x00000000000001bd       0xe9 ./myDrivers/Src/EXTI.o
 .debug_abbrev  0x00000000000002a6      0x110 ./myDrivers/Src/GPIO.o
 .debug_abbrev  0x00000000000003b6      0x1bc ./myDrivers/Src/SPI.o

.debug_aranges  0x0000000000000000      0x170
 .debug_aranges
                0x0000000000000000       0x50 ./Src/main.o
 .debug_aranges
                0x0000000000000050       0x28 ./Startup/startup_stm32f407vgtx.o
 .debug_aranges
                0x0000000000000078       0x30 ./myDrivers/Src/EXTI.o
 .debug_aranges
                0x00000000000000a8       0x40 ./myDrivers/Src/GPIO.o
 .debug_aranges
                0x00000000000000e8       0x88 ./myDrivers/Src/SPI.o

.debug_ranges   0x0000000000000000      0x128
 .debug_ranges  0x0000000000000000       0x40 ./Src/main.o
 .debug_ranges  0x0000000000000040       0x20 ./Startup/startup_stm32f407vgtx.o
 .debug_ranges  0x0000000000000060       0x20 ./myDrivers/Src/EXTI.o
 .debug_ranges  0x0000000000000080       0x30 ./myDrivers/Src/GPIO.o
 .debug_ranges  0x00000000000000b0       0x78 ./myDrivers/Src/SPI.o

.debug_macro    0x0000000000000000     0x24d6
 .debug_macro   0x0000000000000000      0x17b ./Src/main.o
 .debug_macro   0x000000000000017b      0xa78 ./Src/main.o
 .debug_macro   0x0000000000000bf3       0x22 ./Src/main.o
 .debug_macro   0x0000000000000c15       0x8e ./Src/main.o
 .debug_macro   0x0000000000000ca3       0x51 ./Src/main.o
 .debug_macro   0x0000000000000cf4      0x103 ./Src/main.o
 .debug_macro   0x0000000000000df7       0x6a ./Src/main.o
 .debug_macro   0x0000000000000e61      0x1df ./Src/main.o
 .debug_macro   0x0000000000001040       0x52 ./Src/main.o
 .debug_macro   0x0000000000001092       0x18 ./Src/main.o
 .debug_macro   0x00000000000010aa       0x3c ./Src/main.o
 .debug_macro   0x00000000000010e6       0x34 ./Src/main.o
 .debug_macro   0x000000000000111a      0x174 ./Src/main.o
 .debug_macro   0x000000000000128e       0x16 ./Src/main.o
 .debug_macro   0x00000000000012a4       0x43 ./Src/main.o
 .debug_macro   0x00000000000012e7       0x34 ./Src/main.o
 .debug_macro   0x000000000000131b       0x10 ./Src/main.o
 .debug_macro   0x000000000000132b       0x58 ./Src/main.o
 .debug_macro   0x0000000000001383       0x71 ./Src/main.o
 .debug_macro   0x00000000000013f4       0x1c ./Src/main.o
 .debug_macro   0x0000000000001410      0x12a ./Src/main.o
 .debug_macro   0x000000000000153a      0x341 ./Src/main.o
 .debug_macro   0x000000000000187b       0x10 ./Src/main.o
 .debug_macro   0x000000000000188b       0x35 ./Src/main.o
 .debug_macro   0x00000000000018c0       0x20 ./Src/main.o
 .debug_macro   0x00000000000018e0      0x235 ./Src/main.o
 .debug_macro   0x0000000000001b15       0x64 ./Src/main.o
 .debug_macro   0x0000000000001b79      0x11e ./Src/main.o
 .debug_macro   0x0000000000001c97       0xb8 ./Src/main.o
 .debug_macro   0x0000000000001d4f       0x9a ./Src/main.o
 .debug_macro   0x0000000000001de9      0x185 ./myDrivers/Src/EXTI.o
 .debug_macro   0x0000000000001f6e       0xb2 ./myDrivers/Src/EXTI.o
 .debug_macro   0x0000000000002020      0x185 ./myDrivers/Src/GPIO.o
 .debug_macro   0x00000000000021a5      0x118 ./myDrivers/Src/GPIO.o
 .debug_macro   0x00000000000022bd      0x185 ./myDrivers/Src/SPI.o
 .debug_macro   0x0000000000002442       0x94 ./myDrivers/Src/SPI.o

.debug_line     0x0000000000000000     0x1d65
 .debug_line    0x0000000000000000      0x67f ./Src/main.o
 .debug_line    0x000000000000067f       0x84 ./Startup/startup_stm32f407vgtx.o
 .debug_line    0x0000000000000703      0x6ab ./myDrivers/Src/EXTI.o
 .debug_line    0x0000000000000dae      0x6f2 ./myDrivers/Src/GPIO.o
 .debug_line    0x00000000000014a0      0x8c5 ./myDrivers/Src/SPI.o

.debug_str      0x0000000000000000     0x956e
 .debug_str     0x0000000000000000     0x9259 ./Src/main.o
                                       0x947f (size before relaxing)
 .debug_str     0x0000000000009259       0x31 ./Startup/startup_stm32f407vgtx.o
                                         0x85 (size before relaxing)
 .debug_str     0x000000000000928a       0x69 ./myDrivers/Src/EXTI.o
                                       0x9141 (size before relaxing)
 .debug_str     0x00000000000092f3       0xd9 ./myDrivers/Src/GPIO.o
                                       0x90f8 (size before relaxing)
 .debug_str     0x00000000000093cc      0x1a2 ./myDrivers/Src/SPI.o
                                       0x92df (size before relaxing)

.comment        0x0000000000000000       0x50
 .comment       0x0000000000000000       0x50 ./Src/main.o
                                         0x51 (size before relaxing)
 .comment       0x0000000000000050       0x51 ./myDrivers/Src/EXTI.o
 .comment       0x0000000000000050       0x51 ./myDrivers/Src/GPIO.o
 .comment       0x0000000000000050       0x51 ./myDrivers/Src/SPI.o

.debug_frame    0x0000000000000000      0x4d8
 .debug_frame   0x0000000000000000      0x100 ./Src/main.o
 .debug_frame   0x0000000000000100       0x88 ./myDrivers/Src/EXTI.o
 .debug_frame   0x0000000000000188       0xd8 ./myDrivers/Src/GPIO.o
 .debug_frame   0x0000000000000260      0x22c ./myDrivers/Src/SPI.o
 .debug_frame   0x000000000000048c       0x2c c:/st/stm32cubeide_1.10.1/stm32cubeide/plugins/com.st.stm32cube.ide.mcu.externaltools.gnu-tools-for-stm32.10.3-2021.10.win32_1.0.0.202111181127/tools/bin/../lib/gcc/arm-none-eabi/10.3.1/../../../../arm-none-eabi/lib/thumb/v7e-m/nofp\libc_nano.a(lib_a-init.o)
 .debug_frame   0x00000000000004b8       0x20 c:/st/stm32cubeide_1.10.1/stm32cubeide/plugins/com.st.stm32cube.ide.mcu.externaltools.gnu-tools-for-stm32.10.3-2021.10.win32_1.0.0.202111181127/tools/bin/../lib/gcc/arm-none-eabi/10.3.1/../../../../arm-none-eabi/lib/thumb/v7e-m/nofp\libc_nano.a(lib_a-memset.o)
